Component: ARM Compiler 6.16 Tool: armlink [5dfeaa00]

==============================================================================

Section Cross References

    main.o(.text.main) refers to al01_board_iq_aed_rev20191011.o(.text.board_hardware_configuration) for board_hardware_configuration
    main.o(.text.main) refers to al03_motor_3phase_driver.o(.text.motor_3phase_init) for motor_3phase_init
    main.o(.text.main) refers to al03_motor_3phase_driver.o(.text.motor_3phase_start_motor) for motor_3phase_start_motor
    main.o(.text.main) refers to ht32f5xxxx_tm.o(.text.TM_IntConfig) for TM_IntConfig
    main.o(.text.main) refers to al03_motor_3phase_driver.o(.text.motor_3phase_task) for motor_3phase_task
    main.o(.text.main) refers to al03_vbus_control.o(.text.check_VBus_task) for check_VBus_task
    main.o(.ARM.exidx.text.main) refers to main.o(.text.main) for [Anonymous Symbol]
    ht32f5xxxx_01_it.o(.ARM.exidx.text.NMI_Handler) refers to ht32f5xxxx_01_it.o(.text.NMI_Handler) for [Anonymous Symbol]
    ht32f5xxxx_01_it.o(.text.HardFault_Handler) refers to ht32f5xxxx_01_it.o(.bss.HardFault_Handler.gIsContinue) for [Anonymous Symbol]
    ht32f5xxxx_01_it.o(.ARM.exidx.text.HardFault_Handler) refers to ht32f5xxxx_01_it.o(.text.HardFault_Handler) for [Anonymous Symbol]
    ht32f5xxxx_01_it.o(.ARM.exidx.text.SVC_Handler) refers to ht32f5xxxx_01_it.o(.text.SVC_Handler) for [Anonymous Symbol]
    ht32f5xxxx_01_it.o(.ARM.exidx.text.PendSV_Handler) refers to ht32f5xxxx_01_it.o(.text.PendSV_Handler) for [Anonymous Symbol]
    al00_micro_ht32f52241.o(.ARM.exidx.text.empty_func_to_avoid_hard_fault) refers to al00_micro_ht32f52241.o(.text.empty_func_to_avoid_hard_fault) for [Anonymous Symbol]
    al00_micro_ht32f52241.o(.text.Systick_GetTick) refers to al00_micro_ht32f52241.o(.bss.TickCount) for [Anonymous Symbol]
    al00_micro_ht32f52241.o(.ARM.exidx.text.Systick_GetTick) refers to al00_micro_ht32f52241.o(.text.Systick_GetTick) for [Anonymous Symbol]
    al00_micro_ht32f52241.o(.text.SysTick_Handler) refers to al00_micro_ht32f52241.o(.bss.TickCount) for [Anonymous Symbol]
    al00_micro_ht32f52241.o(.ARM.exidx.text.SysTick_Handler) refers to al00_micro_ht32f52241.o(.text.SysTick_Handler) for [Anonymous Symbol]
    al00_micro_ht32f52241.o(.text.hardware_gpio_config_output_pp_pins_load_config) refers to al00_micro_ht32f52241.o(.rodata.GPIO_PORTs) for [Anonymous Symbol]
    al00_micro_ht32f52241.o(.text.hardware_gpio_config_output_pp_pins_load_config) refers to al00_micro_ht32f52241.o(.bss.gpio_config_output_pp_pins) for [Anonymous Symbol]
    al00_micro_ht32f52241.o(.ARM.exidx.text.hardware_gpio_config_output_pp_pins_load_config) refers to al00_micro_ht32f52241.o(.text.hardware_gpio_config_output_pp_pins_load_config) for [Anonymous Symbol]
    al00_micro_ht32f52241.o(.text.hardware_gpio_config_hiz_pins_load_config) refers to al00_micro_ht32f52241.o(.rodata.GPIO_PORTs) for [Anonymous Symbol]
    al00_micro_ht32f52241.o(.text.hardware_gpio_config_hiz_pins_load_config) refers to al00_micro_ht32f52241.o(.bss.gpio_config_hiz_pins) for [Anonymous Symbol]
    al00_micro_ht32f52241.o(.ARM.exidx.text.hardware_gpio_config_hiz_pins_load_config) refers to al00_micro_ht32f52241.o(.text.hardware_gpio_config_hiz_pins_load_config) for [Anonymous Symbol]
    al00_micro_ht32f52241.o(.text.hardware_gpio_config_edge_events_pins_load_config) refers to al00_micro_ht32f52241.o(.rodata.GPIO_PORTs) for [Anonymous Symbol]
    al00_micro_ht32f52241.o(.text.hardware_gpio_config_edge_events_pins_load_config) refers to al00_micro_ht32f52241.o(.bss.gpio_config_edge_events_pins) for [Anonymous Symbol]
    al00_micro_ht32f52241.o(.ARM.exidx.text.hardware_gpio_config_edge_events_pins_load_config) refers to al00_micro_ht32f52241.o(.text.hardware_gpio_config_edge_events_pins_load_config) for [Anonymous Symbol]
    al00_micro_ht32f52241.o(.text.hardware_gpio_config_inputs_pins_load_config) refers to al00_micro_ht32f52241.o(.rodata.GPIO_PORTs) for [Anonymous Symbol]
    al00_micro_ht32f52241.o(.text.hardware_gpio_config_inputs_pins_load_config) refers to al00_micro_ht32f52241.o(.bss.gpio_config_inputs_pins) for [Anonymous Symbol]
    al00_micro_ht32f52241.o(.ARM.exidx.text.hardware_gpio_config_inputs_pins_load_config) refers to al00_micro_ht32f52241.o(.text.hardware_gpio_config_inputs_pins_load_config) for [Anonymous Symbol]
    al00_micro_ht32f52241.o(.text.hardware_pwm_end_toff_link_callback) refers to al00_micro_ht32f52241.o(.data.func_ptr_callback_pwm_end_toff) for func_ptr_callback_pwm_end_toff
    al00_micro_ht32f52241.o(.ARM.exidx.text.hardware_pwm_end_toff_link_callback) refers to al00_micro_ht32f52241.o(.text.hardware_pwm_end_toff_link_callback) for [Anonymous Symbol]
    al00_micro_ht32f52241.o(.text.hardware_pwm_break_function_link_callback) refers to al00_micro_ht32f52241.o(.data.func_ptr_callback_pwm_break) for func_ptr_callback_pwm_break
[...]
    [Anonymous Symbol]                       0x00000bf8   Section        0  al00_micro_ht32f52241.o(.text.SYSTICK_Configuration)
    __arm_cp.29_0                            0x00000c28   Number         4  al00_micro_ht32f52241.o(.text.SYSTICK_Configuration)
    [Anonymous Symbol]                       0x00000c2c   Section        0  ht32_cm0plus_misc.o(.text.SYSTICK_CounterCmd)
    [Anonymous Symbol]                       0x00000c54   Section        0  ht32_cm0plus_misc.o(.text.SYSTICK_IntConfig)
    __arm_cp.7_0                             0x00000c68   Number         4  ht32_cm0plus_misc.o(.text.SYSTICK_IntConfig)
    [Anonymous Symbol]                       0x00000c6c   Section        0  ht32_cm0plus_misc.o(.text.SYSTICK_SetReloadValue)
    __arm_cp.8_0                             0x00000c74   Number         4  ht32_cm0plus_misc.o(.text.SYSTICK_SetReloadValue)
    [Anonymous Symbol]                       0x00000c78   Section        0  al00_micro_ht32f52241.o(.text.SysTick_Handler)
    [Anonymous Symbol]                       0x00000c84   Section        0  system_ht32f5xxxx_02.o(.text.SystemInit)
    __arm_cp.0_0                             0x00000d54   Number         4  system_ht32f5xxxx_02.o(.text.SystemInit)
    __arm_cp.0_1                             0x00000d58   Number         4  system_ht32f5xxxx_02.o(.text.SystemInit)
    __arm_cp.0_2                             0x00000d5c   Number         4  system_ht32f5xxxx_02.o(.text.SystemInit)
    __arm_cp.0_3                             0x00000d60   Number         4  system_ht32f5xxxx_02.o(.text.SystemInit)
    __arm_cp.0_4                             0x00000d64   Number         4  system_ht32f5xxxx_02.o(.text.SystemInit)
    [Anonymous Symbol]                       0x00000d68   Section        0  al00_micro_ht32f52241.o(.text.Systick_GetTick)
    __arm_cp.1_0                             0x00000d70   Number         4  al00_micro_ht32f52241.o(.text.Systick_GetTick)
    [Anonymous Symbol]                       0x00000d74   Section        0  ht32f5xxxx_tm.o(.text.TM_ChannelConfig)
    [Anonymous Symbol]                       0x00000d8c   Section        0  al00_micro_ht32f52241.o(.text.TM_ChannelED)
    [Anonymous Symbol]                       0x00000da8   Section        0  ht32f5xxxx_tm.o(.text.TM_ClearFlag)
    [Anonymous Symbol]                       0x00000db2   Section        0  ht32f5xxxx_tm.o(.text.TM_ClearIntPendingBit)
    [Anonymous Symbol]                       0x00000dbc   Section        0  ht32f5xxxx_tm.o(.text.TM_Cmd)
    [Anonymous Symbol]                       0x00000dcc   Section        0  ht32f5xxxx_tm.o(.text.TM_GetCaptureCompare)
    [Anonymous Symbol]                       0x00000dd6   Section        0  ht32f5xxxx_tm.o(.text.TM_GetFlagStatus)
    [Anonymous Symbol]                       0x00000de0   Section        0  ht32f5xxxx_tm.o(.text.TM_IntConfig)
    [Anonymous Symbol]                       0x00000df4   Section        0  ht32f5xxxx_tm.o(.text.TM_OutputInit)
    __arm_cp.2_0                             0x00000ea0   Number         4  ht32f5xxxx_tm.o(.text.TM_OutputInit)
    [Anonymous Symbol]                       0x00000ea4   Section        0  ht32f5xxxx_tm.o(.text.TM_SetCaptureCompare)
    [Anonymous Symbol]                       0x00000eae   Section        0  ht32f5xxxx_tm.o(.text.TM_SetCounter)
    [Anonymous Symbol]                       0x00000eb4   Section        0  ht32f5xxxx_tm.o(.text.TM_SetCounterReload)
    [Anonymous Symbol]                       0x00000ebc   Section        0  ht32f5xxxx_tm.o(.text.TM_TimeBaseInit)
    __arm_cp.1_1                             0x00000ef8   Number         4  ht32f5xxxx_tm.o(.text.TM_TimeBaseInit)
    [Anonymous Symbol]                       0x00000efc   Section        0  ht32f5xxxx_usart.o(.text.USART_Init)
    __arm_cp.1_0                             0x00000f4c   Number         4  ht32f5xxxx_usart.o(.text.USART_Init)
    __arm_cp.1_1                             0x00000f50   Number         4  ht32f5xxxx_usart.o(.text.USART_Init)
    __arm_cp.1_2                             0x00000f54   Number         4  ht32f5xxxx_usart.o(.text.USART_Init)
    __arm_cp.1_3                             0x00000f58   Number         4  ht32f5xxxx_usart.o(.text.USART_Init)
    __arm_cp.1_4                             0x00000f5c   Number         4  ht32f5xxxx_usart.o(.text.USART_Init)
    __arm_cp.1_5                             0x00000f60   Number         4  ht32f5xxxx_usart.o(.text.USART_Init)
    [Anonymous Symbol]                       0x00000f64   Section        0  ht32f5xxxx_usart.o(.text.USART_TxRxCmd)
    _HT32F_DVB_ClockConfig                   0x00000f7d   Thumb Code    48  al00_micro_ht32f52241.o(.text._HT32F_DVB_ClockConfig)
    [Anonymous Symbol]                       0x00000f7c   Section        0  al00_micro_ht32f52241.o(.text._HT32F_DVB_ClockConfig)
    [Anonymous Symbol]                       0x00000fac   Section        0  al03_motor_3phase_driver.o(.text.bemf_sense_set_type)
    [Anonymous Symbol]                       0x00000fb4   Section        0  al03_motor_3phase_driver.o(.text.bemf_zcd_disable_detection_within_time_us)
    __arm_cp.29_2                            0x0000102c   Number         4  al03_motor_3phase_driver.o(.text.bemf_zcd_disable_detection_within_time_us)
    [Anonymous Symbol]                       0x00001030   Section        0  al03_motor_3phase_driver.o(.text.blanking_timer_expired_callback)
    __arm_cp.14_1                            0x000010dc   Number         4  al03_motor_3phase_driver.o(.text.blanking_timer_expired_callback)
    __arm_cp.14_2                            0x000010e0   Number         4  al03_motor_3phase_driver.o(.text.blanking_timer_expired_callback)
    [Anonymous Symbol]                       0x000010e4   Section        0  al01_board_iq_aed_rev20191011.o(.text.board_adc_get_vbus_voltage_C)
    __arm_cp.3_0                             0x000010f0   Number         4  al01_board_iq_aed_rev20191011.o(.text.board_adc_get_vbus_voltage_C)
    __arm_cp.3_1                             0x000010f4   Number         4  al01_board_iq_aed_rev20191011.o(.text.board_adc_get_vbus_voltage_C)
    [Anonymous Symbol]                       0x000010f8   Section        0  al01_board_iq_aed_rev20191011.o(.text.board_hardware_configuration)
    __arm_cp.0_0                             0x0000116c   Number         4  al01_board_iq_aed_rev20191011.o(.text.board_hardware_configuration)
    __arm_cp.0_1                             0x00001170   Number         4  al01_board_iq_aed_rev20191011.o(.text.board_hardware_configuration)
    __arm_cp.0_2                             0x00001174   Number         4  al01_board_iq_aed_rev20191011.o(.text.board_hardware_configuration)
    __arm_cp.0_4                             0x00001178   Number         4  al01_board_iq_aed_rev20191011.o(.text.board_hardware_configuration)
    __arm_cp.0_5                             0x0000117c   Number         4  al01_board_iq_aed_rev20191011.o(.text.board_hardware_configuration)
    [Anonymous Symbol]                       0x00001180   Section        0  al01_board_iq_aed_rev20191011.o(.text.board_scheduler_is_time_expired)
    [Anonymous Symbol]                       0x00001194   Section        0  al01_board_iq_aed_rev20191011.o(.text.board_scheduler_load_timer)
    [Anonymous Symbol]                       0x000011a0   Section        0  al03_motor_3phase_driver.o(.text.calculate_times)
    __arm_cp.32_0                            0x00001228   Number         4  al03_motor_3phase_driver.o(.text.calculate_times)
    [Anonymous Symbol]                       0x0000122c   Section        0  al03_motor_3phase_driver.o(.text.calculate_zcd_expected_default)
    [Anonymous Symbol]                       0x00001234   Section        0  al03_vbus_control.o(.text.check_VBus_task)
    __arm_cp.0_0                             0x00001300   Number         4  al03_vbus_control.o(.text.check_VBus_task)
    __arm_cp.0_1                             0x00001304   Number         4  al03_vbus_control.o(.text.check_VBus_task)
    __arm_cp.0_2                             0x00001308   Number         4  al03_vbus_control.o(.text.check_VBus_task)
    __arm_cp.0_3                             0x0000130c   Number         4  al03_vbus_control.o(.text.check_VBus_task)
    __arm_cp.0_4                             0x00001310   Number         4  al03_vbus_control.o(.text.check_VBus_task)
    __arm_cp.0_5                             0x00001314   Number         4  al03_vbus_control.o(.text.check_VBus_task)
    __arm_cp.0_6                             0x00001318   Number         4  al03_vbus_control.o(.text.check_VBus_task)
    [Anonymous Symbol]                       0x0000131c   Section        0  al03_motor_3phase_driver.o(.text.commutation_callback)
    __arm_cp.20_0                            0x00001430   Number         4  al03_motor_3phase_driver.o(.text.commutation_callback)
    __arm_cp.20_1                            0x00001434   Number         4  al03_motor_3phase_driver.o(.text.commutation_callback)
    __arm_cp.20_2                            0x00001438   Number         4  al03_motor_3phase_driver.o(.text.commutation_callback)
    __arm_cp.20_3                            0x0000143c   Number         4  al03_motor_3phase_driver.o(.text.commutation_callback)
    __arm_cp.20_4                            0x00001440   Number         4  al03_motor_3phase_driver.o(.text.commutation_callback)
    __arm_cp.20_5                            0x00001444   Number         4  al03_motor_3phase_driver.o(.text.commutation_callback)
    current_sensor_i_peak_callback           0x00001449   Thumb Code     8  al02_inverter_3phase.o(.text.current_sensor_i_peak_callback)
    [Anonymous Symbol]                       0x00001448   Section        0  al02_inverter_3phase.o(.text.current_sensor_i_peak_callback)
    [Anonymous Symbol]                       0x00001450   Section        0  al00_micro_ht32f52241.o(.text.empty_func_to_avoid_hard_fault)
    [Anonymous Symbol]                       0x00001454   Section        0  al03_motor_3phase_driver.o(.text.end_of_toff_pwm_callback)
    __arm_cp.15_0                            0x00001490   Number         4  al03_motor_3phase_driver.o(.text.end_of_toff_pwm_callback)
    [Anonymous Symbol]                       0x00001494   Section        0  al03_motor_3phase_driver.o(.text.exti1_callback)
    [Anonymous Symbol]                       0x0000149c   Section        0  al03_motor_3phase_driver.o(.text.exti3_callback)
    [Anonymous Symbol]                       0x000014a4   Section        0  al03_motor_3phase_driver.o(.text.exti5_callback)
    [Anonymous Symbol]                       0x000014ac   Section        0  al00_micro_ht32f52241.o(.text.hardware_gpio_config_edge_events_pins_load_config)
    __arm_cp.5_1                             0x000014cc   Number         4  al00_micro_ht32f52241.o(.text.hardware_gpio_config_edge_events_pins_load_config)
    [Anonymous Symbol]                       0x000014d0   Section        0  al00_micro_ht32f52241.o(.text.hardware_gpio_config_hiz_pins_load_config)
    __arm_cp.4_1                             0x000014f0   Number         4  al00_micro_ht32f52241.o(.text.hardware_gpio_config_hiz_pins_load_config)
    [Anonymous Symbol]                       0x000014f4   Section        0  al00_micro_ht32f52241.o(.text.hardware_gpio_config_inputs_pins_load_config)
    __arm_cp.6_1                             0x00001514   Number         4  al00_micro_ht32f52241.o(.text.hardware_gpio_config_inputs_pins_load_config)
    [Anonymous Symbol]                       0x00001518   Section        0  al00_micro_ht32f52241.o(.text.hardware_gpio_config_output_pp_pins_load_config)
    __arm_cp.3_0                             0x00001538   Number         4  al00_micro_ht32f52241.o(.text.hardware_gpio_config_output_pp_pins_load_config)
    __arm_cp.3_1                             0x0000153c   Number         4  al00_micro_ht32f52241.o(.text.hardware_gpio_config_output_pp_pins_load_config)
    [Anonymous Symbol]                       0x00001540   Section        0  al00_micro_ht32f52241.o(.text.hardware_gpio_event_rising_event_link_callback)
    __arm_cp.43_0                            0x00001554   Number         4  al00_micro_ht32f52241.o(.text.hardware_gpio_event_rising_event_link_callback)
    [Anonymous Symbol]                       0x00001558   Section        0  al00_micro_ht32f52241.o(.text.hardware_htim_link_callback)
    [Anonymous Symbol]                       0x00001580   Section        0  al00_micro_ht32f52241.o(.text.hardware_pwm_break_function_link_callback)
    __arm_cp.8_0                             0x00001588   Number         4  al00_micro_ht32f52241.o(.text.hardware_pwm_break_function_link_callback)
    [Anonymous Symbol]                       0x0000158c   Section        0  al00_micro_ht32f52241.o(.text.hardware_pwm_end_toff_link_callback)
    __arm_cp.7_0                             0x00001594   Number         4  al00_micro_ht32f52241.o(.text.hardware_pwm_end_toff_link_callback)
    [Anonymous Symbol]                       0x00001598   Section        0  al00_micro_ht32f52241.o(.text.hardware_pwm_get_period_us)
    [Anonymous Symbol]                       0x000015a0   Section        0  al00_micro_ht32f52241.o(.text.hardware_pwm_get_ton_us)
    [Anonymous Symbol]                       0x000015b4   Section        0  al00_micro_ht32f52241.o(.text.hardware_pwm_set_counter_to_toff)
    __arm_cp.19_0                            0x000015d8   Number         4  al00_micro_ht32f52241.o(.text.hardware_pwm_set_counter_to_toff)
    [Anonymous Symbol]                       0x000015dc   Section        0  al00_micro_ht32f52241.o(.text.hardware_pwm_set_outputs_to_toff)
    [Anonymous Symbol]                       0x000015e8   Section        0  al00_micro_ht32f52241.o(.text.hardware_pwm_set_period_us)
    __arm_cp.10_0                            0x00001604   Number         4  al00_micro_ht32f52241.o(.text.hardware_pwm_set_period_us)
    [Anonymous Symbol]                       0x00001608   Section        0  al00_micro_ht32f52241.o(.text.hardware_pwm_set_sense_on_toff_before_ton_us)
    [Anonymous Symbol]                       0x00001610   Section        0  al00_micro_ht32f52241.o(.text.hardware_pwm_set_toff_us)
    [Anonymous Symbol]                       0x00001650   Section        0  al00_micro_ht32f52241.o(.text.hardware_pwm_set_ton_us)
    __arm_cp.12_0                            0x000016e4   Number         4  al00_micro_ht32f52241.o(.text.hardware_pwm_set_ton_us)
    __arm_cp.12_1                            0x000016e8   Number         4  al00_micro_ht32f52241.o(.text.hardware_pwm_set_ton_us)
    __arm_cp.12_2                            0x000016ec   Number         4  al00_micro_ht32f52241.o(.text.hardware_pwm_set_ton_us)
    [Anonymous Symbol]                       0x000016f0   Section        0  al02_inverter_3phase.o(.text.inverter_3phase_comm_next_seq)
    [Anonymous Symbol]                       0x0000172c   Section        0  al02_inverter_3phase.o(.text.inverter_3phase_comm_next_seq_pasive)
    [Anonymous Symbol]                       0x00001764   Section        0  al02_inverter_3phase.o(.text.inverter_3phase_comm_set_seq)
    __arm_cp.2_1                             0x00001a0c   Number         4  al02_inverter_3phase.o(.text.inverter_3phase_comm_set_seq)
    __arm_cp.2_2                             0x00001a10   Number         4  al02_inverter_3phase.o(.text.inverter_3phase_comm_set_seq)
    __arm_cp.2_3                             0x00001a14   Number         4  al02_inverter_3phase.o(.text.inverter_3phase_comm_set_seq)
    __arm_cp.2_4                             0x00001a18   Number         4  al02_inverter_3phase.o(.text.inverter_3phase_comm_set_seq)
    [Anonymous Symbol]                       0x00001a1c   Section        0  al02_inverter_3phase.o(.text.inverter_3phase_get_actual_bemf_out)
    [Anonymous Symbol]                       0x00001a40   Section        0  al02_inverter_3phase.o(.text.inverter_3phase_get_actual_bemf_slope)
    __arm_cp.12_1                            0x00001a5c   Number         4  al02_inverter_3phase.o(.text.inverter_3phase_get_actual_bemf_slope)
    [Anonymous Symbol]                       0x00001a60   Section        0  al02_inverter_3phase.o(.text.inverter_3phase_init_config)
    __arm_cp.0_1                             0x00001aac   Number         4  al02_inverter_3phase.o(.text.inverter_3phase_init_config)
    [Anonymous Symbol]                       0x00001ab0   Section        0  al02_inverter_3phase.o(.text.inverter_3phase_set_comm_direction)
    __arm_cp.6_0                             0x00001ac4   Number         4  al02_inverter_3phase.o(.text.inverter_3phase_set_comm_direction)
    [Anonymous Symbol]                       0x00001ac8   Section        0  al03_motor_3phase_driver.o(.text.link_zcd_expected_calculate_function)
    __arm_cp.21_0                            0x00001ad0   Number         4  al03_motor_3phase_driver.o(.text.link_zcd_expected_calculate_function)
    [Anonymous Symbol]                       0x00001ad4   Section        0  main.o(.text.main)
    __arm_cp.0_0                             0x00001af4   Number         4  main.o(.text.main)
    micro_adc_config                         0x00001af9   Thumb Code   152  al00_micro_ht32f52241.o(.text.micro_adc_config)
    [Anonymous Symbol]                       0x00001af8   Section        0  al00_micro_ht32f52241.o(.text.micro_adc_config)
    __arm_cp.36_0                            0x00001b90   Number         4  al00_micro_ht32f52241.o(.text.micro_adc_config)
    [Anonymous Symbol]                       0x00001b94   Section        0  al00_micro_ht32f52241.o(.text.micro_config)
    micro_gpios_edge_events_config           0x00001bc5   Thumb Code   384  al00_micro_ht32f52241.o(.text.micro_gpios_edge_events_config)
    [Anonymous Symbol]                       0x00001bc4   Section        0  al00_micro_ht32f52241.o(.text.micro_gpios_edge_events_config)
    __arm_cp.33_0                            0x00001d44   Number         4  al00_micro_ht32f52241.o(.text.micro_gpios_edge_events_config)
    __arm_cp.33_2                            0x00001d48   Number         4  al00_micro_ht32f52241.o(.text.micro_gpios_edge_events_config)
    __arm_cp.33_3                            0x00001d4c   Number         4  al00_micro_ht32f52241.o(.text.micro_gpios_edge_events_config)
    __arm_cp.33_4                            0x00001d50   Number         4  al00_micro_ht32f52241.o(.text.micro_gpios_edge_events_config)
    micro_gpios_hiz_config                   0x00001d55   Thumb Code   108  al00_micro_ht32f52241.o(.text.micro_gpios_hiz_config)
    [Anonymous Symbol]                       0x00001d54   Section        0  al00_micro_ht32f52241.o(.text.micro_gpios_hiz_config)
    __arm_cp.32_0                            0x00001dc0   Number         4  al00_micro_ht32f52241.o(.text.micro_gpios_hiz_config)
    micro_gpios_inputs_pullup_config         0x00001dc5   Thumb Code   112  al00_micro_ht32f52241.o(.text.micro_gpios_inputs_pullup_config)
    [Anonymous Symbol]                       0x00001dc4   Section        0  al00_micro_ht32f52241.o(.text.micro_gpios_inputs_pullup_config)
    __arm_cp.31_0                            0x00001e34   Number         4  al00_micro_ht32f52241.o(.text.micro_gpios_inputs_pullup_config)
    micro_gpios_outputs_pp_config            0x00001e39   Thumb Code   120  al00_micro_ht32f52241.o(.text.micro_gpios_outputs_pp_config)
    [Anonymous Symbol]                       0x00001e38   Section        0  al00_micro_ht32f52241.o(.text.micro_gpios_outputs_pp_config)
    __arm_cp.30_0                            0x00001eb0   Number         4  al00_micro_ht32f52241.o(.text.micro_gpios_outputs_pp_config)
    __arm_cp.30_1                            0x00001eb4   Number         4  al00_micro_ht32f52241.o(.text.micro_gpios_outputs_pp_config)
    micro_pwm_config                         0x00001eb9   Thumb Code   300  al00_micro_ht32f52241.o(.text.micro_pwm_config)
    [Anonymous Symbol]                       0x00001eb8   Section        0  al00_micro_ht32f52241.o(.text.micro_pwm_config)
    __arm_cp.34_0                            0x00001fe4   Number         4  al00_micro_ht32f52241.o(.text.micro_pwm_config)
    __arm_cp.34_2                            0x00001fe8   Number         4  al00_micro_ht32f52241.o(.text.micro_pwm_config)
    __arm_cp.34_3                            0x00001fec   Number         4  al00_micro_ht32f52241.o(.text.micro_pwm_config)
    micro_timers_config                      0x00001ff1   Thumb Code   204  al00_micro_ht32f52241.o(.text.micro_timers_config)
    [Anonymous Symbol]                       0x00001ff0   Section        0  al00_micro_ht32f52241.o(.text.micro_timers_config)
    __arm_cp.35_2                            0x000020bc   Number         4  al00_micro_ht32f52241.o(.text.micro_timers_config)
    __arm_cp.35_3                            0x000020c0   Number         4  al00_micro_ht32f52241.o(.text.micro_timers_config)
    __arm_cp.35_4                            0x000020c4   Number         4  al00_micro_ht32f52241.o(.text.micro_timers_config)
    [Anonymous Symbol]                       0x000020c8   Section        0  al03_motor_3phase_driver.o(.text.motor_3phase_abort_motor)
    __arm_cp.26_0                            0x00002164   Number         4  al03_motor_3phase_driver.o(.text.motor_3phase_abort_motor)
    __arm_cp.26_3                            0x00002168   Number         4  al03_motor_3phase_driver.o(.text.motor_3phase_abort_motor)
    [Anonymous Symbol]                       0x0000216c   Section        0  al03_motor_3phase_driver.o(.text.motor_3phase_init)
    __arm_cp.13_0                            0x000021fc   Number         4  al03_motor_3phase_driver.o(.text.motor_3phase_init)
    __arm_cp.13_1                            0x00002200   Number         4  al03_motor_3phase_driver.o(.text.motor_3phase_init)
    __arm_cp.13_2                            0x00002204   Number         4  al03_motor_3phase_driver.o(.text.motor_3phase_init)
    __arm_cp.13_3                            0x00002208   Number         4  al03_motor_3phase_driver.o(.text.motor_3phase_init)
    __arm_cp.13_4                            0x0000220c   Number         4  al03_motor_3phase_driver.o(.text.motor_3phase_init)
    __arm_cp.13_5                            0x00002210   Number         4  al03_motor_3phase_driver.o(.text.motor_3phase_init)
    __arm_cp.13_6                            0x00002214   Number         4  al03_motor_3phase_driver.o(.text.motor_3phase_init)
    __arm_cp.13_7                            0x00002218   Number         4  al03_motor_3phase_driver.o(.text.motor_3phase_init)
    __arm_cp.13_8                            0x0000221c   Number         4  al03_motor_3phase_driver.o(.text.motor_3phase_init)
    __arm_cp.13_10                           0x00002220   Number         4  al03_motor_3phase_driver.o(.text.motor_3phase_init)
    [Anonymous Symbol]                       0x00002224   Section        0  al03_motor_3phase_driver.o(.text.motor_3phase_set_motor_direction)
    [Anonymous Symbol]                       0x00002244   Section        0  al03_motor_3phase_driver.o(.text.motor_3phase_set_pwm_duty_set_point)
    [Anonymous Symbol]                       0x0000226c   Section        0  al03_motor_3phase_driver.o(.text.motor_3phase_speed_force)
    [Anonymous Symbol]                       0x00002274   Section        0  al03_motor_3phase_driver.o(.text.motor_3phase_start_motor)
    [Anonymous Symbol]                       0x0000229c   Section        0  al03_motor_3phase_driver.o(.text.motor_3phase_starting_state_machine)
    __arm_cp.24_1                            0x00002494   Number         4  al03_motor_3phase_driver.o(.text.motor_3phase_starting_state_machine)
    __arm_cp.24_2                            0x00002498   Number         4  al03_motor_3phase_driver.o(.text.motor_3phase_starting_state_machine)
    __arm_cp.24_3                            0x0000249c   Number         4  al03_motor_3phase_driver.o(.text.motor_3phase_starting_state_machine)
    __arm_cp.24_4                            0x000024a0   Number         4  al03_motor_3phase_driver.o(.text.motor_3phase_starting_state_machine)
    __arm_cp.24_5                            0x000024a4   Number         4  al03_motor_3phase_driver.o(.text.motor_3phase_starting_state_machine)
    __arm_cp.24_6                            0x000024a8   Number         4  al03_motor_3phase_driver.o(.text.motor_3phase_starting_state_machine)
    __arm_cp.24_8                            0x000024ac   Number         4  al03_motor_3phase_driver.o(.text.motor_3phase_starting_state_machine)
    __arm_cp.24_9                            0x000024b0   Number         4  al03_motor_3phase_driver.o(.text.motor_3phase_starting_state_machine)
    __arm_cp.24_10                           0x000024b4   Number         4  al03_motor_3phase_driver.o(.text.motor_3phase_starting_state_machine)
    __arm_cp.24_11                           0x000024b8   Number         4  al03_motor_3phase_driver.o(.text.motor_3phase_starting_state_machine)
    __arm_cp.24_12                           0x000024bc   Number         4  al03_motor_3phase_driver.o(.text.motor_3phase_starting_state_machine)
    [Anonymous Symbol]                       0x000024c0   Section        0  al03_motor_3phase_driver.o(.text.motor_3phase_task)
    __arm_cp.23_0                            0x000024dc   Number         4  al03_motor_3phase_driver.o(.text.motor_3phase_task)
    [Anonymous Symbol]                       0x000024e0   Section        0  al03_motor_3phase_driver.o(.text.motor_watchdog_callback)
    __arm_cp.19_1                            0x00002520   Number         4  al03_motor_3phase_driver.o(.text.motor_watchdog_callback)
    [Anonymous Symbol]                       0x00002524   Section        0  al03_motor_3phase_driver.o(.text.update_pwm_duty)
    __arm_cp.30_1                            0x00002570   Number         4  al03_motor_3phase_driver.o(.text.update_pwm_duty)
    [Anonymous Symbol]                       0x00002574   Section        0  al03_motor_3phase_driver.o(.text.update_pwm_period)
    __arm_cp.31_0                            0x00002594   Number         4  al03_motor_3phase_driver.o(.text.update_pwm_period)
    [Anonymous Symbol]                       0x00002598   Section        0  al03_motor_3phase_driver.o(.text.zcd_event)
    __arm_cp.36_0                            0x000025cc   Number         4  al03_motor_3phase_driver.o(.text.zcd_event)
    [Anonymous Symbol]                       0x000025d0   Section        0  al03_motor_3phase_driver.o(.text.zcd_event_correct_timing_comm)
    __arm_cp.35_1                            0x00002658   Number         4  al03_motor_3phase_driver.o(.text.zcd_event_correct_timing_comm)
    [Anonymous Symbol]                       0x0000265c   Section        0  al03_motor_3phase_driver.o(.text.zcd_event_first_steps_state)
    __arm_cp.33_1                            0x00002748   Number         4  al03_motor_3phase_driver.o(.text.zcd_event_first_steps_state)
    __arm_cp.33_2                            0x0000274c   Number         4  al03_motor_3phase_driver.o(.text.zcd_event_first_steps_state)
    __arm_cp.33_3                            0x00002750   Number         4  al03_motor_3phase_driver.o(.text.zcd_event_first_steps_state)
    __arm_cp.33_4                            0x00002754   Number         4  al03_motor_3phase_driver.o(.text.zcd_event_first_steps_state)
    [Anonymous Symbol]                       0x00002758   Section        0  al03_motor_3phase_driver.o(.text.zcd_event_freewheel_period_measure)
    __arm_cp.34_0                            0x00002898   Number         4  al03_motor_3phase_driver.o(.text.zcd_event_freewheel_period_measure)
    __arm_cp.34_1                            0x0000289c   Number         4  al03_motor_3phase_driver.o(.text.zcd_event_freewheel_period_measure)
    __arm_cp.34_2                            0x000028a0   Number         4  al03_motor_3phase_driver.o(.text.zcd_event_freewheel_period_measure)
    __arm_cp.34_3                            0x000028a4   Number         4  al03_motor_3phase_driver.o(.text.zcd_event_freewheel_period_measure)
    __arm_cp.34_4                            0x000028a8   Number         4  al03_motor_3phase_driver.o(.text.zcd_event_freewheel_period_measure)
    __arm_cp.34_5                            0x000028ac   Number         4  al03_motor_3phase_driver.o(.text.zcd_event_freewheel_period_measure)
    __arm_cp.34_6                            0x000028b0   Number         4  al03_motor_3phase_driver.o(.text.zcd_event_freewheel_period_measure)
    i.__scatterload_copy                     0x000028b4   Section       14  handlers.o(i.__scatterload_copy)
    i.__scatterload_null                     0x000028c2   Section        2  handlers.o(i.__scatterload_null)
    i.__scatterload_zeroinit                 0x000028c4   Section       14  handlers.o(i.__scatterload_zeroinit)
    GPIO_PORTs                               0x000028d4   Data          12  al00_micro_ht32f52241.o(.rodata.GPIO_PORTs)
    [Anonymous Symbol]                       0x000028d4   Section        0  al00_micro_ht32f52241.o(.rodata.GPIO_PORTs)
    check_VBus_task.vbus_min                 0x20000004   Data           2  al03_vbus_control.o(.data.check_VBus_task.vbus_min)
    [Anonymous Symbol]                       0x20000004   Section        0  al03_vbus_control.o(.data.check_VBus_task.vbus_min)
    check_VBus_task.vbus_timer               0x20000008   Data           4  al03_vbus_control.o(.data.check_VBus_task.vbus_timer)
    [Anonymous Symbol]                       0x20000008   Section        0  al03_vbus_control.o(.data.check_VBus_task.vbus_timer)
    inverter_actual_comm_seq                 0x200000a4   Data           4  al02_inverter_3phase.o(.data.inverter_actual_comm_seq)
    [Anonymous Symbol]                       0x200000a4   Section        0  al02_inverter_3phase.o(.data.inverter_actual_comm_seq)
    pwm_time_before_ton_start_us             0x200000a8   Data           4  al00_micro_ht32f52241.o(.data.pwm_time_before_ton_start_us)
    [Anonymous Symbol]                       0x200000a8   Section        0  al00_micro_ht32f52241.o(.data.pwm_time_before_ton_start_us)
    HardFault_Handler.gIsContinue            0x200000b0   Data           4  ht32f5xxxx_01_it.o(.bss.HardFault_Handler.gIsContinue)
    [Anonymous Symbol]                       0x200000b0   Section        0  ht32f5xxxx_01_it.o(.bss.HardFault_Handler.gIsContinue)
    TickCount                                0x200000b4   Data           4  al00_micro_ht32f52241.o(.bss.TickCount)
    [Anonymous Symbol]                       0x200000b4   Section        0  al00_micro_ht32f52241.o(.bss.TickCount)
    check_VBus_task.sample_count             0x200000bc   Data           2  al03_vbus_control.o(.bss.check_VBus_task.sample_count)
    [Anonymous Symbol]                       0x200000bc   Section        0  al03_vbus_control.o(.bss.check_VBus_task.sample_count)
    commutation_callback.zcd_hit_count       0x200000be   Data           2  al03_motor_3phase_driver.o(.bss.commutation_callback.zcd_hit_count)
    [Anonymous Symbol]                       0x200000be   Section        0  al03_motor_3phase_driver.o(.bss.commutation_callback.zcd_hit_count)
    commutation_callback.zcd_lost_count      0x200000c0   Data           2  al03_motor_3phase_driver.o(.bss.commutation_callback.zcd_lost_count)
    [Anonymous Symbol]                       0x200000c0   Section        0  al03_motor_3phase_driver.o(.bss.commutation_callback.zcd_lost_count)
    gpio_config_edge_events_pins             0x200000c4   Data          12  al00_micro_ht32f52241.o(.bss.gpio_config_edge_events_pins)
    [Anonymous Symbol]                       0x200000c4   Section        0  al00_micro_ht32f52241.o(.bss.gpio_config_edge_events_pins)
    gpio_config_hiz_pins                     0x200000d0   Data          12  al00_micro_ht32f52241.o(.bss.gpio_config_hiz_pins)
    [Anonymous Symbol]                       0x200000d0   Section        0  al00_micro_ht32f52241.o(.bss.gpio_config_hiz_pins)
    gpio_config_inputs_pins                  0x200000dc   Data          12  al00_micro_ht32f52241.o(.bss.gpio_config_inputs_pins)
    [Anonymous Symbol]                       0x200000dc   Section        0  al00_micro_ht32f52241.o(.bss.gpio_config_inputs_pins)
    gpio_config_output_pp_pins               0x200000e8   Data          12  al00_micro_ht32f52241.o(.bss.gpio_config_output_pp_pins)
    [Anonymous Symbol]                       0x200000e8   Section        0  al00_micro_ht32f52241.o(.bss.gpio_config_output_pp_pins)
    gv                                       0x200000f4   Data         112  al03_motor_3phase_driver.o(.bss.gv)
    [Anonymous Symbol]                       0x200000f4   Section        0  al03_motor_3phase_driver.o(.bss.gv)
    inverter_comm_direction                  0x20000164   Data           4  al02_inverter_3phase.o(.bss.inverter_comm_direction)
    [Anonymous Symbol]                       0x20000164   Section        0  al02_inverter_3phase.o(.bss.inverter_comm_direction)
    motor_3phase_starting_state_machine.alignment_count 0x20000168   Data           4  al03_motor_3phase_driver.o(.bss.motor_3phase_starting_state_machine.alignment_count)
    [Anonymous Symbol]                       0x20000168   Section        0  al03_motor_3phase_driver.o(.bss.motor_3phase_starting_state_machine.alignment_count)
    motor_3phase_starting_state_machine.timer_alineacion 0x2000016c   Data           4  al03_motor_3phase_driver.o(.bss.motor_3phase_starting_state_machine.timer_alineacion)
    [Anonymous Symbol]                       0x2000016c   Section        0  al03_motor_3phase_driver.o(.bss.motor_3phase_starting_state_machine.timer_alineacion)
    motor_3phase_starting_state_machine.timer_bootstrap 0x20000170   Data           4  al03_motor_3phase_driver.o(.bss.motor_3phase_starting_state_machine.timer_bootstrap)
    [Anonymous Symbol]                       0x20000170   Section        0  al03_motor_3phase_driver.o(.bss.motor_3phase_starting_state_machine.timer_bootstrap)
    motor_3phase_starting_state_machine.timer_to_running 0x20000174   Data           4  al03_motor_3phase_driver.o(.bss.motor_3phase_starting_state_machine.timer_to_running)
    [Anonymous Symbol]                       0x20000174   Section        0  al03_motor_3phase_driver.o(.bss.motor_3phase_starting_state_machine.timer_to_running)
    motor_3phase_starting_state_machine.zcd_count 0x20000178   Data           4  al03_motor_3phase_driver.o(.bss.motor_3phase_starting_state_machine.zcd_count)
    [Anonymous Symbol]                       0x20000178   Section        0  al03_motor_3phase_driver.o(.bss.motor_3phase_starting_state_machine.zcd_count)
    starting_fail_count                      0x2000017c   Data           4  al03_motor_3phase_driver.o(.bss.starting_fail_count)
    [Anonymous Symbol]                       0x2000017c   Section        0  al03_motor_3phase_driver.o(.bss.starting_fail_count)
    update_pwm_duty.timer_ramp               0x20000180   Data           4  al03_motor_3phase_driver.o(.bss.update_pwm_duty.timer_ramp)
    [Anonymous Symbol]                       0x20000180   Section        0  al03_motor_3phase_driver.o(.bss.update_pwm_duty.timer_ramp)
    STACK                                    0x20000188   Section      512  startup_ht32f5xxxx_01.o(STACK)

    Global Symbols

    Symbol Name                              Value     Ov Type        Size  Object(Section)

    BuildAttributes$$THM_ISAv3M$S$PE$A:L22$X:L11$S22$IEEE1$IW$~IW$USESV6$~STKCKD$USESV7$~SHL$OTIME$ROPI$EBA8$MICROLIB$REQ8$PRES8$EABIv2 0x00000000   Number         0  anon$$obj.o ABSOLUTE
    __Vectors                                0x00000000   Data           0  startup_ht32f5xxxx_01.o(RESET)
    _printf_a                                0x00000000   Number         0  printfstubs.o ABSOLUTE
    _printf_c                                0x00000000   Number         0  printfstubs.o ABSOLUTE
    _printf_charcount                        0x00000000   Number         0  printfstubs.o ABSOLUTE
    _printf_d                                0x00000000   Number         0  printfstubs.o ABSOLUTE
    _printf_e                                0x00000000   Number         0  printfstubs.o ABSOLUTE
    _printf_f                                0x00000000   Number         0  printfstubs.o ABSOLUTE
    _printf_flags                            0x00000000   Number         0  printfstubs.o ABSOLUTE
    _printf_fp_dec                           0x00000000   Number         0  printfstubs.o ABSOLUTE
    _printf_fp_hex                           0x00000000   Number         0  printfstubs.o ABSOLUTE
    _printf_g                                0x00000000   Number         0  printfstubs.o ABSOLUTE
    _printf_i                                0x00000000   Number         0  printfstubs.o ABSOLUTE
    _printf_int_dec                          0x00000000   Number         0  printfstubs.o ABSOLUTE
    _printf_l                                0x00000000   Number         0  printfstubs.o ABSOLUTE
    _printf_lc                               0x00000000   Number         0  printfstubs.o ABSOLUTE
    _printf_ll                               0x00000000   Number         0  printfstubs.o ABSOLUTE
    _printf_lld                              0x00000000   Number         0  printfstubs.o ABSOLUTE
    _printf_lli                              0x00000000   Number         0  printfstubs.o ABSOLUTE
    _printf_llo                              0x00000000   Number         0  printfstubs.o ABSOLUTE
    _printf_llu                              0x00000000   Number         0  printfstubs.o ABSOLUTE
    _printf_llx                              0x00000000   Number         0  printfstubs.o ABSOLUTE
    _printf_longlong_dec                     0x00000000   Number         0  printfstubs.o ABSOLUTE
    _printf_longlong_hex                     0x00000000   Number         0  printfstubs.o ABSOLUTE
    _printf_longlong_oct                     0x00000000   Number         0  printfstubs.o ABSOLUTE
    _printf_ls                               0x00000000   Number         0  printfstubs.o ABSOLUTE
    _printf_mbtowc                           0x00000000   Number         0  printfstubs.o ABSOLUTE
    _printf_n                                0x00000000   Number         0  printfstubs.o ABSOLUTE
    _printf_o                                0x00000000   Number         0  printfstubs.o ABSOLUTE
    _printf_p                                0x00000000   Number         0  printfstubs.o ABSOLUTE
    _printf_percent                          0x00000000   Number         0  printfstubs.o ABSOLUTE
    _printf_pre_padding                      0x00000000   Number         0  printfstubs.o ABSOLUTE
    _printf_return_value                     0x00000000   Number         0  printfstubs.o ABSOLUTE
    _printf_s                                0x00000000   Number         0  printfstubs.o ABSOLUTE
    _printf_sizespec                         0x00000000   Number         0  printfstubs.o ABSOLUTE
    _printf_str                              0x00000000   Number         0  printfstubs.o ABSOLUTE
    _printf_truncate_signed                  0x00000000   Number         0  printfstubs.o ABSOLUTE
    _printf_truncate_unsigned                0x00000000   Number         0  printfstubs.o ABSOLUTE
    _printf_u                                0x00000000   Number         0  printfstubs.o ABSOLUTE
    _printf_wc                               0x00000000   Number         0  printfstubs.o ABSOLUTE
    _printf_wctomb                           0x00000000   Number         0  printfstubs.o ABSOLUTE
    _printf_widthprec                        0x00000000   Number         0  printfstubs.o ABSOLUTE
    _printf_x                                0x00000000   Number         0  printfstubs.o ABSOLUTE
    __cpp_initialize__aeabi_                  - Undefined Weak Reference
    __cxa_finalize                            - Undefined Weak Reference
    __decompress                              - Undefined Weak Reference
    _clock_init                               - Undefined Weak Reference
    _microlib_exit                            - Undefined Weak Reference
    Reset_Handler                            0x000000ad   Thumb Code    12  startup_ht32f5xxxx_01.o(RESET)
    ADC_IRQHandler                           0x00000121   Thumb Code     0  startup_ht32f5xxxx_01.o(RESET)
    AES_IRQHandler                           0x00000121   Thumb Code     0  startup_ht32f5xxxx_01.o(RESET)
    COMP_IRQHandler                          0x00000121   Thumb Code     0  startup_ht32f5xxxx_01.o(RESET)
    EVWUP_IRQHandler                         0x00000121   Thumb Code     0  startup_ht32f5xxxx_01.o(RESET)
    FLASH_IRQHandler                         0x00000121   Thumb Code     0  startup_ht32f5xxxx_01.o(RESET)
    GPTM0_IRQHandler                         0x00000121   Thumb Code     0  startup_ht32f5xxxx_01.o(RESET)
    GPTM1_IRQHandler                         0x00000121   Thumb Code     0  startup_ht32f5xxxx_01.o(RESET)
    I2C0_IRQHandler                          0x00000121   Thumb Code     0  startup_ht32f5xxxx_01.o(RESET)
    I2C1_IRQHandler                          0x00000121   Thumb Code     0  startup_ht32f5xxxx_01.o(RESET)
    I2C2_IRQHandler                          0x00000121   Thumb Code     0  startup_ht32f5xxxx_01.o(RESET)
    I2S_IRQHandler                           0x00000121   Thumb Code     0  startup_ht32f5xxxx_01.o(RESET)
    LVD_BOD_IRQHandler                       0x00000121   Thumb Code     0  startup_ht32f5xxxx_01.o(RESET)
    MIDI_IRQHandler                          0x00000121   Thumb Code     0  startup_ht32f5xxxx_01.o(RESET)
    PDMA_CH0_1_IRQHandler                    0x00000121   Thumb Code     0  startup_ht32f5xxxx_01.o(RESET)
    PDMA_CH2_5_IRQHandler                    0x00000121   Thumb Code     0  startup_ht32f5xxxx_01.o(RESET)
    PWM0_IRQHandler                          0x00000121   Thumb Code     0  startup_ht32f5xxxx_01.o(RESET)
    PWM1_IRQHandler                          0x00000121   Thumb Code     0  startup_ht32f5xxxx_01.o(RESET)
    QSPI_IRQHandler                          0x00000121   Thumb Code     0  startup_ht32f5xxxx_01.o(RESET)
    RTC_IRQHandler                           0x00000121   Thumb Code     0  startup_ht32f5xxxx_01.o(RESET)
    SCI_IRQHandler                           0x00000121   Thumb Code     0  startup_ht32f5xxxx_01.o(RESET)
    SCTM2_IRQHandler                         0x00000121   Thumb Code     0  startup_ht32f5xxxx_01.o(RESET)
    SCTM3_IRQHandler                         0x00000121   Thumb Code     0  startup_ht32f5xxxx_01.o(RESET)
    SPI0_IRQHandler                          0x00000121   Thumb Code     0  startup_ht32f5xxxx_01.o(RESET)
    SPI1_IRQHandler                          0x00000121   Thumb Code     0  startup_ht32f5xxxx_01.o(RESET)
    UART0_IRQHandler                         0x00000121   Thumb Code     0  startup_ht32f5xxxx_01.o(RESET)
    UART1_IRQHandler                         0x00000121   Thumb Code     0  startup_ht32f5xxxx_01.o(RESET)
    UART2_IRQHandler                         0x00000121   Thumb Code     0  startup_ht32f5xxxx_01.o(RESET)
    UART3_IRQHandler                         0x00000121   Thumb Code     0  startup_ht32f5xxxx_01.o(RESET)
    USART0_IRQHandler                        0x00000121   Thumb Code     0  startup_ht32f5xxxx_01.o(RESET)
    USART1_IRQHandler                        0x00000121   Thumb Code     0  startup_ht32f5xxxx_01.o(RESET)
    USB_IRQHandler                           0x00000121   Thumb Code     0  startup_ht32f5xxxx_01.o(RESET)
    __main                                   0x00000151   Thumb Code     0  entry.o(.ARM.Collect$$$$00000000)
    _main_stk                                0x00000151   Thumb Code     0  entry2.o(.ARM.Collect$$$$00000001)
    _main_scatterload                        0x00000155   Thumb Code     0  entry5.o(.ARM.Collect$$$$00000004)
    __main_after_scatterload                 0x00000159   Thumb Code     0  entry5.o(.ARM.Collect$$$$00000004)
    _main_clock                              0x00000159   Thumb Code     0  entry7b.o(.ARM.Collect$$$$00000008)
    _main_cpp_init                           0x00000159   Thumb Code     0  entry8b.o(.ARM.Collect$$$$0000000A)
    _main_init                               0x00000159   Thumb Code     0  entry9a.o(.ARM.Collect$$$$0000000B)
    __rt_final_cpp                           0x00000161   Thumb Code     0  entry10a.o(.ARM.Collect$$$$0000000D)
    __rt_final_exit                          0x00000161   Thumb Code     0  entry11a.o(.ARM.Collect$$$$0000000F)
    __aeabi_fmul                             0x00000165   Thumb Code   122  fmul.o(.text)
    __aeabi_i2f                              0x000001df   Thumb Code    22  fflti.o(.text)
    __aeabi_f2iz                             0x000001f5   Thumb Code    50  ffixi.o(.text)
    __aeabi_uidiv                            0x00000227   Thumb Code     0  uidiv_div0.o(.text)
    __aeabi_uidivmod                         0x00000227   Thumb Code    62  uidiv_div0.o(.text)
    __aeabi_idiv                             0x00000265   Thumb Code     0  idiv_div0.o(.text)
    __aeabi_idivmod                          0x00000265   Thumb Code    74  idiv_div0.o(.text)
    __I$use$fp                               0x000002b5   Thumb Code     0  iusefp.o(.text)
    _float_round                             0x000002b5   Thumb Code    16  fepilogue.o(.text)
    _float_epilogue                          0x000002c5   Thumb Code   114  fepilogue.o(.text)
    __scatterload                            0x00000339   Thumb Code    28  init.o(.text)
    __scatterload_rt2                        0x00000339   Thumb Code     0  init.o(.text)
    ADC_Cmd                                  0x0000035d   Thumb Code    18  ht32f5xxxx_adc.o(.text.ADC_Cmd)
    ADC_RegularChannelConfig                 0x0000036f   Thumb Code    28  ht32f5xxxx_adc.o(.text.ADC_RegularChannelConfig)
    ADC_RegularGroupConfig                   0x0000038d   Thumb Code    32  ht32f5xxxx_adc.o(.text.ADC_RegularGroupConfig)
    ADC_RegularTrigConfig                    0x000003b1   Thumb Code    10  ht32f5xxxx_adc.o(.text.ADC_RegularTrigConfig)
    ADC_SamplingTimeConfig                   0x000003bb   Thumb Code     4  ht32f5xxxx_adc.o(.text.ADC_SamplingTimeConfig)
    ADC_SoftwareStartConvCmd                 0x000003bf   Thumb Code    16  ht32f5xxxx_adc.o(.text.ADC_SoftwareStartConvCmd)
    AFIO_EXTISourceConfig                    0x000003d1   Thumb Code    44  ht32f5xxxx_gpio.o(.text.AFIO_EXTISourceConfig)
    AFIO_GPxConfig                           0x00000401   Thumb Code   100  ht32f5xxxx_gpio.o(.text.AFIO_GPxConfig)
    BFTM0_IRQHandler                         0x00000469   Thumb Code    16  al00_micro_ht32f52241.o(.text.BFTM0_IRQHandler)
    BFTM1_IRQHandler                         0x00000481   Thumb Code    16  al00_micro_ht32f52241.o(.text.BFTM1_IRQHandler)
    BFTM_ClearFlag                           0x00000499   Thumb Code    14  ht32f5xxxx_bftm.o(.text.BFTM_ClearFlag)
    BFTM_EnaCmd                              0x000004a7   Thumb Code    18  ht32f5xxxx_bftm.o(.text.BFTM_EnaCmd)
    BFTM_GetCounter                          0x000004b9   Thumb Code     4  ht32f5xxxx_bftm.o(.text.BFTM_GetCounter)
    BFTM_IntConfig                           0x000004bd   Thumb Code    16  ht32f5xxxx_bftm.o(.text.BFTM_IntConfig)
    BFTM_OneShotModeCmd                      0x000004cd   Thumb Code    18  ht32f5xxxx_bftm.o(.text.BFTM_OneShotModeCmd)
    BFTM_SetCompare                          0x000004df   Thumb Code     4  ht32f5xxxx_bftm.o(.text.BFTM_SetCompare)
    BFTM_SetCounter                          0x000004e3   Thumb Code     4  ht32f5xxxx_bftm.o(.text.BFTM_SetCounter)
    CKCU_Configuration                       0x000004e9   Thumb Code    20  al00_micro_ht32f52241.o(.text.CKCU_Configuration)
    CKCU_GetClocksFrequency                  0x00000501   Thumb Code   104  ht32f5xxxx_ckcu.o(.text.CKCU_GetClocksFrequency)
    CKCU_GetPLLFrequency                     0x0000056d   Thumb Code    56  ht32f5xxxx_ckcu.o(.text.CKCU_GetPLLFrequency)
    CKCU_GetPeripFrequency                   0x000005b1   Thumb Code    48  ht32f5xxxx_ckcu.o(.text.CKCU_GetPeripFrequency)
    CKCU_PeripClockConfig                    0x000005e5   Thumb Code    52  ht32f5xxxx_ckcu.o(.text.CKCU_PeripClockConfig)
    CKCU_SetADCPrescaler                     0x0000061d   Thumb Code    20  ht32f5xxxx_ckcu.o(.text.CKCU_SetADCPrescaler)
    EXTI0_1_IRQHandler                       0x00000635   Thumb Code   100  al00_micro_ht32f52241.o(.text.EXTI0_1_IRQHandler)
    EXTI2_3_IRQHandler                       0x00000699   Thumb Code   100  al00_micro_ht32f52241.o(.text.EXTI2_3_IRQHandler)
    EXTI4_15_IRQHandler                      0x000006fd   Thumb Code   580  al00_micro_ht32f52241.o(.text.EXTI4_15_IRQHandler)
    EXTI_ClearEdgeFlag                       0x00000949   Thumb Code    12  ht32f5xxxx_exti.o(.text.EXTI_ClearEdgeFlag)
    EXTI_GetEdgeStatus                       0x00000955   Thumb Code    32  ht32f5xxxx_exti.o(.text.EXTI_GetEdgeStatus)
    EXTI_Init                                0x00000979   Thumb Code    24  ht32f5xxxx_exti.o(.text.EXTI_Init)
    GPIO_DirectionConfig                     0x00000995   Thumb Code    20  ht32f5xxxx_gpio.o(.text.GPIO_DirectionConfig)
    GPIO_DriveConfig                         0x000009a9   Thumb Code    50  ht32f5xxxx_gpio.o(.text.GPIO_DriveConfig)
    GPIO_InputConfig                         0x000009db   Thumb Code    20  ht32f5xxxx_gpio.o(.text.GPIO_InputConfig)
    GPIO_PullResistorConfig                  0x000009ef   Thumb Code    50  ht32f5xxxx_gpio.o(.text.GPIO_PullResistorConfig)
    GPIO_ReadInBit                           0x00000a21   Thumb Code    10  ht32f5xxxx_gpio.o(.text.GPIO_ReadInBit)
    HT32F_DVB_COMInit                        0x00000a2d   Thumb Code    80  ht32_board.o(.text.HT32F_DVB_COMInit)
    HardFault_Handler                        0x00000a81   Thumb Code    12  ht32f5xxxx_01_it.o(.text.HardFault_Handler)
    MCTM0_IRQHandler                         0x00000a91   Thumb Code    80  al00_micro_ht32f52241.o(.text.MCTM0_IRQHandler)
    MCTM_CHBRKCTRConfig                      0x00000af1   Thumb Code    42  ht32f5xxxx_mctm.o(.text.MCTM_CHBRKCTRConfig)
    MCTM_CHMOECmd                            0x00000b1b   Thumb Code    18  ht32f5xxxx_mctm.o(.text.MCTM_CHMOECmd)
    NMI_Handler                              0x00000b2d   Thumb Code     2  ht32f5xxxx_01_it.o(.text.NMI_Handler)
    NVIC_Configuration                       0x00000b2f   Thumb Code    12  al00_micro_ht32f52241.o(.text.NVIC_Configuration)
    NVIC_SetVectorTable                      0x00000b51   Thumb Code    12  ht32_cm0plus_misc.o(.text.NVIC_SetVectorTable)
    PendSV_Handler                           0x00000b65   Thumb Code     2  ht32f5xxxx_01_it.o(.text.PendSV_Handler)
    RETARGET_Configuration                   0x00000b67   Thumb Code    30  ht32_retarget.o(.text.RETARGET_Configuration)
    SCTM0_IRQHandler                         0x00000b85   Thumb Code    52  al00_micro_ht32f52241.o(.text.SCTM0_IRQHandler)
    SCTM1_IRQHandler                         0x00000bc1   Thumb Code    20  al00_micro_ht32f52241.o(.text.SCTM1_IRQHandler)
    SVC_Handler                              0x00000bdd   Thumb Code     2  ht32f5xxxx_01_it.o(.text.SVC_Handler)
    SYSTICK_ClockSourceConfig                0x00000be1   Thumb Code    24  ht32_cm0plus_misc.o(.text.SYSTICK_ClockSourceConfig)
    SYSTICK_Configuration                    0x00000bf9   Thumb Code    48  al00_micro_ht32f52241.o(.text.SYSTICK_Configuration)
    SYSTICK_CounterCmd                       0x00000c2d   Thumb Code    40  ht32_cm0plus_misc.o(.text.SYSTICK_CounterCmd)
    SYSTICK_IntConfig                        0x00000c55   Thumb Code    20  ht32_cm0plus_misc.o(.text.SYSTICK_IntConfig)
    SYSTICK_SetReloadValue                   0x00000c6d   Thumb Code     8  ht32_cm0plus_misc.o(.text.SYSTICK_SetReloadValue)
    SysTick_Handler                          0x00000c79   Thumb Code    12  al00_micro_ht32f52241.o(.text.SysTick_Handler)
    SystemInit                               0x00000c85   Thumb Code   208  system_ht32f5xxxx_02.o(.text.SystemInit)
    Systick_GetTick                          0x00000d69   Thumb Code     8  al00_micro_ht32f52241.o(.text.Systick_GetTick)
    TM_ChannelConfig                         0x00000d75   Thumb Code    24  ht32f5xxxx_tm.o(.text.TM_ChannelConfig)
    TM_ChannelED                             0x00000d8d   Thumb Code    28  al00_micro_ht32f52241.o(.text.TM_ChannelED)
    TM_ClearFlag                             0x00000da9   Thumb Code    10  ht32f5xxxx_tm.o(.text.TM_ClearFlag)
    TM_ClearIntPendingBit                    0x00000db3   Thumb Code    10  ht32f5xxxx_tm.o(.text.TM_ClearIntPendingBit)
    TM_Cmd                                   0x00000dbd   Thumb Code    16  ht32f5xxxx_tm.o(.text.TM_Cmd)
    TM_GetCaptureCompare                     0x00000dcd   Thumb Code    10  ht32f5xxxx_tm.o(.text.TM_GetCaptureCompare)
    TM_GetFlagStatus                         0x00000dd7   Thumb Code    10  ht32f5xxxx_tm.o(.text.TM_GetFlagStatus)
    TM_IntConfig                             0x00000de1   Thumb Code    20  ht32f5xxxx_tm.o(.text.TM_IntConfig)
    TM_OutputInit                            0x00000df5   Thumb Code   172  ht32f5xxxx_tm.o(.text.TM_OutputInit)
    TM_SetCaptureCompare                     0x00000ea5   Thumb Code    10  ht32f5xxxx_tm.o(.text.TM_SetCaptureCompare)
    TM_SetCounter                            0x00000eaf   Thumb Code     6  ht32f5xxxx_tm.o(.text.TM_SetCounter)
    TM_SetCounterReload                      0x00000eb5   Thumb Code     6  ht32f5xxxx_tm.o(.text.TM_SetCounterReload)
    TM_TimeBaseInit                          0x00000ebd   Thumb Code    60  ht32f5xxxx_tm.o(.text.TM_TimeBaseInit)
    USART_Init                               0x00000efd   Thumb Code    80  ht32f5xxxx_usart.o(.text.USART_Init)
    USART_TxRxCmd                            0x00000f65   Thumb Code    24  ht32f5xxxx_usart.o(.text.USART_TxRxCmd)
    bemf_sense_set_type                      0x00000fad   Thumb Code     8  al03_motor_3phase_driver.o(.text.bemf_sense_set_type)
    bemf_zcd_disable_detection_within_time_us 0x00000fb5   Thumb Code   120  al03_motor_3phase_driver.o(.text.bemf_zcd_disable_detection_within_time_us)
    blanking_timer_expired_callback          0x00001031   Thumb Code   172  al03_motor_3phase_driver.o(.text.blanking_timer_expired_callback)
    board_adc_get_vbus_voltage_C             0x000010e5   Thumb Code    12  al01_board_iq_aed_rev20191011.o(.text.board_adc_get_vbus_voltage_C)
    board_hardware_configuration             0x000010f9   Thumb Code   116  al01_board_iq_aed_rev20191011.o(.text.board_hardware_configuration)
    board_scheduler_is_time_expired          0x00001181   Thumb Code    20  al01_board_iq_aed_rev20191011.o(.text.board_scheduler_is_time_expired)
    board_scheduler_load_timer               0x00001195   Thumb Code    12  al01_board_iq_aed_rev20191011.o(.text.board_scheduler_load_timer)
    calculate_times                          0x000011a1   Thumb Code   136  al03_motor_3phase_driver.o(.text.calculate_times)
    calculate_zcd_expected_default           0x0000122d   Thumb Code     8  al03_motor_3phase_driver.o(.text.calculate_zcd_expected_default)
    check_VBus_task                          0x00001235   Thumb Code   204  al03_vbus_control.o(.text.check_VBus_task)
    commutation_callback                     0x0000131d   Thumb Code   276  al03_motor_3phase_driver.o(.text.commutation_callback)
    empty_func_to_avoid_hard_fault           0x00001451   Thumb Code     2  al00_micro_ht32f52241.o(.text.empty_func_to_avoid_hard_fault)
    end_of_toff_pwm_callback                 0x00001455   Thumb Code    60  al03_motor_3phase_driver.o(.text.end_of_toff_pwm_callback)
    exti1_callback                           0x00001495   Thumb Code     8  al03_motor_3phase_driver.o(.text.exti1_callback)
    exti3_callback                           0x0000149d   Thumb Code     8  al03_motor_3phase_driver.o(.text.exti3_callback)
    exti5_callback                           0x000014a5   Thumb Code     8  al03_motor_3phase_driver.o(.text.exti5_callback)
    hardware_gpio_config_edge_events_pins_load_config 0x000014ad   Thumb Code    32  al00_micro_ht32f52241.o(.text.hardware_gpio_config_edge_events_pins_load_config)
    hardware_gpio_config_hiz_pins_load_config 0x000014d1   Thumb Code    32  al00_micro_ht32f52241.o(.text.hardware_gpio_config_hiz_pins_load_config)
    hardware_gpio_config_inputs_pins_load_config 0x000014f5   Thumb Code    32  al00_micro_ht32f52241.o(.text.hardware_gpio_config_inputs_pins_load_config)
    hardware_gpio_config_output_pp_pins_load_config 0x00001519   Thumb Code    32  al00_micro_ht32f52241.o(.text.hardware_gpio_config_output_pp_pins_load_config)
    hardware_gpio_event_rising_event_link_callback 0x00001541   Thumb Code    20  al00_micro_ht32f52241.o(.text.hardware_gpio_event_rising_event_link_callback)
    hardware_htim_link_callback              0x00001559   Thumb Code    24  al00_micro_ht32f52241.o(.text.hardware_htim_link_callback)
    hardware_pwm_break_function_link_callback 0x00001581   Thumb Code     8  al00_micro_ht32f52241.o(.text.hardware_pwm_break_function_link_callback)
    hardware_pwm_end_toff_link_callback      0x0000158d   Thumb Code     8  al00_micro_ht32f52241.o(.text.hardware_pwm_end_toff_link_callback)
    hardware_pwm_get_period_us               0x00001599   Thumb Code     8  al00_micro_ht32f52241.o(.text.hardware_pwm_get_period_us)
    hardware_pwm_get_ton_us                  0x000015a1   Thumb Code    20  al00_micro_ht32f52241.o(.text.hardware_pwm_get_ton_us)
    hardware_pwm_set_counter_to_toff         0x000015b5   Thumb Code    36  al00_micro_ht32f52241.o(.text.hardware_pwm_set_counter_to_toff)
    hardware_pwm_set_outputs_to_toff         0x000015dd   Thumb Code    12  al00_micro_ht32f52241.o(.text.hardware_pwm_set_outputs_to_toff)
    hardware_pwm_set_period_us               0x000015e9   Thumb Code    28  al00_micro_ht32f52241.o(.text.hardware_pwm_set_period_us)
    hardware_pwm_set_sense_on_toff_before_ton_us 0x00001609   Thumb Code     8  al00_micro_ht32f52241.o(.text.hardware_pwm_set_sense_on_toff_before_ton_us)
    hardware_pwm_set_toff_us                 0x00001611   Thumb Code    64  al00_micro_ht32f52241.o(.text.hardware_pwm_set_toff_us)
    hardware_pwm_set_ton_us                  0x00001651   Thumb Code   148  al00_micro_ht32f52241.o(.text.hardware_pwm_set_ton_us)
    inverter_3phase_comm_next_seq            0x000016f1   Thumb Code    60  al02_inverter_3phase.o(.text.inverter_3phase_comm_next_seq)
    inverter_3phase_comm_next_seq_pasive     0x0000172d   Thumb Code    56  al02_inverter_3phase.o(.text.inverter_3phase_comm_next_seq_pasive)
    inverter_3phase_comm_set_seq             0x00001765   Thumb Code   680  al02_inverter_3phase.o(.text.inverter_3phase_comm_set_seq)
    inverter_3phase_get_actual_bemf_out      0x00001a1d   Thumb Code    36  al02_inverter_3phase.o(.text.inverter_3phase_get_actual_bemf_out)
    inverter_3phase_get_actual_bemf_slope    0x00001a41   Thumb Code    28  al02_inverter_3phase.o(.text.inverter_3phase_get_actual_bemf_slope)
    inverter_3phase_init_config              0x00001a61   Thumb Code    76  al02_inverter_3phase.o(.text.inverter_3phase_init_config)
    inverter_3phase_set_comm_direction       0x00001ab1   Thumb Code    20  al02_inverter_3phase.o(.text.inverter_3phase_set_comm_direction)
    link_zcd_expected_calculate_function     0x00001ac9   Thumb Code     8  al03_motor_3phase_driver.o(.text.link_zcd_expected_calculate_function)
    main                                     0x00001ad5   Thumb Code    32  main.o(.text.main)
    micro_config                             0x00001b95   Thumb Code    48  al00_micro_ht32f52241.o(.text.micro_config)
    motor_3phase_abort_motor                 0x000020c9   Thumb Code   156  al03_motor_3phase_driver.o(.text.motor_3phase_abort_motor)
    motor_3phase_init                        0x0000216d   Thumb Code   144  al03_motor_3phase_driver.o(.text.motor_3phase_init)
    motor_3phase_set_motor_direction         0x00002225   Thumb Code    32  al03_motor_3phase_driver.o(.text.motor_3phase_set_motor_direction)
    motor_3phase_set_pwm_duty_set_point      0x00002245   Thumb Code    40  al03_motor_3phase_driver.o(.text.motor_3phase_set_pwm_duty_set_point)
    motor_3phase_speed_force                 0x0000226d   Thumb Code     8  al03_motor_3phase_driver.o(.text.motor_3phase_speed_force)
    motor_3phase_start_motor                 0x00002275   Thumb Code    40  al03_motor_3phase_driver.o(.text.motor_3phase_start_motor)
    motor_3phase_starting_state_machine      0x0000229d   Thumb Code   504  al03_motor_3phase_driver.o(.text.motor_3phase_starting_state_machine)
    motor_3phase_task                        0x000024c1   Thumb Code    28  al03_motor_3phase_driver.o(.text.motor_3phase_task)
    motor_watchdog_callback                  0x000024e1   Thumb Code    64  al03_motor_3phase_driver.o(.text.motor_watchdog_callback)
    update_pwm_duty                          0x00002525   Thumb Code    76  al03_motor_3phase_driver.o(.text.update_pwm_duty)
    update_pwm_period                        0x00002575   Thumb Code    32  al03_motor_3phase_driver.o(.text.update_pwm_period)
    zcd_event                                0x00002599   Thumb Code    52  al03_motor_3phase_driver.o(.text.zcd_event)
    zcd_event_correct_timing_comm            0x000025d1   Thumb Code   136  al03_motor_3phase_driver.o(.text.zcd_event_correct_timing_comm)
    zcd_event_first_steps_state              0x0000265d   Thumb Code   236  al03_motor_3phase_driver.o(.text.zcd_event_first_steps_state)
    zcd_event_freewheel_period_measure       0x00002759   Thumb Code   320  al03_motor_3phase_driver.o(.text.zcd_event_freewheel_period_measure)
    __scatterload_copy                       0x000028b5   Thumb Code    14  handlers.o(i.__scatterload_copy)
    __scatterload_null                       0x000028c3   Thumb Code     2  handlers.o(i.__scatterload_null)
    __scatterload_zeroinit                   0x000028c5   Thumb Code    14  handlers.o(i.__scatterload_zeroinit)
    Region$$Table$$Base                      0x000028e0   Number         0  anon$$obj.o(Region$$Table)
    Region$$Table$$Limit                     0x00002900   Number         0  anon$$obj.o(Region$$Table)
    SystemCoreClock                          0x20000000   Data           4  system_ht32f5xxxx_02.o(.data.SystemCoreClock)
    func_ptr_callback_bftm0                  0x2000000c   Data           4  al00_micro_ht32f52241.o(.data.func_ptr_callback_bftm0)
    func_ptr_callback_bftm1                  0x20000010   Data           4  al00_micro_ht32f52241.o(.data.func_ptr_callback_bftm1)
    func_ptr_callback_falling_exti           0x20000014   Data          64  al00_micro_ht32f52241.o(.data.func_ptr_callback_falling_exti)
    func_ptr_callback_pwm_break              0x20000054   Data           4  al00_micro_ht32f52241.o(.data.func_ptr_callback_pwm_break)
    func_ptr_callback_pwm_end_toff           0x20000058   Data           4  al00_micro_ht32f52241.o(.data.func_ptr_callback_pwm_end_toff)
    func_ptr_callback_rising_exti            0x2000005c   Data          64  al00_micro_ht32f52241.o(.data.func_ptr_callback_rising_exti)
    func_ptr_callback_sctm0                  0x2000009c   Data           4  al00_micro_ht32f52241.o(.data.func_ptr_callback_sctm0)
    func_ptr_callback_sctm1                  0x200000a0   Data           4  al00_micro_ht32f52241.o(.data.func_ptr_callback_sctm1)
    speed_control                            0x200000ac   Data           1  al03_vbus_control.o(.data.speed_control)
    vbus_actual_state                        0x200000ad   Data           1  al03_vbus_control.o(.data.vbus_actual_state)
    calculate_zcd_expected                   0x200000b8   Data           4  al03_motor_3phase_driver.o(.bss.calculate_zcd_expected)
    vbus_level                               0x20000184   Data           1  al03_vbus_control.o(.bss.vbus_level)
    __HT_check_sp                            0x20000188   Data           0  startup_ht32f5xxxx_01.o(STACK)
    __initial_sp                             0x20000388   Data           0  startup_ht32f5xxxx_01.o(STACK)



==============================================================================

Memory Map of the image

  Image Entry point : 0x000000ad

  Load Region LR_1 (Base: 0x00000000, Size: 0x000029b0, Max: 0xffffffff, ABSOLUTE)

    Execution Region ER_RO (Exec base: 0x00000000, Load base: 0x00000000, Size: 0x00002900, Max: 0xffffffff, ABSOLUTE)

    Exec Addr    Load Addr    Size         Type   Attr      Idx    E Section Name        Object

    0x00000000   0x00000000   0x00000150   Code   RO          453  * RESET               startup_ht32f5xxxx_01.o
    0x00000150   0x00000150   0x00000000   Code   RO         1406  * .ARM.Collect$$$$00000000  mc_p.l(entry.o)
    0x00000150   0x00000150   0x00000004   Code   RO         1690    .ARM.Collect$$$$00000001  mc_p.l(entry2.o)
    0x00000154   0x00000154   0x00000004   Code   RO         1693    .ARM.Collect$$$$00000004  mc_p.l(entry5.o)
    0x00000158   0x00000158   0x00000000   Code   RO         1695    .ARM.Collect$$$$00000008  mc_p.l(entry7b.o)
    0x00000158   0x00000158   0x00000000   Code   RO         1697    .ARM.Collect$$$$0000000A  mc_p.l(entry8b.o)
    0x00000158   0x00000158   0x00000008   Code   RO         1698    .ARM.Collect$$$$0000000B  mc_p.l(entry9a.o)
    0x00000160   0x00000160   0x00000000   Code   RO         1700    .ARM.Collect$$$$0000000D  mc_p.l(entry10a.o)
    0x00000160   0x00000160   0x00000000   Code   RO         1702    .ARM.Collect$$$$0000000F  mc_p.l(entry11a.o)
    0x00000160   0x00000160   0x00000004   Code   RO         1691    .ARM.Collect$$$$00002712  mc_p.l(entry2.o)
    0x00000164   0x00000164   0x0000007a   Code   RO         1684    .text               mf_p.l(fmul.o)
    0x000001de   0x000001de   0x00000016   Code   RO         1686    .text               mf_p.l(fflti.o)
    0x000001f4   0x000001f4   0x00000032   Code   RO         1688    .text               mf_p.l(ffixi.o)
    0x00000226   0x00000226   0x0000003e   Code   RO         1709    .text               mc_p.l(uidiv_div0.o)
    0x00000264   0x00000264   0x00000050   Code   RO         1711    .text               mc_p.l(idiv_div0.o)
    0x000002b4   0x000002b4   0x00000000   Code   RO         1717    .text               mc_p.l(iusefp.o)
    0x000002b4   0x000002b4   0x00000082   Code   RO         1718    .text               mf_p.l(fepilogue.o)
    0x00000336   0x00000336   0x00000002   PAD
    0x00000338   0x00000338   0x00000024   Code   RO         1730    .text               mc_p.l(init.o)
    0x0000035c   0x0000035c   0x00000012   Code   RO          498    .text.ADC_Cmd       ht32f5xxxx_adc.o
    0x0000036e   0x0000036e   0x0000001c   Code   RO          504    .text.ADC_RegularChannelConfig  ht32f5xxxx_adc.o
    0x0000038a   0x0000038a   0x00000002   PAD
    0x0000038c   0x0000038c   0x00000024   Code   RO          502    .text.ADC_RegularGroupConfig  ht32f5xxxx_adc.o
    0x000003b0   0x000003b0   0x0000000a   Code   RO          506    .text.ADC_RegularTrigConfig  ht32f5xxxx_adc.o
    0x000003ba   0x000003ba   0x00000004   Code   RO          500    .text.ADC_SamplingTimeConfig  ht32f5xxxx_adc.o
    0x000003be   0x000003be   0x00000010   Code   RO          508    .text.ADC_SoftwareStartConvCmd  ht32f5xxxx_adc.o
    0x000003ce   0x000003ce   0x00000002   PAD
    0x000003d0   0x000003d0   0x00000030   Code   RO          760    .text.AFIO_EXTISourceConfig  ht32f5xxxx_gpio.o
    0x00000400   0x00000400   0x00000068   Code   RO          756    .text.AFIO_GPxConfig  ht32f5xxxx_gpio.o
    0x00000468   0x00000468   0x00000018   Code   RO          102    .text.BFTM0_IRQHandler  al00_micro_ht32f52241.o
    0x00000480   0x00000480   0x00000018   Code   RO          104    .text.BFTM1_IRQHandler  al00_micro_ht32f52241.o
    0x00000498   0x00000498   0x0000000e   Code   RO          552    .text.BFTM_ClearFlag  ht32f5xxxx_bftm.o
    0x000004a6   0x000004a6   0x00000012   Code   RO          536    .text.BFTM_EnaCmd   ht32f5xxxx_bftm.o
    0x000004b8   0x000004b8   0x00000004   Code   RO          544    .text.BFTM_GetCounter  ht32f5xxxx_bftm.o
    0x000004bc   0x000004bc   0x00000010   Code   RO          548    .text.BFTM_IntConfig  ht32f5xxxx_bftm.o
    0x000004cc   0x000004cc   0x00000012   Code   RO          546    .text.BFTM_OneShotModeCmd  ht32f5xxxx_bftm.o
    0x000004de   0x000004de   0x00000004   Code   RO          538    .text.BFTM_SetCompare  ht32f5xxxx_bftm.o
    0x000004e2   0x000004e2   0x00000004   Code   RO          542    .text.BFTM_SetCounter  ht32f5xxxx_bftm.o
    0x000004e6   0x000004e6   0x00000002   PAD
    0x000004e8   0x000004e8   0x00000018   Code   RO           82    .text.CKCU_Configuration  al00_micro_ht32f52241.o
    0x00000500   0x00000500   0x0000006c   Code   RO          586    .text.CKCU_GetClocksFrequency  ht32f5xxxx_ckcu.o
    0x0000056c   0x0000056c   0x00000044   Code   RO          588    .text.CKCU_GetPLLFrequency  ht32f5xxxx_ckcu.o
    0x000005b0   0x000005b0   0x00000034   Code   RO          592    .text.CKCU_GetPeripFrequency  ht32f5xxxx_ckcu.o
    0x000005e4   0x000005e4   0x00000038   Code   RO          618    .text.CKCU_PeripClockConfig  ht32f5xxxx_ckcu.o
    0x0000061c   0x0000061c   0x00000018   Code   RO          584    .text.CKCU_SetADCPrescaler  ht32f5xxxx_ckcu.o
    0x00000634   0x00000634   0x00000064   Code   RO          108    .text.EXTI0_1_IRQHandler  al00_micro_ht32f52241.o
    0x00000698   0x00000698   0x00000064   Code   RO          110    .text.EXTI2_3_IRQHandler  al00_micro_ht32f52241.o
    0x000006fc   0x000006fc   0x0000024c   Code   RO          112    .text.EXTI4_15_IRQHandler  al00_micro_ht32f52241.o
    0x00000948   0x00000948   0x0000000c   Code   RO          664    .text.EXTI_ClearEdgeFlag  ht32f5xxxx_exti.o
    0x00000954   0x00000954   0x00000024   Code   RO          670    .text.EXTI_GetEdgeStatus  ht32f5xxxx_exti.o
    0x00000978   0x00000978   0x0000001c   Code   RO          656    .text.EXTI_Init     ht32f5xxxx_exti.o
    0x00000994   0x00000994   0x00000014   Code   RO          722    .text.GPIO_DirectionConfig  ht32f5xxxx_gpio.o
    0x000009a8   0x000009a8   0x00000032   Code   RO          728    .text.GPIO_DriveConfig  ht32f5xxxx_gpio.o
    0x000009da   0x000009da   0x00000014   Code   RO          726    .text.GPIO_InputConfig  ht32f5xxxx_gpio.o
    0x000009ee   0x000009ee   0x00000032   Code   RO          724    .text.GPIO_PullResistorConfig  ht32f5xxxx_gpio.o
    0x00000a20   0x00000a20   0x0000000a   Code   RO          732    .text.GPIO_ReadInBit  ht32f5xxxx_gpio.o
    0x00000a2a   0x00000a2a   0x00000002   PAD
    0x00000a2c   0x00000a2c   0x00000054   Code   RO         1273    .text.HT32F_DVB_COMInit  ht32_board.o
    0x00000a80   0x00000a80   0x00000010   Code   RO           14    .text.HardFault_Handler  ht32f5xxxx_01_it.o
    0x00000a90   0x00000a90   0x00000060   Code   RO           46    .text.MCTM0_IRQHandler  al00_micro_ht32f52241.o
    0x00000af0   0x00000af0   0x0000002a   Code   RO          838    .text.MCTM_CHBRKCTRConfig  ht32f5xxxx_mctm.o
    0x00000b1a   0x00000b1a   0x00000012   Code   RO          836    .text.MCTM_CHMOECmd  ht32f5xxxx_mctm.o
    0x00000b2c   0x00000b2c   0x00000002   Code   RO           12    .text.NMI_Handler   ht32f5xxxx_01_it.o
    0x00000b2e   0x00000b2e   0x0000000c   Code   RO           80    .text.NVIC_Configuration  al00_micro_ht32f52241.o
    0x00000b3a   0x00000b3a   0x00000002   PAD
    0x00000b3c   0x00000b3c   0x00000014   Code   RO          122    .text.NVIC_EnableIRQ  al00_micro_ht32f52241.o
    0x00000b50   0x00000b50   0x00000014   Code   RO          464    .text.NVIC_SetVectorTable  ht32_cm0plus_misc.o
    0x00000b64   0x00000b64   0x00000002   Code   RO           18    .text.PendSV_Handler  ht32f5xxxx_01_it.o
    0x00000b66   0x00000b66   0x0000001e   Code   RO         1224    .text.RETARGET_Configuration  ht32_retarget.o
    0x00000b84   0x00000b84   0x0000003c   Code   RO           74    .text.SCTM0_IRQHandler  al00_micro_ht32f52241.o
    0x00000bc0   0x00000bc0   0x0000001c   Code   RO           76    .text.SCTM1_IRQHandler  al00_micro_ht32f52241.o
    0x00000bdc   0x00000bdc   0x00000002   Code   RO           16    .text.SVC_Handler   ht32f5xxxx_01_it.o
    0x00000bde   0x00000bde   0x00000002   PAD
    0x00000be0   0x00000be0   0x00000018   Code   RO          470    .text.SYSTICK_ClockSourceConfig  ht32_cm0plus_misc.o
    0x00000bf8   0x00000bf8   0x00000034   Code   RO           86    .text.SYSTICK_Configuration  al00_micro_ht32f52241.o
    0x00000c2c   0x00000c2c   0x00000028   Code   RO          472    .text.SYSTICK_CounterCmd  ht32_cm0plus_misc.o
    0x00000c54   0x00000c54   0x00000018   Code   RO          474    .text.SYSTICK_IntConfig  ht32_cm0plus_misc.o
    0x00000c6c   0x00000c6c   0x0000000c   Code   RO          476    .text.SYSTICK_SetReloadValue  ht32_cm0plus_misc.o
    0x00000c78   0x00000c78   0x0000000c   Code   RO           32    .text.SysTick_Handler  al00_micro_ht32f52241.o
    0x00000c84   0x00000c84   0x000000e4   Code   RO          439    .text.SystemInit    system_ht32f5xxxx_02.o
    0x00000d68   0x00000d68   0x0000000c   Code   RO           30    .text.Systick_GetTick  al00_micro_ht32f52241.o
    0x00000d74   0x00000d74   0x00000018   Code   RO         1064    .text.TM_ChannelConfig  ht32f5xxxx_tm.o
    0x00000d8c   0x00000d8c   0x0000001c   Code   RO          118    .text.TM_ChannelED  al00_micro_ht32f52241.o
    0x00000da8   0x00000da8   0x0000000a   Code   RO         1102    .text.TM_ClearFlag  ht32f5xxxx_tm.o
    0x00000db2   0x00000db2   0x0000000a   Code   RO         1108    .text.TM_ClearIntPendingBit  ht32f5xxxx_tm.o
    0x00000dbc   0x00000dbc   0x00000010   Code   RO         1034    .text.TM_Cmd        ht32f5xxxx_tm.o
    0x00000dcc   0x00000dcc   0x0000000a   Code   RO         1092    .text.TM_GetCaptureCompare  ht32f5xxxx_tm.o
    0x00000dd6   0x00000dd6   0x0000000a   Code   RO         1100    .text.TM_GetFlagStatus  ht32f5xxxx_tm.o
    0x00000de0   0x00000de0   0x00000014   Code   RO         1104    .text.TM_IntConfig  ht32f5xxxx_tm.o
    0x00000df4   0x00000df4   0x000000b0   Code   RO         1018    .text.TM_OutputInit  ht32f5xxxx_tm.o
    0x00000ea4   0x00000ea4   0x0000000a   Code   RO         1086    .text.TM_SetCaptureCompare  ht32f5xxxx_tm.o
    0x00000eae   0x00000eae   0x00000006   Code   RO         1082    .text.TM_SetCounter  ht32f5xxxx_tm.o
    0x00000eb4   0x00000eb4   0x00000006   Code   RO         1084    .text.TM_SetCounterReload  ht32f5xxxx_tm.o
    0x00000eba   0x00000eba   0x00000002   PAD
    0x00000ebc   0x00000ebc   0x00000040   Code   RO         1016    .text.TM_TimeBaseInit  ht32f5xxxx_tm.o
    0x00000efc   0x00000efc   0x00000068   Code   RO         1122    .text.USART_Init    ht32f5xxxx_usart.o
    0x00000f64   0x00000f64   0x00000018   Code   RO         1136    .text.USART_TxRxCmd  ht32f5xxxx_usart.o
    0x00000f7c   0x00000f7c   0x00000030   Code   RO          120    .text._HT32F_DVB_ClockConfig  al00_micro_ht32f52241.o
    0x00000fac   0x00000fac   0x00000008   Code   RO          312    .text.bemf_sense_set_type  al03_motor_3phase_driver.o
    0x00000fb4   0x00000fb4   0x0000007c   Code   RO          314    .text.bemf_zcd_disable_detection_within_time_us  al03_motor_3phase_driver.o
    0x00001030   0x00001030   0x000000b4   Code   RO          284    .text.blanking_timer_expired_callback  al03_motor_3phase_driver.o
    0x000010e4   0x000010e4   0x00000014   Code   RO          171    .text.board_adc_get_vbus_voltage_C  al01_board_iq_aed_rev20191011.o
    0x000010f8   0x000010f8   0x00000088   Code   RO          165    .text.board_hardware_configuration  al01_board_iq_aed_rev20191011.o
    0x00001180   0x00001180   0x00000014   Code   RO          169    .text.board_scheduler_is_time_expired  al01_board_iq_aed_rev20191011.o
    0x00001194   0x00001194   0x0000000c   Code   RO          167    .text.board_scheduler_load_timer  al01_board_iq_aed_rev20191011.o
    0x000011a0   0x000011a0   0x0000008c   Code   RO          320    .text.calculate_times  al03_motor_3phase_driver.o
    0x0000122c   0x0000122c   0x00000008   Code   RO          300    .text.calculate_zcd_expected_default  al03_motor_3phase_driver.o
    0x00001234   0x00001234   0x000000e8   Code   RO          367    .text.check_VBus_task  al03_vbus_control.o
    0x0000131c   0x0000131c   0x0000012c   Code   RO          296    .text.commutation_callback  al03_motor_3phase_driver.o
    0x00001448   0x00001448   0x00000008   Code   RO          219    .text.current_sensor_i_peak_callback  al02_inverter_3phase.o
    0x00001450   0x00001450   0x00000002   Code   RO           28    .text.empty_func_to_avoid_hard_fault  al00_micro_ht32f52241.o
    0x00001452   0x00001452   0x00000002   PAD
    0x00001454   0x00001454   0x00000040   Code   RO          286    .text.end_of_toff_pwm_callback  al03_motor_3phase_driver.o
    0x00001494   0x00001494   0x00000008   Code   RO          288    .text.exti1_callback  al03_motor_3phase_driver.o
    0x0000149c   0x0000149c   0x00000008   Code   RO          292    .text.exti3_callback  al03_motor_3phase_driver.o
    0x000014a4   0x000014a4   0x00000008   Code   RO          290    .text.exti5_callback  al03_motor_3phase_driver.o
    0x000014ac   0x000014ac   0x00000024   Code   RO           38    .text.hardware_gpio_config_edge_events_pins_load_config  al00_micro_ht32f52241.o
    0x000014d0   0x000014d0   0x00000024   Code   RO           36    .text.hardware_gpio_config_hiz_pins_load_config  al00_micro_ht32f52241.o
    0x000014f4   0x000014f4   0x00000024   Code   RO           40    .text.hardware_gpio_config_inputs_pins_load_config  al00_micro_ht32f52241.o
    0x00001518   0x00001518   0x00000028   Code   RO           34    .text.hardware_gpio_config_output_pp_pins_load_config  al00_micro_ht32f52241.o
    0x00001540   0x00001540   0x00000018   Code   RO          114    .text.hardware_gpio_event_rising_event_link_callback  al00_micro_ht32f52241.o
    0x00001558   0x00001558   0x00000028   Code   RO          106    .text.hardware_htim_link_callback  al00_micro_ht32f52241.o
    0x00001580   0x00001580   0x0000000c   Code   RO           44    .text.hardware_pwm_break_function_link_callback  al00_micro_ht32f52241.o
    0x0000158c   0x0000158c   0x0000000c   Code   RO           42    .text.hardware_pwm_end_toff_link_callback  al00_micro_ht32f52241.o
    0x00001598   0x00001598   0x00000008   Code   RO           50    .text.hardware_pwm_get_period_us  al00_micro_ht32f52241.o
    0x000015a0   0x000015a0   0x00000014   Code   RO           54    .text.hardware_pwm_get_ton_us  al00_micro_ht32f52241.o
    0x000015b4   0x000015b4   0x00000028   Code   RO           66    .text.hardware_pwm_set_counter_to_toff  al00_micro_ht32f52241.o
    0x000015dc   0x000015dc   0x0000000c   Code   RO           64    .text.hardware_pwm_set_outputs_to_toff  al00_micro_ht32f52241.o
    0x000015e8   0x000015e8   0x00000020   Code   RO           48    .text.hardware_pwm_set_period_us  al00_micro_ht32f52241.o
    0x00001608   0x00001608   0x00000008   Code   RO           60    .text.hardware_pwm_set_sense_on_toff_before_ton_us  al00_micro_ht32f52241.o
    0x00001610   0x00001610   0x00000040   Code   RO           56    .text.hardware_pwm_set_toff_us  al00_micro_ht32f52241.o
    0x00001650   0x00001650   0x000000a0   Code   RO           52    .text.hardware_pwm_set_ton_us  al00_micro_ht32f52241.o
    0x000016f0   0x000016f0   0x0000003c   Code   RO          225    .text.inverter_3phase_comm_next_seq  al02_inverter_3phase.o
    0x0000172c   0x0000172c   0x00000038   Code   RO          227    .text.inverter_3phase_comm_next_seq_pasive  al02_inverter_3phase.o
    0x00001764   0x00001764   0x000002b8   Code   RO          221    .text.inverter_3phase_comm_set_seq  al02_inverter_3phase.o
    0x00001a1c   0x00001a1c   0x00000024   Code   RO          243    .text.inverter_3phase_get_actual_bemf_out  al02_inverter_3phase.o
    0x00001a40   0x00001a40   0x00000020   Code   RO          241    .text.inverter_3phase_get_actual_bemf_slope  al02_inverter_3phase.o
    0x00001a60   0x00001a60   0x00000050   Code   RO          217    .text.inverter_3phase_init_config  al02_inverter_3phase.o
    0x00001ab0   0x00001ab0   0x00000018   Code   RO          229    .text.inverter_3phase_set_comm_direction  al02_inverter_3phase.o
    0x00001ac8   0x00001ac8   0x0000000c   Code   RO          298    .text.link_zcd_expected_calculate_function  al03_motor_3phase_driver.o
    0x00001ad4   0x00001ad4   0x00000024   Code   RO            2    .text.main          main.o
    0x00001af8   0x00001af8   0x0000009c   Code   RO          100    .text.micro_adc_config  al00_micro_ht32f52241.o
    0x00001b94   0x00001b94   0x00000030   Code   RO           78    .text.micro_config  al00_micro_ht32f52241.o
    0x00001bc4   0x00001bc4   0x00000190   Code   RO           94    .text.micro_gpios_edge_events_config  al00_micro_ht32f52241.o
    0x00001d54   0x00001d54   0x00000070   Code   RO           92    .text.micro_gpios_hiz_config  al00_micro_ht32f52241.o
    0x00001dc4   0x00001dc4   0x00000074   Code   RO           90    .text.micro_gpios_inputs_pullup_config  al00_micro_ht32f52241.o
    0x00001e38   0x00001e38   0x00000080   Code   RO           88    .text.micro_gpios_outputs_pp_config  al00_micro_ht32f52241.o
    0x00001eb8   0x00001eb8   0x00000138   Code   RO           96    .text.micro_pwm_config  al00_micro_ht32f52241.o
    0x00001ff0   0x00001ff0   0x000000d8   Code   RO           98    .text.micro_timers_config  al00_micro_ht32f52241.o
    0x000020c8   0x000020c8   0x000000a4   Code   RO          308    .text.motor_3phase_abort_motor  al03_motor_3phase_driver.o
    0x0000216c   0x0000216c   0x000000b8   Code   RO          282    .text.motor_3phase_init  al03_motor_3phase_driver.o
    0x00002224   0x00002224   0x00000020   Code   RO          276    .text.motor_3phase_set_motor_direction  al03_motor_3phase_driver.o
    0x00002244   0x00002244   0x00000028   Code   RO          270    .text.motor_3phase_set_pwm_duty_set_point  al03_motor_3phase_driver.o
    0x0000226c   0x0000226c   0x00000008   Code   RO          334    .text.motor_3phase_speed_force  al03_motor_3phase_driver.o
    0x00002274   0x00002274   0x00000028   Code   RO          306    .text.motor_3phase_start_motor  al03_motor_3phase_driver.o
    0x0000229c   0x0000229c   0x00000224   Code   RO          304    .text.motor_3phase_starting_state_machine  al03_motor_3phase_driver.o
    0x000024c0   0x000024c0   0x00000020   Code   RO          302    .text.motor_3phase_task  al03_motor_3phase_driver.o
    0x000024e0   0x000024e0   0x00000044   Code   RO          294    .text.motor_watchdog_callback  al03_motor_3phase_driver.o
    0x00002524   0x00002524   0x00000050   Code   RO          316    .text.update_pwm_duty  al03_motor_3phase_driver.o
    0x00002574   0x00002574   0x00000024   Code   RO          318    .text.update_pwm_period  al03_motor_3phase_driver.o
    0x00002598   0x00002598   0x00000038   Code   RO          328    .text.zcd_event     al03_motor_3phase_driver.o
    0x000025d0   0x000025d0   0x0000008c   Code   RO          326    .text.zcd_event_correct_timing_comm  al03_motor_3phase_driver.o
    0x0000265c   0x0000265c   0x000000fc   Code   RO          322    .text.zcd_event_first_steps_state  al03_motor_3phase_driver.o
    0x00002758   0x00002758   0x0000015c   Code   RO          324    .text.zcd_event_freewheel_period_measure  al03_motor_3phase_driver.o
    0x000028b4   0x000028b4   0x0000000e   Code   RO         1744    i.__scatterload_copy  mc_p.l(handlers.o)
    0x000028c2   0x000028c2   0x00000002   Code   RO         1745    i.__scatterload_null  mc_p.l(handlers.o)
    0x000028c4   0x000028c4   0x0000000e   Code   RO         1746    i.__scatterload_zeroinit  mc_p.l(handlers.o)
    0x000028d2   0x000028d2   0x00000002   PAD
    0x000028d4   0x000028d4   0x0000000c   Data   RO          134    .rodata.GPIO_PORTs  al00_micro_ht32f52241.o
    0x000028e0   0x000028e0   0x00000020   Data   RO         1743    Region$$Table       anon$$obj.o


    Execution Region ER_RW (Exec base: 0x20000000, Load base: 0x00002900, Size: 0x000000b0, Max: 0xffffffff, ABSOLUTE)

    Exec Addr    Load Addr    Size         Type   Attr      Idx    E Section Name        Object

    0x20000000   0x00002900   0x00000004   Data   RW          443    .data.SystemCoreClock  system_ht32f5xxxx_02.o
    0x20000004   0x00002904   0x00000002   Data   RW          372    .data.check_VBus_task.vbus_min  al03_vbus_control.o
    0x20000006   0x00002906   0x00000002   PAD
    0x20000008   0x00002908   0x00000004   Data   RW          371    .data.check_VBus_task.vbus_timer  al03_vbus_control.o
    0x2000000c   0x0000290c   0x00000004   Data   RW          126    .data.func_ptr_callback_bftm0  al00_micro_ht32f52241.o
    0x20000010   0x00002910   0x00000004   Data   RW          127    .data.func_ptr_callback_bftm1  al00_micro_ht32f52241.o
    0x20000014   0x00002914   0x00000040   Data   RW          125    .data.func_ptr_callback_falling_exti  al00_micro_ht32f52241.o
    0x20000054   0x00002954   0x00000004   Data   RW          131    .data.func_ptr_callback_pwm_break  al00_micro_ht32f52241.o
    0x20000058   0x00002958   0x00000004   Data   RW          130    .data.func_ptr_callback_pwm_end_toff  al00_micro_ht32f52241.o
    0x2000005c   0x0000295c   0x00000040   Data   RW          124    .data.func_ptr_callback_rising_exti  al00_micro_ht32f52241.o
    0x2000009c   0x0000299c   0x00000004   Data   RW          128    .data.func_ptr_callback_sctm0  al00_micro_ht32f52241.o
    0x200000a0   0x000029a0   0x00000004   Data   RW          129    .data.func_ptr_callback_sctm1  al00_micro_ht32f52241.o
    0x200000a4   0x000029a4   0x00000004   Data   RW          245    .data.inverter_actual_comm_seq  al02_inverter_3phase.o
    0x200000a8   0x000029a8   0x00000004   Data   RW          139    .data.pwm_time_before_ton_start_us  al00_micro_ht32f52241.o
    0x200000ac   0x000029ac   0x00000001   Data   RW          370    .data.speed_control  al03_vbus_control.o
    0x200000ad   0x000029ad   0x00000001   Data   RW          369    .data.vbus_actual_state  al03_vbus_control.o


    Execution Region ER_ZI (Exec base: 0x200000b0, Load base: 0x000029b0, Size: 0x000002d8, Max: 0xffffffff, ABSOLUTE)

    Exec Addr    Load Addr    Size         Type   Attr      Idx    E Section Name        Object

    0x200000b0        -       0x00000004   Zero   RW           20    .bss.HardFault_Handler.gIsContinue  ht32f5xxxx_01_it.o
    0x200000b4        -       0x00000004   Zero   RW          133    .bss.TickCount      al00_micro_ht32f52241.o
    0x200000b8        -       0x00000004   Zero   RW          354    .bss.calculate_zcd_expected  al03_motor_3phase_driver.o
    0x200000bc        -       0x00000002   Zero   RW          373    .bss.check_VBus_task.sample_count  al03_vbus_control.o
    0x200000be        -       0x00000002   Zero   RW          353    .bss.commutation_callback.zcd_hit_count  al03_motor_3phase_driver.o
    0x200000c0        -       0x00000002   Zero   RW          352    .bss.commutation_callback.zcd_lost_count  al03_motor_3phase_driver.o
    0x200000c2   0x000029b0   0x00000002   PAD
    0x200000c4        -       0x0000000c   Zero   RW          137    .bss.gpio_config_edge_events_pins  al00_micro_ht32f52241.o
    0x200000d0        -       0x0000000c   Zero   RW          136    .bss.gpio_config_hiz_pins  al00_micro_ht32f52241.o
    0x200000dc        -       0x0000000c   Zero   RW          138    .bss.gpio_config_inputs_pins  al00_micro_ht32f52241.o
    0x200000e8        -       0x0000000c   Zero   RW          135    .bss.gpio_config_output_pp_pins  al00_micro_ht32f52241.o
    0x200000f4        -       0x00000070   Zero   RW          344    .bss.gv             al03_motor_3phase_driver.o
    0x20000164        -       0x00000004   Zero   RW          246    .bss.inverter_comm_direction  al02_inverter_3phase.o
    0x20000168        -       0x00000004   Zero   RW          348    .bss.motor_3phase_starting_state_machine.alignment_count  al03_motor_3phase_driver.o
    0x2000016c        -       0x00000004   Zero   RW          346    .bss.motor_3phase_starting_state_machine.timer_alineacion  al03_motor_3phase_driver.o
    0x20000170        -       0x00000004   Zero   RW          345    .bss.motor_3phase_starting_state_machine.timer_bootstrap  al03_motor_3phase_driver.o
    0x20000174        -       0x00000004   Zero   RW          347    .bss.motor_3phase_starting_state_machine.timer_to_running  al03_motor_3phase_driver.o
    0x20000178        -       0x00000004   Zero   RW          349    .bss.motor_3phase_starting_state_machine.zcd_count  al03_motor_3phase_driver.o
    0x2000017c        -       0x00000004   Zero   RW          350    .bss.starting_fail_count  al03_motor_3phase_driver.o
    0x20000180        -       0x00000004   Zero   RW          351    .bss.update_pwm_duty.timer_ramp  al03_motor_3phase_driver.o
    0x20000184        -       0x00000001   Zero   RW          374    .bss.vbus_level     al03_vbus_control.o
    0x20000185   0x000029b0   0x00000003   PAD
    0x20000188        -       0x00000200   Zero   RW          451    STACK               startup_ht32f5xxxx_01.o


==============================================================================

Image component sizes


      Code (inc. data)   RO Data    RW Data    ZI Data      Debug   Object Name

      3298        264         12        156         52      19533   al00_micro_ht32f52241.o
       188         28          0          0          0       2405   al01_board_iq_aed_rev20191011.o
       992        156          0          4          4       5149   al02_inverter_3phase.o
      2888        216          0          0        148      12517   al03_motor_3phase_driver.o
       232         28          0          8          3       1022   al03_vbus_control.o
        84          4          0          0          0      12138   ht32_board.o
       120         16          0          0          0       3725   ht32_cm0plus_misc.o
        30          0          0          0          0       2171   ht32_retarget.o
        22          4          0          0          4        841   ht32f5xxxx_01_it.o
       112          4          0          0          0       5799   ht32f5xxxx_adc.o
        78          0          0          0          0       3787   ht32f5xxxx_bftm.o
       308         36          0          0          0      12713   ht32f5xxxx_ckcu.o
        76          8          0          0          0       4735   ht32f5xxxx_exti.o
       302          8          0          0          0      11482   ht32f5xxxx_gpio.o
        60          0          0          0          0       3859   ht32f5xxxx_mctm.o
       362          8          0          0          0      17771   ht32f5xxxx_tm.o
       128         24          0          0          0       8859   ht32f5xxxx_usart.o
        36          4          0          0          0       1576   main.o
       336        218          0          0        512        692   startup_ht32f5xxxx_01.o
       228         20          0          4          0       2681   system_ht32f5xxxx_02.o

    ----------------------------------------------------------------------
      9896       1046         44        176        728     133455   Object Totals
         0          0         32          0          0          0   (incl. Generated)
        16          0          0          4          5          0   (incl. Padding)

    ----------------------------------------------------------------------

      Code (inc. data)   RO Data    RW Data    ZI Data      Debug   Library Member Name

         0          0          0          0          0          0   entry.o
         0          0          0          0          0          0   entry10a.o
         0          0          0          0          0          0   entry11a.o
         8          4          0          0          0          0   entry2.o
         4          0          0          0          0          0   entry5.o
         0          0          0          0          0          0   entry7b.o
         0          0          0          0          0          0   entry8b.o
         8          4          0          0          0          0   entry9a.o
        30          0          0          0          0          0   handlers.o
        80          6          0          0          0         72   idiv_div0.o
        36          8          0          0          0         68   init.o
         0          0          0          0          0          0   iusefp.o
        62          0          0          0          0         72   uidiv_div0.o
       130          0          0          0          0        144   fepilogue.o
        50          0          0          0          0         60   ffixi.o
        22          0          0          0          0         68   fflti.o
       122          0          0          0          0         72   fmul.o

    ----------------------------------------------------------------------
       556         22          0          0          0        556   Library Totals
         4          0          0          0          0          0   (incl. Padding)

    ----------------------------------------------------------------------

      Code (inc. data)   RO Data    RW Data    ZI Data      Debug   Library Name

       228         22          0          0          0        212   mc_p.l
       324          0          0          0          0        344   mf_p.l

    ----------------------------------------------------------------------
       556         22          0          0          0        556   Library Totals

    ----------------------------------------------------------------------

==============================================================================


      Code (inc. data)   RO Data    RW Data    ZI Data      Debug   

     10452       1068         44        176        728     133627   Grand Totals
     10452       1068         44        176        728     133627   ELF Image Totals
     10452       1068         44        176          0          0   ROM Totals

==============================================================================

    Total RO  Size (Code + RO Data)                10496 (  10.25kB)
    Total RW  Size (RW Data + ZI Data)               904 (   0.88kB)
    Total ROM Size (Code + RO Data + RW Data)      10672 (  10.42kB)

==============================================================================

