<html>
<body>
<pre>
<h1>µVision Build Log</h1>
<h2>Tool Versions:</h2>
IDE-Version: µVision V5.36.0.0
Copyright (C) 2021 ARM Ltd and ARM Germany GmbH. All rights reserved.
License Information: Jose Tantera, Arimex, LIC=----
 
Tool Versions:
Toolchain:       MDK-Lite  Version: 5.36.0.0
Toolchain Path:  C:\Keil_v5\ARM\ARMCLANG\Bin
C Compiler:      ArmClang.exe V6.16
Assembler:       Armasm.exe V6.16
Linker/Locator:  ArmLink.exe V6.16
Library Manager: ArmAr.exe V6.16
Hex Converter:   FromElf.exe V6.16
CPU DLL:         SARMCM3.DLL V5.36.0.0
Dialog DLL:      DARMCM1.DLL V1.19.4.0
Target DLL:      CMSIS_AGDI.dll V1.33.0.0
Dialog DLL:      TARMCM1.DLL V1.14.4.0
 
<h2>Project:</h2>
E:\Arimex\Firmware a tocar\110krpm_UI_Heat\MDK_ARMv5\Project_52241.uvprojx
Project File Date:  11/19/2021

<h2>Output:</h2>
*** Using Compiler 'V6.16', folder: 'C:\Keil_v5\ARM\ARMCLANG\Bin'
Build target 'HT32'
compiling AL01_board_iq_aed_rev20191011.c...
assembling ht32_op.s...
compiling AL03_heater_driver.c...
compiling ht32f5xxxx_01_it.c...
compiling AL00_common_functions.c...
compiling AL02_hairdryer_global_registers.c...
compiling debug.c...
compiling AL01_flash_management.c...
assembling startup_ht32f5xxxx_01.s...
compiling main.c...
compiling AL03_vbus_control.c...
compiling AL02_inverter_3phase.c...
compiling AL04_ui_driver.c...
compiling AL02_switches_leds_mux_driver.c...
compiling system_ht32f5xxxx_02.c...
compiling AL03_motor_3phase_driver.c...
compiling AL00_micro_ht32f52241.c...
compiling ht32f5xxxx_bftm.c...
compiling ht32f5xxxx_crc.c...
compiling ht32_cm0plus_misc.c...
compiling ht32f5xxxx_adc.c...
compiling ht32f5xxxx_exti.c...
compiling ht32f5xxxx_flash.c...
compiling ht32f5xxxx_ckcu.c...
compiling ht32f5xxxx_gpio.c...
compiling ht32f5xxxx_mctm.c...
compiling ht32f5xxxx_rstcu.c...
compiling ht32f5xxxx_pwrcu.c...
compiling ht32f5xxxx_i2c.c...
compiling ht32f5xxxx_rtc.c...
compiling ht32f5xxxx_spi.c...
compiling ht32_retarget.c...
compiling ht32f5xxxx_wdt.c...
compiling ht32f5xxxx_usart.c...
compiling ht32_serial.c...
compiling ht32f5xxxx_tm.c...
compiling ht32_board.c...
compiling i2c_eeprom.c...
compiling spi_flash.c...
compiling spi_lcd.c...
linking...
Program Size: Code=11884 RO-data=44 RW-data=184 ZI-data=752  
FromELF: creating hex file...
After Build - User command #1: fromelf --bin -o ".\HT32\52241\Obj\HT32.axf.bin" ".\HT32\52241\Obj\HT32.axf"
".\HT32\52241\Obj\HT32.axf" - 0 Error(s), 0 Warning(s).

<h2>Software Packages used:</h2>

Package Vendor: Holtek
                http://mcu.holtek.com.tw/pack/Holtek.HT32_DFP.1.0.32.pack
                Holtek.HT32_DFP.1.0.32
                Holtek HT32 Family Support

<h2>Collection of Component include folders:</h2>
  C:\Users\joset\AppData\Local\Arm\Packs\Holtek\HT32_DFP\1.0.32\ARM\INC\Holtek\HT32F5xxxx

<h2>Collection of Component Files used:</h2>
Build Time Elapsed:  00:00:01
</pre>
</body>
</html>
