Component: ARM Compiler 6.16 Tool: armlink [5dfeaa00]

==============================================================================

Section Cross References

    main.o(.text.main) refers to jose.o(.text.GPIO_Config) for GPIO_Config
    main.o(.text.main) refers to al01_board_iq_aed_rev20191011.o(.text.board_hardware_configuration) for board_hardware_configuration
    main.o(.text.main) refers to al01_board_iq_aed_rev20191011.o(.text.board_scheduler_load_timer) for board_scheduler_load_timer
    main.o(.text.main) refers to jose.o(.text.SiguienteSeq) for SiguienteSeq
    main.o(.text.main) refers to al01_board_iq_aed_rev20191011.o(.text.board_scheduler_is_time_expired) for board_scheduler_is_time_expired
    main.o(.text.main) refers to al02_inverter_3phase.o(.text.inverter_3phase_comm_set_seq) for inverter_3phase_comm_set_seq
    main.o(.ARM.exidx.text.main) refers to main.o(.text.main) for [Anonymous Symbol]
    ht32f5xxxx_01_it.o(.ARM.exidx.text.NMI_Handler) refers to ht32f5xxxx_01_it.o(.text.NMI_Handler) for [Anonymous Symbol]
    ht32f5xxxx_01_it.o(.text.HardFault_Handler) refers to ht32f5xxxx_01_it.o(.bss.HardFault_Handler.gIsContinue) for [Anonymous Symbol]
    ht32f5xxxx_01_it.o(.ARM.exidx.text.HardFault_Handler) refers to ht32f5xxxx_01_it.o(.text.HardFault_Handler) for [Anonymous Symbol]
    ht32f5xxxx_01_it.o(.ARM.exidx.text.SVC_Handler) refers to ht32f5xxxx_01_it.o(.text.SVC_Handler) for [Anonymous Symbol]
    ht32f5xxxx_01_it.o(.ARM.exidx.text.PendSV_Handler) refers to ht32f5xxxx_01_it.o(.text.PendSV_Handler) for [Anonymous Symbol]
    al00_micro_ht32f52241.o(.ARM.exidx.text.empty_func_to_avoid_hard_fault) refers to al00_micro_ht32f52241.o(.text.empty_func_to_avoid_hard_fault) for [Anonymous Symbol]
    al00_micro_ht32f52241.o(.text.Systick_GetTick) refers to al00_micro_ht32f52241.o(.bss.TickCount) for [Anonymous Symbol]
    al00_micro_ht32f52241.o(.ARM.exidx.text.Systick_GetTick) refers to al00_micro_ht32f52241.o(.text.Systick_GetTick) for [Anonymous Symbol]
    al00_micro_ht32f52241.o(.text.SysTick_Handler) refers to al00_micro_ht32f52241.o(.bss.TickCount) for [Anonymous Symbol]
    al00_micro_ht32f52241.o(.ARM.exidx.text.SysTick_Handler) refers to al00_micro_ht32f52241.o(.text.SysTick_Handler) for [Anonymous Symbol]
    al00_micro_ht32f52241.o(.text.hardware_gpio_config_output_pp_pins_load_config) refers to al00_micro_ht32f52241.o(.rodata.GPIO_PORTs) for [Anonymous Symbol]
    al00_micro_ht32f52241.o(.text.hardware_gpio_config_output_pp_pins_load_config) refers to al00_micro_ht32f52241.o(.bss.gpio_config_output_pp_pins) for [Anonymous Symbol]
    al00_micro_ht32f52241.o(.ARM.exidx.text.hardware_gpio_config_output_pp_pins_load_config) refers to al00_micro_ht32f52241.o(.text.hardware_gpio_config_output_pp_pins_load_config) for [Anonymous Symbol]
    al00_micro_ht32f52241.o(.text.hardware_gpio_config_hiz_pins_load_config) refers to al00_micro_ht32f52241.o(.rodata.GPIO_PORTs) for [Anonymous Symbol]
    al00_micro_ht32f52241.o(.ARM.exidx.text.hardware_gpio_config_hiz_pins_load_config) refers to al00_micro_ht32f52241.o(.text.hardware_gpio_config_hiz_pins_load_config) for [Anonymous Symbol]
    al00_micro_ht32f52241.o(.text.hardware_gpio_config_edge_events_pins_load_config) refers to al00_micro_ht32f52241.o(.rodata.GPIO_PORTs) for [Anonymous Symbol]
    al00_micro_ht32f52241.o(.ARM.exidx.text.hardware_gpio_config_edge_events_pins_load_config) refers to al00_micro_ht32f52241.o(.text.hardware_gpio_config_edge_events_pins_load_config) for [Anonymous Symbol]
    al00_micro_ht32f52241.o(.text.hardware_gpio_config_inputs_pins_load_config) refers to al00_micro_ht32f52241.o(.rodata.GPIO_PORTs) for [Anonymous Symbol]
    al00_micro_ht32f52241.o(.ARM.exidx.text.hardware_gpio_config_inputs_pins_load_config) refers to al00_micro_ht32f52241.o(.text.hardware_gpio_config_inputs_pins_load_config) for [Anonymous Symbol]
    al00_micro_ht32f52241.o(.text.hardware_pwm_end_toff_link_callback) refers to al00_micro_ht32f52241.o(.data.func_ptr_callback_pwm_end_toff) for func_ptr_callback_pwm_end_toff
    al00_micro_ht32f52241.o(.ARM.exidx.text.hardware_pwm_end_toff_link_callback) refers to al00_micro_ht32f52241.o(.text.hardware_pwm_end_toff_link_callback) for [Anonymous Symbol]
    al00_micro_ht32f52241.o(.text.hardware_pwm_break_function_link_callback) refers to al00_micro_ht32f52241.o(.data.func_ptr_callback_pwm_break) for func_ptr_callback_pwm_break
    al00_micro_ht32f52241.o(.ARM.exidx.text.hardware_pwm_break_function_link_callback) refers to al00_micro_ht32f52241.o(.text.hardware_pwm_break_function_link_callback) for [Anonymous Symbol]
    al00_micro_ht32f52241.o(.ARM.exidx.text.MCTM0_IRQHandler) refers to al00_micro_ht32f52241.o(.text.MCTM0_IRQHandler) for [Anonymous Symbol]
    al00_micro_ht32f52241.o(.text.hardware_pwm_set_period_us) refers to ht32f5xxxx_tm.o(.text.TM_SetCounterReload) for TM_SetCounterReload
[...]
    Removing ht32f5xxxx_mctm.o(.text), (0 bytes).
    Removing ht32f5xxxx_mctm.o(.text.MCTM_ChNPolarityConfig), (20 bytes).
    Removing ht32f5xxxx_mctm.o(.ARM.exidx.text.MCTM_ChNPolarityConfig), (8 bytes).
    Removing ht32f5xxxx_mctm.o(.text.MCTM_ChannelNConfig), (26 bytes).
    Removing ht32f5xxxx_mctm.o(.ARM.exidx.text.MCTM_ChannelNConfig), (8 bytes).
    Removing ht32f5xxxx_mctm.o(.ARM.exidx.text.MCTM_CHMOECmd), (8 bytes).
    Removing ht32f5xxxx_mctm.o(.ARM.exidx.text.MCTM_CHBRKCTRConfig), (8 bytes).
    Removing ht32f5xxxx_mctm.o(.text.MCTM_CHBRKCTRStructInit), (18 bytes).
    Removing ht32f5xxxx_mctm.o(.ARM.exidx.text.MCTM_CHBRKCTRStructInit), (8 bytes).
    Removing ht32f5xxxx_mctm.o(.text.MCTM_COMPRECmd), (20 bytes).
    Removing ht32f5xxxx_mctm.o(.ARM.exidx.text.MCTM_COMPRECmd), (8 bytes).
    Removing ht32f5xxxx_mctm.o(.text.MCTM_COMUSConfig), (20 bytes).
    Removing ht32f5xxxx_mctm.o(.ARM.exidx.text.MCTM_COMUSConfig), (8 bytes).
    Removing ht32f5xxxx_pwrcu.o(.text), (0 bytes).
    Removing ht32f5xxxx_pwrcu.o(.text.PWRCU_DeInit), (28 bytes).
    Removing ht32f5xxxx_pwrcu.o(.ARM.exidx.text.PWRCU_DeInit), (8 bytes).
    Removing ht32f5xxxx_pwrcu.o(.text.PWRCU_CheckReadyAccessed), (36 bytes).
    Removing ht32f5xxxx_pwrcu.o(.ARM.exidx.text.PWRCU_CheckReadyAccessed), (8 bytes).
    Removing ht32f5xxxx_pwrcu.o(.text.PWRCU_GetFlagStatus), (12 bytes).
    Removing ht32f5xxxx_pwrcu.o(.ARM.exidx.text.PWRCU_GetFlagStatus), (8 bytes).
    Removing ht32f5xxxx_pwrcu.o(.text.PWRCU_Sleep), (32 bytes).
    Removing ht32f5xxxx_pwrcu.o(.ARM.exidx.text.PWRCU_Sleep), (8 bytes).
    Removing ht32f5xxxx_pwrcu.o(.text.PWRCU_DeepSleep1), (88 bytes).
    Removing ht32f5xxxx_pwrcu.o(.ARM.exidx.text.PWRCU_DeepSleep1), (8 bytes).
    Removing ht32f5xxxx_pwrcu.o(.text.PWRCU_DeepSleep2), (100 bytes).
    Removing ht32f5xxxx_pwrcu.o(.ARM.exidx.text.PWRCU_DeepSleep2), (8 bytes).
    Removing ht32f5xxxx_pwrcu.o(.text.PWRCU_DeepSleep2Ex), (208 bytes).
    Removing ht32f5xxxx_pwrcu.o(.ARM.exidx.text.PWRCU_DeepSleep2Ex), (8 bytes).
    Removing ht32f5xxxx_pwrcu.o(.text.PWRCU_PowerDown), (68 bytes).
    Removing ht32f5xxxx_pwrcu.o(.ARM.exidx.text.PWRCU_PowerDown), (8 bytes).
    Removing ht32f5xxxx_pwrcu.o(.text.PWRCU_SetLVDS), (20 bytes).
    Removing ht32f5xxxx_pwrcu.o(.ARM.exidx.text.PWRCU_SetLVDS), (8 bytes).
    Removing ht32f5xxxx_pwrcu.o(.text.PWRCU_LVDCmd), (28 bytes).
    Removing ht32f5xxxx_pwrcu.o(.ARM.exidx.text.PWRCU_LVDCmd), (8 bytes).
    Removing ht32f5xxxx_pwrcu.o(.text.PWRCU_BODCmd), (24 bytes).
    Removing ht32f5xxxx_pwrcu.o(.ARM.exidx.text.PWRCU_BODCmd), (8 bytes).
    Removing ht32f5xxxx_pwrcu.o(.text.PWRCU_BODRISConfig), (24 bytes).
    Removing ht32f5xxxx_pwrcu.o(.ARM.exidx.text.PWRCU_BODRISConfig), (8 bytes).
    Removing ht32f5xxxx_pwrcu.o(.text.PWRCU_GetLVDFlagStatus), (16 bytes).
    Removing ht32f5xxxx_pwrcu.o(.ARM.exidx.text.PWRCU_GetLVDFlagStatus), (8 bytes).
    Removing ht32f5xxxx_pwrcu.o(.text.PWRCU_GetBODFlagStatus), (16 bytes).
    Removing ht32f5xxxx_pwrcu.o(.ARM.exidx.text.PWRCU_GetBODFlagStatus), (8 bytes).
    Removing ht32f5xxxx_pwrcu.o(.text.PWRCU_GetDMOSStatus), (36 bytes).
    Removing ht32f5xxxx_pwrcu.o(.ARM.exidx.text.PWRCU_GetDMOSStatus), (8 bytes).
    Removing ht32f5xxxx_pwrcu.o(.text.PWRCU_DMOSCmd), (40 bytes).
    Removing ht32f5xxxx_pwrcu.o(.ARM.exidx.text.PWRCU_DMOSCmd), (8 bytes).
    Removing ht32f5xxxx_pwrcu.o(.text.PWRCU_LDOConfig), (52 bytes).
    Removing ht32f5xxxx_pwrcu.o(.ARM.exidx.text.PWRCU_LDOConfig), (8 bytes).
    Removing ht32f5xxxx_pwrcu.o(.text.PWRCU_V15RDYSourceConfig), (28 bytes).
    Removing ht32f5xxxx_pwrcu.o(.ARM.exidx.text.PWRCU_V15RDYSourceConfig), (8 bytes).
    Removing ht32f5xxxx_pwrcu.o(.text.PWRCU_LVDIntWakeupConfig), (28 bytes).
    Removing ht32f5xxxx_pwrcu.o(.ARM.exidx.text.PWRCU_LVDIntWakeupConfig), (8 bytes).
    Removing ht32f5xxxx_pwrcu.o(.text.PWRCU_LVDEventWakeupConfig), (28 bytes).
    Removing ht32f5xxxx_pwrcu.o(.ARM.exidx.text.PWRCU_LVDEventWakeupConfig), (8 bytes).
    Removing ht32f5xxxx_pwrcu.o(.text.PWRCU_WakeupPinCmd), (28 bytes).
    Removing ht32f5xxxx_pwrcu.o(.ARM.exidx.text.PWRCU_WakeupPinCmd), (8 bytes).
    Removing ht32f5xxxx_pwrcu.o(.text.PWRCU_WakeupPinIntConfig), (28 bytes).
    Removing ht32f5xxxx_pwrcu.o(.ARM.exidx.text.PWRCU_WakeupPinIntConfig), (8 bytes).
    Removing ht32f5xxxx_rstcu.o(.text), (0 bytes).
    Removing ht32f5xxxx_rstcu.o(.text.RSTCU_GetResetFlagStatus), (16 bytes).
    Removing ht32f5xxxx_rstcu.o(.ARM.exidx.text.RSTCU_GetResetFlagStatus), (8 bytes).
    Removing ht32f5xxxx_rstcu.o(.text.RSTCU_ClearResetFlag), (16 bytes).
    Removing ht32f5xxxx_rstcu.o(.ARM.exidx.text.RSTCU_ClearResetFlag), (8 bytes).
    Removing ht32f5xxxx_rstcu.o(.text.RSTCU_ClearAllResetFlag), (12 bytes).
    Removing ht32f5xxxx_rstcu.o(.ARM.exidx.text.RSTCU_ClearAllResetFlag), (8 bytes).
    Removing ht32f5xxxx_rstcu.o(.text.RSTCU_PeripReset), (56 bytes).
    Removing ht32f5xxxx_rstcu.o(.ARM.exidx.text.RSTCU_PeripReset), (8 bytes).
    Removing ht32f5xxxx_rtc.o(.text), (0 bytes).
    Removing ht32f5xxxx_rtc.o(.text.RTC_DeInit), (48 bytes).
    Removing ht32f5xxxx_rtc.o(.ARM.exidx.text.RTC_DeInit), (8 bytes).
    Removing ht32f5xxxx_rtc.o(.text.RTC_ClockSourceConfig), (20 bytes).
    Removing ht32f5xxxx_rtc.o(.ARM.exidx.text.RTC_ClockSourceConfig), (8 bytes).
    Removing ht32f5xxxx_rtc.o(.text.RTC_LSESMConfig), (20 bytes).
    Removing ht32f5xxxx_rtc.o(.ARM.exidx.text.RTC_LSESMConfig), (8 bytes).
    Removing ht32f5xxxx_rtc.o(.text.RTC_LSECmd), (48 bytes).
    Removing ht32f5xxxx_rtc.o(.ARM.exidx.text.RTC_LSECmd), (8 bytes).
    Removing ht32f5xxxx_rtc.o(.text.RTC_CMPCLRCmd), (24 bytes).
    Removing ht32f5xxxx_rtc.o(.ARM.exidx.text.RTC_CMPCLRCmd), (8 bytes).
    Removing ht32f5xxxx_rtc.o(.text.RTC_SetPrescaler), (24 bytes).
    Removing ht32f5xxxx_rtc.o(.ARM.exidx.text.RTC_SetPrescaler), (8 bytes).
    Removing ht32f5xxxx_rtc.o(.text.RTC_GetPrescaler), (20 bytes).
    Removing ht32f5xxxx_rtc.o(.ARM.exidx.text.RTC_GetPrescaler), (8 bytes).
    Removing ht32f5xxxx_rtc.o(.text.RTC_Cmd), (24 bytes).
    Removing ht32f5xxxx_rtc.o(.ARM.exidx.text.RTC_Cmd), (8 bytes).
    Removing ht32f5xxxx_rtc.o(.text.RTC_GetCounter), (12 bytes).
    Removing ht32f5xxxx_rtc.o(.ARM.exidx.text.RTC_GetCounter), (8 bytes).
    Removing ht32f5xxxx_rtc.o(.text.RTC_SetCompare), (12 bytes).
    Removing ht32f5xxxx_rtc.o(.ARM.exidx.text.RTC_SetCompare), (8 bytes).
    Removing ht32f5xxxx_rtc.o(.text.RTC_GetCompare), (12 bytes).
    Removing ht32f5xxxx_rtc.o(.ARM.exidx.text.RTC_GetCompare), (8 bytes).
    Removing ht32f5xxxx_rtc.o(.text.RTC_WakeupConfig), (28 bytes).
    Removing ht32f5xxxx_rtc.o(.ARM.exidx.text.RTC_WakeupConfig), (8 bytes).
    Removing ht32f5xxxx_rtc.o(.text.RTC_IntConfig), (28 bytes).
    Removing ht32f5xxxx_rtc.o(.ARM.exidx.text.RTC_IntConfig), (8 bytes).
    Removing ht32f5xxxx_rtc.o(.text.RTC_GetFlagStatus), (12 bytes).
    Removing ht32f5xxxx_rtc.o(.ARM.exidx.text.RTC_GetFlagStatus), (8 bytes).
    Removing ht32f5xxxx_rtc.o(.text.RTC_OutConfig), (56 bytes).
    Removing ht32f5xxxx_rtc.o(.ARM.exidx.text.RTC_OutConfig), (8 bytes).
    Removing ht32f5xxxx_rtc.o(.text.RTC_OutCmd), (28 bytes).
    Removing ht32f5xxxx_rtc.o(.ARM.exidx.text.RTC_OutCmd), (8 bytes).
    Removing ht32f5xxxx_rtc.o(.text.RTC_GetOutStatus), (16 bytes).
    Removing ht32f5xxxx_rtc.o(.ARM.exidx.text.RTC_GetOutStatus), (8 bytes).
    Removing ht32f5xxxx_spi.o(.text), (0 bytes).
    Removing ht32f5xxxx_spi.o(.text.SPI_DeInit), (44 bytes).
    Removing ht32f5xxxx_spi.o(.ARM.exidx.text.SPI_DeInit), (8 bytes).
    Removing ht32f5xxxx_spi.o(.text.SPI_Init), (70 bytes).
    Removing ht32f5xxxx_spi.o(.ARM.exidx.text.SPI_Init), (8 bytes).
    Removing ht32f5xxxx_spi.o(.text.SPI_StructInit), (16 bytes).
    Removing ht32f5xxxx_spi.o(.ARM.exidx.text.SPI_StructInit), (8 bytes).
    Removing ht32f5xxxx_spi.o(.text.SPI_Cmd), (16 bytes).
    Removing ht32f5xxxx_spi.o(.ARM.exidx.text.SPI_Cmd), (8 bytes).
    Removing ht32f5xxxx_spi.o(.text.SPI_SELOutputCmd), (18 bytes).
    Removing ht32f5xxxx_spi.o(.ARM.exidx.text.SPI_SELOutputCmd), (8 bytes).
    Removing ht32f5xxxx_spi.o(.text.SPI_FIFOCmd), (20 bytes).
    Removing ht32f5xxxx_spi.o(.ARM.exidx.text.SPI_FIFOCmd), (8 bytes).
    Removing ht32f5xxxx_spi.o(.text.SPI_SetDataLength), (16 bytes).
    Removing ht32f5xxxx_spi.o(.ARM.exidx.text.SPI_SetDataLength), (8 bytes).
    Removing ht32f5xxxx_spi.o(.text.SPI_SELModeConfig), (20 bytes).
    Removing ht32f5xxxx_spi.o(.ARM.exidx.text.SPI_SELModeConfig), (8 bytes).
    Removing ht32f5xxxx_spi.o(.text.SPI_SoftwareSELCmd), (22 bytes).
    Removing ht32f5xxxx_spi.o(.ARM.exidx.text.SPI_SoftwareSELCmd), (8 bytes).
    Removing ht32f5xxxx_spi.o(.text.SPI_SendData), (4 bytes).
    Removing ht32f5xxxx_spi.o(.ARM.exidx.text.SPI_SendData), (8 bytes).
    Removing ht32f5xxxx_spi.o(.text.SPI_ReceiveData), (6 bytes).
    Removing ht32f5xxxx_spi.o(.ARM.exidx.text.SPI_ReceiveData), (8 bytes).
    Removing ht32f5xxxx_spi.o(.text.SPI_SetTimeOutValue), (4 bytes).
    Removing ht32f5xxxx_spi.o(.ARM.exidx.text.SPI_SetTimeOutValue), (8 bytes).
    Removing ht32f5xxxx_spi.o(.text.SPI_IntConfig), (20 bytes).
    Removing ht32f5xxxx_spi.o(.ARM.exidx.text.SPI_IntConfig), (8 bytes).
    Removing ht32f5xxxx_spi.o(.text.SPI_GetFlagStatus), (10 bytes).
    Removing ht32f5xxxx_spi.o(.ARM.exidx.text.SPI_GetFlagStatus), (8 bytes).
    Removing ht32f5xxxx_spi.o(.text.SPI_GetFIFOStatus), (18 bytes).
    Removing ht32f5xxxx_spi.o(.ARM.exidx.text.SPI_GetFIFOStatus), (8 bytes).
    Removing ht32f5xxxx_spi.o(.text.SPI_ClearFlag), (4 bytes).
    Removing ht32f5xxxx_spi.o(.ARM.exidx.text.SPI_ClearFlag), (8 bytes).
    Removing ht32f5xxxx_spi.o(.text.SPI_FIFOTriggerLevelConfig), (40 bytes).
    Removing ht32f5xxxx_spi.o(.ARM.exidx.text.SPI_FIFOTriggerLevelConfig), (8 bytes).
    Removing ht32f5xxxx_spi.o(.text.SPI_DUALCmd), (20 bytes).
    Removing ht32f5xxxx_spi.o(.ARM.exidx.text.SPI_DUALCmd), (8 bytes).
    Removing ht32f5xxxx_spi.o(.text.SPI_GUADTCmd), (20 bytes).
    Removing ht32f5xxxx_spi.o(.ARM.exidx.text.SPI_GUADTCmd), (8 bytes).
    Removing ht32f5xxxx_spi.o(.text.SPI_GUADTSPI_GUADTConfig), (20 bytes).
    Removing ht32f5xxxx_spi.o(.ARM.exidx.text.SPI_GUADTSPI_GUADTConfig), (8 bytes).
    Removing ht32f5xxxx_spi.o(.text.SPI_SELHTConfig), (20 bytes).
    Removing ht32f5xxxx_spi.o(.ARM.exidx.text.SPI_SELHTConfig), (8 bytes).
    Removing ht32f5xxxx_tm.o(.text), (0 bytes).
    Removing ht32f5xxxx_tm.o(.text.TM_DeInit), (108 bytes).
    Removing ht32f5xxxx_tm.o(.ARM.exidx.text.TM_DeInit), (8 bytes).
    Removing ht32f5xxxx_tm.o(.ARM.exidx.text.TM_TimeBaseInit), (8 bytes).
    Removing ht32f5xxxx_tm.o(.ARM.exidx.text.TM_OutputInit), (8 bytes).
    Removing ht32f5xxxx_tm.o(.text.TM_CaptureInit), (38 bytes).
    Removing ht32f5xxxx_tm.o(.ARM.exidx.text.TM_CaptureInit), (8 bytes).
    Removing ht32f5xxxx_tm.o(.text.tm_CHx_Config), (56 bytes).
    Removing ht32f5xxxx_tm.o(.ARM.exidx.text.tm_CHx_Config), (8 bytes).
    Removing ht32f5xxxx_tm.o(.text.TM_CHPSCConfig), (22 bytes).
    Removing ht32f5xxxx_tm.o(.ARM.exidx.text.TM_CHPSCConfig), (8 bytes).
    Removing ht32f5xxxx_tm.o(.text.TM_PwmInputInit), (86 bytes).
    Removing ht32f5xxxx_tm.o(.ARM.exidx.text.TM_PwmInputInit), (8 bytes).
    Removing ht32f5xxxx_tm.o(.text.TM_TimeBaseStructInit), (24 bytes).
    Removing ht32f5xxxx_tm.o(.ARM.exidx.text.TM_TimeBaseStructInit), (8 bytes).
    Removing ht32f5xxxx_tm.o(.text.TM_OutputStructInit), (18 bytes).
    Removing ht32f5xxxx_tm.o(.ARM.exidx.text.TM_OutputStructInit), (8 bytes).
    Removing ht32f5xxxx_tm.o(.text.TM_CaptureStructInit), (16 bytes).
    Removing ht32f5xxxx_tm.o(.ARM.exidx.text.TM_CaptureStructInit), (8 bytes).
    Removing ht32f5xxxx_tm.o(.ARM.exidx.text.TM_Cmd), (8 bytes).
    Removing ht32f5xxxx_tm.o(.text.TM_ItiExternalClockConfig), (20 bytes).
    Removing ht32f5xxxx_tm.o(.ARM.exidx.text.TM_ItiExternalClockConfig), (8 bytes).
    Removing ht32f5xxxx_tm.o(.text.TM_StiConfig), (26 bytes).
    Removing ht32f5xxxx_tm.o(.ARM.exidx.text.TM_StiConfig), (8 bytes).
    Removing ht32f5xxxx_tm.o(.text.TM_ChExternalClockConfig), (48 bytes).
    Removing ht32f5xxxx_tm.o(.ARM.exidx.text.TM_ChExternalClockConfig), (8 bytes).
    Removing ht32f5xxxx_tm.o(.text.TM_EtiExternalClockConfig), (20 bytes).
    Removing ht32f5xxxx_tm.o(.ARM.exidx.text.TM_EtiExternalClockConfig), (8 bytes).
    Removing ht32f5xxxx_tm.o(.text.TM_EtiConfig), (24 bytes).
    Removing ht32f5xxxx_tm.o(.ARM.exidx.text.TM_EtiConfig), (8 bytes).
    Removing ht32f5xxxx_tm.o(.text.TM_PrescalerConfig), (8 bytes).
    Removing ht32f5xxxx_tm.o(.ARM.exidx.text.TM_PrescalerConfig), (8 bytes).
    Removing ht32f5xxxx_tm.o(.text.TM_CounterModeConfig), (28 bytes).
    Removing ht32f5xxxx_tm.o(.ARM.exidx.text.TM_CounterModeConfig), (8 bytes).
    Removing ht32f5xxxx_tm.o(.text.TM_DecoderConfig), (60 bytes).
    Removing ht32f5xxxx_tm.o(.ARM.exidx.text.TM_DecoderConfig), (8 bytes).
    Removing ht32f5xxxx_tm.o(.text.TM_ForcedOREF), (18 bytes).
    Removing ht32f5xxxx_tm.o(.ARM.exidx.text.TM_ForcedOREF), (8 bytes).
    Removing ht32f5xxxx_tm.o(.text.TM_CRRPreloadCmd), (18 bytes).
    Removing ht32f5xxxx_tm.o(.ARM.exidx.text.TM_CRRPreloadCmd), (8 bytes).
    Removing ht32f5xxxx_tm.o(.text.TM_CHCCRPreloadConfig), (22 bytes).
    Removing ht32f5xxxx_tm.o(.ARM.exidx.text.TM_CHCCRPreloadConfig), (8 bytes).
    Removing ht32f5xxxx_tm.o(.text.TM_ClearOREFConfig), (22 bytes).
    Removing ht32f5xxxx_tm.o(.ARM.exidx.text.TM_ClearOREFConfig), (8 bytes).
    Removing ht32f5xxxx_tm.o(.text.TM_ChPolarityConfig), (18 bytes).
    Removing ht32f5xxxx_tm.o(.ARM.exidx.text.TM_ChPolarityConfig), (8 bytes).
    Removing ht32f5xxxx_tm.o(.text.TM_ImmActiveConfig), (22 bytes).
    Removing ht32f5xxxx_tm.o(.ARM.exidx.text.TM_ImmActiveConfig), (8 bytes).
    Removing ht32f5xxxx_tm.o(.ARM.exidx.text.TM_ChannelConfig), (8 bytes).
    Removing ht32f5xxxx_tm.o(.text.TM_OutputModeConfig), (32 bytes).
    Removing ht32f5xxxx_tm.o(.ARM.exidx.text.TM_OutputModeConfig), (8 bytes).
    Removing ht32f5xxxx_tm.o(.text.TM_UpdateCmd), (16 bytes).
    Removing ht32f5xxxx_tm.o(.ARM.exidx.text.TM_UpdateCmd), (8 bytes).
    Removing ht32f5xxxx_tm.o(.text.TM_UEVG_IntConfig), (18 bytes).
    Removing ht32f5xxxx_tm.o(.ARM.exidx.text.TM_UEVG_IntConfig), (8 bytes).
    Removing ht32f5xxxx_tm.o(.text.TM_HallInterfaceCmd), (24 bytes).
    Removing ht32f5xxxx_tm.o(.ARM.exidx.text.TM_HallInterfaceCmd), (8 bytes).
    Removing ht32f5xxxx_tm.o(.text.TM_SinglePulseModeCmd), (20 bytes).
    Removing ht32f5xxxx_tm.o(.ARM.exidx.text.TM_SinglePulseModeCmd), (8 bytes).
    Removing ht32f5xxxx_tm.o(.text.TM_MMSELConfig), (14 bytes).
    Removing ht32f5xxxx_tm.o(.ARM.exidx.text.TM_MMSELConfig), (8 bytes).
    Removing ht32f5xxxx_tm.o(.text.TM_SlaveModeConfig), (14 bytes).
    Removing ht32f5xxxx_tm.o(.ARM.exidx.text.TM_SlaveModeConfig), (8 bytes).
    Removing ht32f5xxxx_tm.o(.text.TM_TimSyncCmd), (16 bytes).
    Removing ht32f5xxxx_tm.o(.ARM.exidx.text.TM_TimSyncCmd), (8 bytes).
    Removing ht32f5xxxx_tm.o(.ARM.exidx.text.TM_SetCounter), (8 bytes).
    Removing ht32f5xxxx_tm.o(.text.TM_SetCounterReload), (6 bytes).
    Removing ht32f5xxxx_tm.o(.ARM.exidx.text.TM_SetCounterReload), (8 bytes).
    Removing ht32f5xxxx_tm.o(.text.TM_SetCaptureCompare), (10 bytes).
    Removing ht32f5xxxx_tm.o(.ARM.exidx.text.TM_SetCaptureCompare), (8 bytes).
    Removing ht32f5xxxx_tm.o(.text.TM_SetAsymmetricCompare), (10 bytes).
    Removing ht32f5xxxx_tm.o(.ARM.exidx.text.TM_SetAsymmetricCompare), (8 bytes).
    Removing ht32f5xxxx_tm.o(.text.TM_CKDIVConfig), (18 bytes).
    Removing ht32f5xxxx_tm.o(.ARM.exidx.text.TM_CKDIVConfig), (8 bytes).
    Removing ht32f5xxxx_tm.o(.ARM.exidx.text.TM_GetCaptureCompare), (8 bytes).
    Removing ht32f5xxxx_tm.o(.text.TM_GetCounter), (6 bytes).
    Removing ht32f5xxxx_tm.o(.ARM.exidx.text.TM_GetCounter), (8 bytes).
    Removing ht32f5xxxx_tm.o(.text.TM_GetPrescaler), (6 bytes).
    Removing ht32f5xxxx_tm.o(.ARM.exidx.text.TM_GetPrescaler), (8 bytes).
    Removing ht32f5xxxx_tm.o(.text.TM_GenerateEvent), (4 bytes).
    Removing ht32f5xxxx_tm.o(.ARM.exidx.text.TM_GenerateEvent), (8 bytes).
    Removing ht32f5xxxx_tm.o(.text.TM_GetFlagStatus), (10 bytes).
    Removing ht32f5xxxx_tm.o(.ARM.exidx.text.TM_GetFlagStatus), (8 bytes).
    Removing ht32f5xxxx_tm.o(.ARM.exidx.text.TM_ClearFlag), (8 bytes).
    Removing ht32f5xxxx_tm.o(.text.TM_IntConfig), (20 bytes).
    Removing ht32f5xxxx_tm.o(.ARM.exidx.text.TM_IntConfig), (8 bytes).
    Removing ht32f5xxxx_tm.o(.text.TM_GetIntStatus), (20 bytes).
    Removing ht32f5xxxx_tm.o(.ARM.exidx.text.TM_GetIntStatus), (8 bytes).
    Removing ht32f5xxxx_tm.o(.text.TM_ClearIntPendingBit), (10 bytes).
    Removing ht32f5xxxx_tm.o(.ARM.exidx.text.TM_ClearIntPendingBit), (8 bytes).
    Removing ht32f5xxxx_tm.o(.text.TM_InternalClockConfig), (12 bytes).
    Removing ht32f5xxxx_tm.o(.ARM.exidx.text.TM_InternalClockConfig), (8 bytes).
    Removing ht32f5xxxx_usart.o(.text), (0 bytes).
    Removing ht32f5xxxx_usart.o(.text.USART_DeInit), (52 bytes).
    Removing ht32f5xxxx_usart.o(.ARM.exidx.text.USART_DeInit), (8 bytes).
    Removing ht32f5xxxx_usart.o(.ARM.exidx.text.USART_Init), (8 bytes).
    Removing ht32f5xxxx_usart.o(.text.USART_StructInit), (18 bytes).
    Removing ht32f5xxxx_usart.o(.ARM.exidx.text.USART_StructInit), (8 bytes).
    Removing ht32f5xxxx_usart.o(.text.USART_SendData), (4 bytes).
    Removing ht32f5xxxx_usart.o(.ARM.exidx.text.USART_SendData), (8 bytes).
    Removing ht32f5xxxx_usart.o(.text.USART_ReceiveData), (6 bytes).
    Removing ht32f5xxxx_usart.o(.ARM.exidx.text.USART_ReceiveData), (8 bytes).
    Removing ht32f5xxxx_usart.o(.text.USART_GetFlagStatus), (10 bytes).
    Removing ht32f5xxxx_usart.o(.ARM.exidx.text.USART_GetFlagStatus), (8 bytes).
    Removing ht32f5xxxx_usart.o(.text.USART_ClearFlag), (8 bytes).
    Removing ht32f5xxxx_usart.o(.ARM.exidx.text.USART_ClearFlag), (8 bytes).
    Removing ht32f5xxxx_usart.o(.text.USART_IntConfig), (20 bytes).
    Removing ht32f5xxxx_usart.o(.ARM.exidx.text.USART_IntConfig), (8 bytes).
    Removing ht32f5xxxx_usart.o(.ARM.exidx.text.USART_TxRxCmd), (8 bytes).
    Removing ht32f5xxxx_usart.o(.text.USART_ForceBreakCmd), (20 bytes).
    Removing ht32f5xxxx_usart.o(.ARM.exidx.text.USART_ForceBreakCmd), (8 bytes).
    Removing ht32f5xxxx_usart.o(.text.USART_StickParityCmd), (20 bytes).
    Removing ht32f5xxxx_usart.o(.ARM.exidx.text.USART_StickParityCmd), (8 bytes).
    Removing ht32f5xxxx_usart.o(.text.USART_StickParityConfig), (24 bytes).
    Removing ht32f5xxxx_usart.o(.ARM.exidx.text.USART_StickParityConfig), (8 bytes).
    Removing ht32f5xxxx_usart.o(.text.USART_SetGuardTime), (16 bytes).
    Removing ht32f5xxxx_usart.o(.ARM.exidx.text.USART_SetGuardTime), (8 bytes).
    Removing ht32f5xxxx_usart.o(.text.USART_TXRXTLConfig), (18 bytes).
    Removing ht32f5xxxx_usart.o(.ARM.exidx.text.USART_TXRXTLConfig), (8 bytes).
    Removing ht32f5xxxx_usart.o(.text.USART_SetTimeOutValue), (16 bytes).
    Removing ht32f5xxxx_usart.o(.ARM.exidx.text.USART_SetTimeOutValue), (8 bytes).
    Removing ht32f5xxxx_usart.o(.text.USART_FIFOReset), (8 bytes).
    Removing ht32f5xxxx_usart.o(.ARM.exidx.text.USART_FIFOReset), (8 bytes).
    Removing ht32f5xxxx_usart.o(.text.USART_GetFIFOStatus), (20 bytes).
    Removing ht32f5xxxx_usart.o(.ARM.exidx.text.USART_GetFIFOStatus), (8 bytes).
    Removing ht32f5xxxx_usart.o(.text.USART_HardwareFlowControlCmd), (18 bytes).
    Removing ht32f5xxxx_usart.o(.ARM.exidx.text.USART_HardwareFlowControlCmd), (8 bytes).
    Removing ht32f5xxxx_usart.o(.text.USART_IrDACmd), (16 bytes).
    Removing ht32f5xxxx_usart.o(.ARM.exidx.text.USART_IrDACmd), (8 bytes).
    Removing ht32f5xxxx_usart.o(.text.USART_IrDAConfig), (22 bytes).
    Removing ht32f5xxxx_usart.o(.ARM.exidx.text.USART_IrDAConfig), (8 bytes).
    Removing ht32f5xxxx_usart.o(.text.USART_SetIrDAPrescaler), (16 bytes).
    Removing ht32f5xxxx_usart.o(.ARM.exidx.text.USART_SetIrDAPrescaler), (8 bytes).
    Removing ht32f5xxxx_usart.o(.text.USART_IrDADirectionConfig), (22 bytes).
    Removing ht32f5xxxx_usart.o(.ARM.exidx.text.USART_IrDADirectionConfig), (8 bytes).
    Removing ht32f5xxxx_usart.o(.text.USART_IrDAInvtCmd), (24 bytes).
    Removing ht32f5xxxx_usart.o(.ARM.exidx.text.USART_IrDAInvtCmd), (8 bytes).
    Removing ht32f5xxxx_usart.o(.text.USART_RS485TxEnablePolarityConfig), (20 bytes).
    Removing ht32f5xxxx_usart.o(.ARM.exidx.text.USART_RS485TxEnablePolarityConfig), (8 bytes).
    Removing ht32f5xxxx_usart.o(.text.USART_RS485NMMCmd), (18 bytes).
    Removing ht32f5xxxx_usart.o(.ARM.exidx.text.USART_RS485NMMCmd), (8 bytes).
    Removing ht32f5xxxx_usart.o(.text.USART_RS485AADCmd), (18 bytes).
    Removing ht32f5xxxx_usart.o(.ARM.exidx.text.USART_RS485AADCmd), (8 bytes).
    Removing ht32f5xxxx_usart.o(.text.USART_SetAddressMatchValue), (16 bytes).
    Removing ht32f5xxxx_usart.o(.ARM.exidx.text.USART_SetAddressMatchValue), (8 bytes).
    Removing ht32f5xxxx_usart.o(.text.USART_SynClockInit), (26 bytes).
    Removing ht32f5xxxx_usart.o(.ARM.exidx.text.USART_SynClockInit), (8 bytes).
    Removing ht32f5xxxx_usart.o(.text.USART_SynClockStructInit), (12 bytes).
    Removing ht32f5xxxx_usart.o(.ARM.exidx.text.USART_SynClockStructInit), (8 bytes).
    Removing ht32f5xxxx_wdt.o(.text), (0 bytes).
    Removing ht32f5xxxx_wdt.o(.text.WDT_DeInit), (16 bytes).
    Removing ht32f5xxxx_wdt.o(.ARM.exidx.text.WDT_DeInit), (8 bytes).
    Removing ht32f5xxxx_wdt.o(.text.WDT_Cmd), (28 bytes).
    Removing ht32f5xxxx_wdt.o(.ARM.exidx.text.WDT_Cmd), (8 bytes).
    Removing ht32f5xxxx_wdt.o(.text.WDT_HaltConfig), (24 bytes).
    Removing ht32f5xxxx_wdt.o(.ARM.exidx.text.WDT_HaltConfig), (8 bytes).
    Removing ht32f5xxxx_wdt.o(.text.WDT_ResetCmd), (28 bytes).
    Removing ht32f5xxxx_wdt.o(.ARM.exidx.text.WDT_ResetCmd), (8 bytes).
    Removing ht32f5xxxx_wdt.o(.text.WDT_ProtectCmd), (28 bytes).
    Removing ht32f5xxxx_wdt.o(.ARM.exidx.text.WDT_ProtectCmd), (8 bytes).
    Removing ht32f5xxxx_wdt.o(.text.WDT_SetReloadValue), (20 bytes).
    Removing ht32f5xxxx_wdt.o(.ARM.exidx.text.WDT_SetReloadValue), (8 bytes).
    Removing ht32f5xxxx_wdt.o(.text.WDT_GetReloadValue), (20 bytes).
    Removing ht32f5xxxx_wdt.o(.ARM.exidx.text.WDT_GetReloadValue), (8 bytes).
    Removing ht32f5xxxx_wdt.o(.text.WDT_SetDeltaValue), (20 bytes).
    Removing ht32f5xxxx_wdt.o(.ARM.exidx.text.WDT_SetDeltaValue), (8 bytes).
    Removing ht32f5xxxx_wdt.o(.text.WDT_GetDeltaValue), (20 bytes).
    Removing ht32f5xxxx_wdt.o(.ARM.exidx.text.WDT_GetDeltaValue), (8 bytes).
    Removing ht32f5xxxx_wdt.o(.text.WDT_SetPrescaler), (24 bytes).
    Removing ht32f5xxxx_wdt.o(.ARM.exidx.text.WDT_SetPrescaler), (8 bytes).
    Removing ht32f5xxxx_wdt.o(.text.WDT_GetPrescaler), (20 bytes).
    Removing ht32f5xxxx_wdt.o(.ARM.exidx.text.WDT_GetPrescaler), (8 bytes).
    Removing ht32f5xxxx_wdt.o(.text.WDT_Restart), (16 bytes).
    Removing ht32f5xxxx_wdt.o(.ARM.exidx.text.WDT_Restart), (8 bytes).
    Removing ht32f5xxxx_wdt.o(.text.WDT_GetFlagStatus), (16 bytes).
    Removing ht32f5xxxx_wdt.o(.ARM.exidx.text.WDT_GetFlagStatus), (8 bytes).
    Removing ht32f5xxxx_wdt.o(.text.WDT_LockCmd), (36 bytes).
    Removing ht32f5xxxx_wdt.o(.ARM.exidx.text.WDT_LockCmd), (8 bytes).
    Removing ht32f5xxxx_wdt.o(.text.WDT_SourceConfig), (16 bytes).
    Removing ht32f5xxxx_wdt.o(.ARM.exidx.text.WDT_SourceConfig), (8 bytes).
    Removing ht32_retarget.o(.text), (0 bytes).
    Removing ht32_retarget.o(.ARM.exidx.text.RETARGET_Configuration), (8 bytes).
    Removing ht32_retarget.o(.text.__backspace), (4 bytes).
    Removing ht32_retarget.o(.ARM.exidx.text.__backspace), (8 bytes).
    Removing ht32_retarget.o(.text.fputc), (8 bytes).
    Removing ht32_retarget.o(.ARM.exidx.text.fputc), (8 bytes).
    Removing ht32_retarget.o(.text.fgetc), (8 bytes).
    Removing ht32_retarget.o(.ARM.exidx.text.fgetc), (8 bytes).
    Removing ht32_retarget.o(.text._ttywrch), (8 bytes).
    Removing ht32_retarget.o(.ARM.exidx.text._ttywrch), (8 bytes).
    Removing ht32_retarget.o(.text._sys_exit), (2 bytes).
    Removing ht32_retarget.o(.ARM.exidx.text._sys_exit), (8 bytes).
    Removing ht32_serial.o(.text), (0 bytes).
    Removing ht32_serial.o(.text.SERIAL_PutChar), (20 bytes).
    Removing ht32_serial.o(.ARM.exidx.text.SERIAL_PutChar), (8 bytes).
    Removing ht32_serial.o(.text.SERIAL_GetChar), (28 bytes).
    Removing ht32_serial.o(.ARM.exidx.text.SERIAL_GetChar), (8 bytes).
    Removing ht32_serial.o(.text.SERIAL_Flush), (2 bytes).
    Removing ht32_serial.o(.ARM.exidx.text.SERIAL_Flush), (8 bytes).
    Removing ht32_board.o(.text), (0 bytes).
    Removing ht32_board.o(.text.HT32F_DVB_LEDInit), (96 bytes).
    Removing ht32_board.o(.ARM.exidx.text.HT32F_DVB_LEDInit), (8 bytes).
    Removing ht32_board.o(.text._HT32F_DVB_ClockConfig), (48 bytes).
    Removing ht32_board.o(.ARM.exidx.text._HT32F_DVB_ClockConfig), (8 bytes).
    Removing ht32_board.o(.text.HT32F_DVB_LEDOff), (32 bytes).
    Removing ht32_board.o(.ARM.exidx.text.HT32F_DVB_LEDOff), (8 bytes).
    Removing ht32_board.o(.text.HT32F_DVB_LEDOn), (32 bytes).
    Removing ht32_board.o(.ARM.exidx.text.HT32F_DVB_LEDOn), (8 bytes).
    Removing ht32_board.o(.text.HT32F_DVB_LEDToggle), (36 bytes).
    Removing ht32_board.o(.ARM.exidx.text.HT32F_DVB_LEDToggle), (8 bytes).
    Removing ht32_board.o(.text.HT32F_DVB_PBInit), (180 bytes).
    Removing ht32_board.o(.ARM.exidx.text.HT32F_DVB_PBInit), (8 bytes).
    Removing ht32_board.o(.text.NVIC_EnableIRQ), (20 bytes).
    Removing ht32_board.o(.ARM.exidx.text.NVIC_EnableIRQ), (8 bytes).
    Removing ht32_board.o(.text.HT32F_DVB_PBGetState), (36 bytes).
    Removing ht32_board.o(.ARM.exidx.text.HT32F_DVB_PBGetState), (8 bytes).
    Removing ht32_board.o(.ARM.exidx.text.HT32F_DVB_COMInit), (8 bytes).
    Removing ht32_board.o(.text.HT32F_DVB_BuzzerFun), (264 bytes).
    Removing ht32_board.o(.ARM.exidx.text.HT32F_DVB_BuzzerFun), (8 bytes).
    Removing ht32_board.o(.text.HT32F_DVB_BuzzerOutputCmd), (20 bytes).
    Removing ht32_board.o(.ARM.exidx.text.HT32F_DVB_BuzzerOutputCmd), (8 bytes).
    Removing ht32_board.o(.rodata.GPIO_PORT), (24 bytes).
    Removing ht32_board.o(.rodata.LED_GPIO_ID), (3 bytes).
    Removing ht32_board.o(.rodata.LED_GPIO_PIN), (6 bytes).
    Removing ht32_board.o(.rodata.LED_AFIO_MODE), (3 bytes).
    Removing ht32_board.o(.rodata.BUTTON_GPIO_ID), (3 bytes).
    Removing ht32_board.o(.rodata.BUTTON_GPIO_PIN), (6 bytes).
    Removing ht32_board.o(.rodata.BUTTON_AFIO_MODE), (3 bytes).
    Removing ht32_board.o(.rodata.BUTTON_EXTI_CH), (3 bytes).
    Removing ht32_board.o(.rodata.gCOMInfo), (16 bytes).
    Removing i2c_eeprom.o(.text), (0 bytes).
    Removing i2c_eeprom.o(.text.I2C_EEPROM_Init), (88 bytes).
    Removing i2c_eeprom.o(.ARM.exidx.text.I2C_EEPROM_Init), (8 bytes).
    Removing i2c_eeprom.o(.text.I2C_EEPROM_PageWrite), (100 bytes).
    Removing i2c_eeprom.o(.ARM.exidx.text.I2C_EEPROM_PageWrite), (8 bytes).
    Removing i2c_eeprom.o(.text._I2C_EEPROM_AckPolling), (56 bytes).
    Removing i2c_eeprom.o(.ARM.exidx.text._I2C_EEPROM_AckPolling), (8 bytes).
    Removing i2c_eeprom.o(.text.I2C_EEPROM_BufferWrite), (58 bytes).
    Removing i2c_eeprom.o(.ARM.exidx.text.I2C_EEPROM_BufferWrite), (8 bytes).
    Removing i2c_eeprom.o(.text.I2C_EEPROM_BufferRead), (156 bytes).
    Removing i2c_eeprom.o(.ARM.exidx.text.I2C_EEPROM_BufferRead), (8 bytes).
    Removing spi_flash.o(.text), (0 bytes).
    Removing spi_flash.o(.text.SPI_FLASH_Init), (152 bytes).
    Removing spi_flash.o(.ARM.exidx.text.SPI_FLASH_Init), (8 bytes).
    Removing spi_flash.o(.text.SPI_FLASH_SectorErase), (68 bytes).
    Removing spi_flash.o(.ARM.exidx.text.SPI_FLASH_SectorErase), (8 bytes).
    Removing spi_flash.o(.text.SPI_FLASH_WriteEnable), (36 bytes).
    Removing spi_flash.o(.ARM.exidx.text.SPI_FLASH_WriteEnable), (8 bytes).
    Removing spi_flash.o(.text.SPI_FLASH_SendByte), (52 bytes).
    Removing spi_flash.o(.ARM.exidx.text.SPI_FLASH_SendByte), (8 bytes).
    Removing spi_flash.o(.text.SPI_FLASH_WaitForWriteEnd), (44 bytes).
    Removing spi_flash.o(.ARM.exidx.text.SPI_FLASH_WaitForWriteEnd), (8 bytes).
    Removing spi_flash.o(.text.SPI_FLASH_BlockErase), (68 bytes).
    Removing spi_flash.o(.ARM.exidx.text.SPI_FLASH_BlockErase), (8 bytes).
    Removing spi_flash.o(.text.SPI_FLASH_ChipErase), (44 bytes).
    Removing spi_flash.o(.ARM.exidx.text.SPI_FLASH_ChipErase), (8 bytes).
    Removing spi_flash.o(.text.SPI_FLASH_PageWrite), (92 bytes).
    Removing spi_flash.o(.ARM.exidx.text.SPI_FLASH_PageWrite), (8 bytes).
    Removing spi_flash.o(.text.SPI_FLASH_BufferWriteBy), (208 bytes).
    Removing spi_flash.o(.ARM.exidx.text.SPI_FLASH_BufferWriteBy), (8 bytes).
    Removing spi_flash.o(.text.SPI_FLASH_BufferRead), (84 bytes).
    Removing spi_flash.o(.ARM.exidx.text.SPI_FLASH_BufferRead), (8 bytes).
    Removing spi_flash.o(.text.SPI_FLASH_BufferDualRead), (112 bytes).
    Removing spi_flash.o(.ARM.exidx.text.SPI_FLASH_BufferDualRead), (8 bytes).
    Removing spi_flash.o(.text.SPI_FLASH_ReadJEDECID), (80 bytes).
    Removing spi_flash.o(.ARM.exidx.text.SPI_FLASH_ReadJEDECID), (8 bytes).
    Removing spi_flash.o(.text.SPI_FLASH_WriteStatus), (48 bytes).
    Removing spi_flash.o(.ARM.exidx.text.SPI_FLASH_WriteStatus), (8 bytes).
    Removing spi_flash.o(.text.SPI_FLASH_WriteDisable), (36 bytes).
    Removing spi_flash.o(.ARM.exidx.text.SPI_FLASH_WriteDisable), (8 bytes).
    Removing spi_lcd.o(.text), (0 bytes).
    Removing spi_lcd.o(.text.LCD_Init), (188 bytes).
    Removing spi_lcd.o(.ARM.exidx.text.LCD_Init), (8 bytes).
    Removing spi_lcd.o(.text.LCD_Config), (688 bytes).
    Removing spi_lcd.o(.ARM.exidx.text.LCD_Config), (8 bytes).
    Removing spi_lcd.o(.text._delay), (36 bytes).
    Removing spi_lcd.o(.ARM.exidx.text._delay), (8 bytes).
    Removing spi_lcd.o(.text.LCD_WriteReg), (112 bytes).
    Removing spi_lcd.o(.ARM.exidx.text.LCD_WriteReg), (8 bytes).
    Removing spi_lcd.o(.text.LCD_Clear), (36 bytes).
    Removing spi_lcd.o(.ARM.exidx.text.LCD_Clear), (8 bytes).
    Removing spi_lcd.o(.text.LCD_WriteRegIndex), (88 bytes).
    Removing spi_lcd.o(.ARM.exidx.text.LCD_WriteRegIndex), (8 bytes).
    Removing spi_lcd.o(.text.LCD_StarterSet), (44 bytes).
    Removing spi_lcd.o(.ARM.exidx.text.LCD_StarterSet), (8 bytes).
    Removing spi_lcd.o(.text.LCD_WriteRAMPrior), (10 bytes).
    Removing spi_lcd.o(.ARM.exidx.text.LCD_WriteRAMPrior), (8 bytes).
    Removing spi_lcd.o(.text.LCD_WriteRAM), (108 bytes).
    Removing spi_lcd.o(.ARM.exidx.text.LCD_WriteRAM), (8 bytes).
    Removing spi_lcd.o(.text.LCD_BackColorSet), (12 bytes).
    Removing spi_lcd.o(.ARM.exidx.text.LCD_BackColorSet), (8 bytes).
    Removing spi_lcd.o(.text.LCD_TextColorSet), (12 bytes).
    Removing spi_lcd.o(.ARM.exidx.text.LCD_TextColorSet), (8 bytes).
    Removing spi_lcd.o(.text.LCD_CharDisplay), (28 bytes).
    Removing spi_lcd.o(.ARM.exidx.text.LCD_CharDisplay), (8 bytes).
    Removing spi_lcd.o(.text.LCD_CharDraw), (96 bytes).
    Removing spi_lcd.o(.ARM.exidx.text.LCD_CharDraw), (8 bytes).
    Removing spi_lcd.o(.text.LCD_DisplayOff), (12 bytes).
    Removing spi_lcd.o(.ARM.exidx.text.LCD_DisplayOff), (8 bytes).
    Removing spi_lcd.o(.text.LCD_DisplayOn), (12 bytes).
    Removing spi_lcd.o(.ARM.exidx.text.LCD_DisplayOn), (8 bytes).
    Removing spi_lcd.o(.text.LCD_StringLineDisplay), (46 bytes).
    Removing spi_lcd.o(.ARM.exidx.text.LCD_StringLineDisplay), (8 bytes).
    Removing spi_lcd.o(.text.LCD_LineDraw), (88 bytes).
    Removing spi_lcd.o(.ARM.exidx.text.LCD_LineDraw), (8 bytes).
    Removing spi_lcd.o(.text.LCD_WriteRAMWord), (16 bytes).
    Removing spi_lcd.o(.ARM.exidx.text.LCD_WriteRAMWord), (8 bytes).
    Removing spi_lcd.o(.text.LCD_CircleDraw), (240 bytes).
    Removing spi_lcd.o(.ARM.exidx.text.LCD_CircleDraw), (8 bytes).
    Removing spi_lcd.o(.text.LCD_RectDraw), (70 bytes).
    Removing spi_lcd.o(.ARM.exidx.text.LCD_RectDraw), (8 bytes).
    Removing spi_lcd.o(.text.LCD_PicDraw), (100 bytes).
    Removing spi_lcd.o(.ARM.exidx.text.LCD_PicDraw), (8 bytes).
    Removing spi_lcd.o(.text.LCD_SetDisplayArea), (92 bytes).
    Removing spi_lcd.o(.ARM.exidx.text.LCD_SetDisplayArea), (8 bytes).
    Removing spi_lcd.o(.text.LCD_ReadReg), (140 bytes).
    Removing spi_lcd.o(.ARM.exidx.text.LCD_ReadReg), (8 bytes).
    Removing spi_lcd.o(.rodata.ASCII_Font_Table), (4560 bytes).
    Removing spi_lcd.o(.data.Color_Back), (2 bytes).
    Removing spi_lcd.o(.bss.Color_Text), (2 bytes).
    Removing dadd.o(.text), (356 bytes).
    Removing dmul.o(.text), (208 bytes).
    Removing ddiv.o(.text), (240 bytes).
    Removing dfixul.o(.text), (64 bytes).
    Removing cdrcmple.o(.text), (40 bytes).
    Removing depilogue.o(.text), (190 bytes).
    Removing depilogue.o(i.__ARM_clz), (46 bytes).

982 unused section(s) (total 28980 bytes) removed from the image.

==============================================================================

Image Symbol Table

    Local Symbols

    Symbol Name                              Value     Ov Type        Size  Object(Section)

    ../clib/division.s                       0x00000000   Number         0  aeabi_sdivfast.o ABSOLUTE
    ../clib/division.s                       0x00000000   Number         0  aeabi_sdivfast_div0.o ABSOLUTE
    ../clib/microlib/division.c              0x00000000   Number         0  uidiv.o ABSOLUTE
    ../clib/microlib/division.c              0x00000000   Number         0  idiv.o ABSOLUTE
    ../clib/microlib/division.c              0x00000000   Number         0  uidiv_div0.o ABSOLUTE
    ../clib/microlib/division.c              0x00000000   Number         0  idiv_div0.o ABSOLUTE
    ../clib/microlib/division.c              0x00000000   Number         0  idiv0.o ABSOLUTE
    ../clib/microlib/division.c              0x00000000   Number         0  uldiv.o ABSOLUTE
    ../clib/microlib/init/entry.s            0x00000000   Number         0  entry.o ABSOLUTE
    ../clib/microlib/init/entry.s            0x00000000   Number         0  entry2.o ABSOLUTE
    ../clib/microlib/init/entry.s            0x00000000   Number         0  entry5.o ABSOLUTE
    ../clib/microlib/init/entry.s            0x00000000   Number         0  entry7a.o ABSOLUTE
    ../clib/microlib/init/entry.s            0x00000000   Number         0  entry7b.o ABSOLUTE
    ../clib/microlib/init/entry.s            0x00000000   Number         0  entry8a.o ABSOLUTE
    ../clib/microlib/init/entry.s            0x00000000   Number         0  entry8b.o ABSOLUTE
    ../clib/microlib/init/entry.s            0x00000000   Number         0  entry9a.o ABSOLUTE
    ../clib/microlib/init/entry.s            0x00000000   Number         0  entry9b.o ABSOLUTE
    ../clib/microlib/init/entry.s            0x00000000   Number         0  entry10a.o ABSOLUTE
    ../clib/microlib/init/entry.s            0x00000000   Number         0  entry10b.o ABSOLUTE
    ../clib/microlib/init/entry.s            0x00000000   Number         0  entry11a.o ABSOLUTE
    ../clib/microlib/init/entry.s            0x00000000   Number         0  entry11b.o ABSOLUTE
    ../clib/microlib/longlong.c              0x00000000   Number         0  llshl.o ABSOLUTE
    ../clib/microlib/longlong.c              0x00000000   Number         0  llushr.o ABSOLUTE
    ../clib/microlib/longlong.c              0x00000000   Number         0  llsshr.o ABSOLUTE
    ../clib/microlib/printf/printf.c         0x00000000   Number         0  printfb.o ABSOLUTE
    ../clib/microlib/printf/printf.c         0x00000000   Number         0  printf0.o ABSOLUTE
    ../clib/microlib/printf/printf.c         0x00000000   Number         0  printf1.o ABSOLUTE
    ../clib/microlib/printf/printf.c         0x00000000   Number         0  printf2.o ABSOLUTE
    ../clib/microlib/printf/printf.c         0x00000000   Number         0  printf3.o ABSOLUTE
    ../clib/microlib/printf/printf.c         0x00000000   Number         0  printf4.o ABSOLUTE
    ../clib/microlib/printf/printf.c         0x00000000   Number         0  printf5.o ABSOLUTE
    ../clib/microlib/printf/printf.c         0x00000000   Number         0  printf6.o ABSOLUTE
    ../clib/microlib/printf/printf.c         0x00000000   Number         0  printf7.o ABSOLUTE
    ../clib/microlib/printf/printf.c         0x00000000   Number         0  printf8.o ABSOLUTE
    ../clib/microlib/printf/printf.c         0x00000000   Number         0  printfa.o ABSOLUTE
    ../clib/microlib/printf/stubs.s          0x00000000   Number         0  printfstubs.o ABSOLUTE
    ../clib/microlib/stdio/puts.c            0x00000000   Number         0  puts.o ABSOLUTE
    ../clib/microlib/stdio/puts.c            0x00000000   Number         0  puts_e.o ABSOLUTE
    ../clib/microlib/stdio/streams.c         0x00000000   Number         0  stdout.o ABSOLUTE
    ../clib/microlib/string/memset.c         0x00000000   Number         0  memseta.o ABSOLUTE
    ../clib/microlib/stubs.s                 0x00000000   Number         0  iusefp.o ABSOLUTE
    ../fplib/microlib/fpadd.c                0x00000000   Number         0  dadd.o ABSOLUTE
    ../fplib/microlib/fpdiv.c                0x00000000   Number         0  ddiv.o ABSOLUTE
    ../fplib/microlib/fpepilogue.c           0x00000000   Number         0  depilogue.o ABSOLUTE
    ../fplib/microlib/fpfix.c                0x00000000   Number         0  dfixul.o ABSOLUTE
    ../fplib/microlib/fpmul.c                0x00000000   Number         0  dmul.o ABSOLUTE
    AL00_common_functions.c                  0x00000000   Number         0  al00_common_functions.o ABSOLUTE
    AL00_micro_ht32f52241.c                  0x00000000   Number         0  al00_micro_ht32f52241.o ABSOLUTE
    AL01_board_iq_aed_rev20191011.c          0x00000000   Number         0  al01_board_iq_aed_rev20191011.o ABSOLUTE
    AL01_flash_management.c                  0x00000000   Number         0  al01_flash_management.o ABSOLUTE
    AL02_hairdryer_global_registers.c        0x00000000   Number         0  al02_hairdryer_global_registers.o ABSOLUTE
    AL02_inverter_3phase.c                   0x00000000   Number         0  al02_inverter_3phase.o ABSOLUTE
    AL02_switches_leds_mux_driver.c          0x00000000   Number         0  al02_switches_leds_mux_driver.o ABSOLUTE
    AL03_motor_3phase_driver.c               0x00000000   Number         0  al03_motor_3phase_driver.o ABSOLUTE
    Jose.c                                   0x00000000   Number         0  jose.o ABSOLUTE
    cdrcmple.s                               0x00000000   Number         0  cdrcmple.o ABSOLUTE
    dc.s                                     0x00000000   Number         0  dc.o ABSOLUTE
    debug.c                                  0x00000000   Number         0  debug.o ABSOLUTE
    handlers.s                               0x00000000   Number         0  handlers.o ABSOLUTE
    ht32_board.c                             0x00000000   Number         0  ht32_board.o ABSOLUTE
    ht32_cm0plus_misc.c                      0x00000000   Number         0  ht32_cm0plus_misc.o ABSOLUTE
    ht32_op.s                                0x00000000   Number         0  ht32_op.o ABSOLUTE
    ht32_retarget.c                          0x00000000   Number         0  ht32_retarget.o ABSOLUTE
    ht32_serial.c                            0x00000000   Number         0  ht32_serial.o ABSOLUTE
    ht32f5xxxx_01_it.c                       0x00000000   Number         0  ht32f5xxxx_01_it.o ABSOLUTE
    ht32f5xxxx_adc.c                         0x00000000   Number         0  ht32f5xxxx_adc.o ABSOLUTE
    ht32f5xxxx_bftm.c                        0x00000000   Number         0  ht32f5xxxx_bftm.o ABSOLUTE
    ht32f5xxxx_ckcu.c                        0x00000000   Number         0  ht32f5xxxx_ckcu.o ABSOLUTE
    ht32f5xxxx_crc.c                         0x00000000   Number         0  ht32f5xxxx_crc.o ABSOLUTE
    ht32f5xxxx_exti.c                        0x00000000   Number         0  ht32f5xxxx_exti.o ABSOLUTE
    ht32f5xxxx_flash.c                       0x00000000   Number         0  ht32f5xxxx_flash.o ABSOLUTE
    ht32f5xxxx_gpio.c                        0x00000000   Number         0  ht32f5xxxx_gpio.o ABSOLUTE
    ht32f5xxxx_i2c.c                         0x00000000   Number         0  ht32f5xxxx_i2c.o ABSOLUTE
    ht32f5xxxx_mctm.c                        0x00000000   Number         0  ht32f5xxxx_mctm.o ABSOLUTE
    ht32f5xxxx_pwrcu.c                       0x00000000   Number         0  ht32f5xxxx_pwrcu.o ABSOLUTE
    ht32f5xxxx_rstcu.c                       0x00000000   Number         0  ht32f5xxxx_rstcu.o ABSOLUTE
    ht32f5xxxx_rtc.c                         0x00000000   Number         0  ht32f5xxxx_rtc.o ABSOLUTE
    ht32f5xxxx_spi.c                         0x00000000   Number         0  ht32f5xxxx_spi.o ABSOLUTE
    ht32f5xxxx_tm.c                          0x00000000   Number         0  ht32f5xxxx_tm.o ABSOLUTE
    ht32f5xxxx_usart.c                       0x00000000   Number         0  ht32f5xxxx_usart.o ABSOLUTE
    ht32f5xxxx_wdt.c                         0x00000000   Number         0  ht32f5xxxx_wdt.o ABSOLUTE
    i2c_eeprom.c                             0x00000000   Number         0  i2c_eeprom.o ABSOLUTE
    init.s                                   0x00000000   Number         0  init.o ABSOLUTE
    main.c                                   0x00000000   Number         0  main.o ABSOLUTE
    spi_flash.c                              0x00000000   Number         0  spi_flash.o ABSOLUTE
    spi_lcd.c                                0x00000000   Number         0  spi_lcd.o ABSOLUTE
    startup_ht32f5xxxx_01.s                  0x00000000   Number         0  startup_ht32f5xxxx_01.o ABSOLUTE
    system_ht32f5xxxx_02.c                   0x00000000   Number         0  system_ht32f5xxxx_02.o ABSOLUTE
    RESET                                    0x00000000   Section      336  startup_ht32f5xxxx_01.o(RESET)
    BootProcess                              0x000000b9   Thumb Code    94  startup_ht32f5xxxx_01.o(RESET)
    .ARM.Collect$$$$00000000                 0x00000150   Section        0  entry.o(.ARM.Collect$$$$00000000)
    .ARM.Collect$$$$00000001                 0x00000150   Section        4  entry2.o(.ARM.Collect$$$$00000001)
    .ARM.Collect$$$$00000004                 0x00000154   Section        4  entry5.o(.ARM.Collect$$$$00000004)
    .ARM.Collect$$$$00000008                 0x00000158   Section        0  entry7b.o(.ARM.Collect$$$$00000008)
    .ARM.Collect$$$$0000000A                 0x00000158   Section        0  entry8b.o(.ARM.Collect$$$$0000000A)
    .ARM.Collect$$$$0000000B                 0x00000158   Section        8  entry9a.o(.ARM.Collect$$$$0000000B)
    __lit__00000000                          0x00000160   Data           4  entry2.o(.ARM.Collect$$$$00002712)
    .ARM.Collect$$$$0000000D                 0x00000160   Section        0  entry10a.o(.ARM.Collect$$$$0000000D)
    .ARM.Collect$$$$0000000F                 0x00000160   Section        0  entry11a.o(.ARM.Collect$$$$0000000F)
    .ARM.Collect$$$$00002712                 0x00000160   Section        4  entry2.o(.ARM.Collect$$$$00002712)
    .text                                    0x00000164   Section        0  uidiv_div0.o(.text)
    .text                                    0x000001a4   Section       36  init.o(.text)
    [Anonymous Symbol]                       0x000001c8   Section        0  ht32f5xxxx_gpio.o(.text.AFIO_GPxConfig)
    __arm_cp.18_0                            0x0000022c   Number         4  ht32f5xxxx_gpio.o(.text.AFIO_GPxConfig)
    [Anonymous Symbol]                       0x00000230   Section        0  al00_micro_ht32f52241.o(.text.BFTM0_IRQHandler)
    __arm_cp.30_0                            0x00000240   Number         4  al00_micro_ht32f52241.o(.text.BFTM0_IRQHandler)
    __arm_cp.30_1                            0x00000244   Number         4  al00_micro_ht32f52241.o(.text.BFTM0_IRQHandler)
    [Anonymous Symbol]                       0x00000248   Section        0  al00_micro_ht32f52241.o(.text.BFTM1_IRQHandler)
    __arm_cp.31_0                            0x00000258   Number         4  al00_micro_ht32f52241.o(.text.BFTM1_IRQHandler)
    __arm_cp.31_1                            0x0000025c   Number         4  al00_micro_ht32f52241.o(.text.BFTM1_IRQHandler)
    [Anonymous Symbol]                       0x00000260   Section        0  ht32f5xxxx_bftm.o(.text.BFTM_ClearFlag)
    [Anonymous Symbol]                       0x00000270   Section        0  al00_micro_ht32f52241.o(.text.CKCU_Configuration)
    __arm_cp.25_0                            0x00000284   Number         4  al00_micro_ht32f52241.o(.text.CKCU_Configuration)
    [Anonymous Symbol]                       0x00000288   Section        0  ht32f5xxxx_ckcu.o(.text.CKCU_GetClocksFrequency)
    __arm_cp.12_0                            0x000002f0   Number         4  ht32f5xxxx_ckcu.o(.text.CKCU_GetClocksFrequency)
    [Anonymous Symbol]                       0x000002f4   Section        0  ht32f5xxxx_ckcu.o(.text.CKCU_GetPLLFrequency)
    __arm_cp.13_0                            0x0000032c   Number         4  ht32f5xxxx_ckcu.o(.text.CKCU_GetPLLFrequency)
    __arm_cp.13_1                            0x00000330   Number         4  ht32f5xxxx_ckcu.o(.text.CKCU_GetPLLFrequency)
    __arm_cp.13_2                            0x00000334   Number         4  ht32f5xxxx_ckcu.o(.text.CKCU_GetPLLFrequency)
    [Anonymous Symbol]                       0x00000338   Section        0  ht32f5xxxx_ckcu.o(.text.CKCU_GetPeripFrequency)
    __arm_cp.15_0                            0x00000368   Number         4  ht32f5xxxx_ckcu.o(.text.CKCU_GetPeripFrequency)
    [Anonymous Symbol]                       0x0000036c   Section        0  ht32f5xxxx_ckcu.o(.text.CKCU_PeripClockConfig)
    __arm_cp.28_0                            0x000003a0   Number         4  ht32f5xxxx_ckcu.o(.text.CKCU_PeripClockConfig)
    [Anonymous Symbol]                       0x000003a4   Section        0  al00_micro_ht32f52241.o(.text.EXTI0_1_IRQHandler)
    [Anonymous Symbol]                       0x00000408   Section        0  al00_micro_ht32f52241.o(.text.EXTI2_3_IRQHandler)
    [Anonymous Symbol]                       0x0000046c   Section        0  al00_micro_ht32f52241.o(.text.EXTI4_15_IRQHandler)
    __arm_cp.35_0                            0x000006b0   Number         4  al00_micro_ht32f52241.o(.text.EXTI4_15_IRQHandler)
    __arm_cp.35_1                            0x000006b4   Number         4  al00_micro_ht32f52241.o(.text.EXTI4_15_IRQHandler)
    [Anonymous Symbol]                       0x000006b8   Section        0  ht32f5xxxx_exti.o(.text.EXTI_ClearEdgeFlag)
    [Anonymous Symbol]                       0x000006c4   Section        0  ht32f5xxxx_exti.o(.text.EXTI_GetEdgeStatus)
    __arm_cp.8_0                             0x000006e4   Number         4  ht32f5xxxx_exti.o(.text.EXTI_GetEdgeStatus)
    [Anonymous Symbol]                       0x000006e8   Section        0  jose.o(.text.GPIO_Config)
    __arm_cp.1_0                             0x00000710   Number         4  jose.o(.text.GPIO_Config)
    __arm_cp.1_1                             0x00000714   Number         4  jose.o(.text.GPIO_Config)
    __arm_cp.1_2                             0x00000718   Number         4  jose.o(.text.GPIO_Config)
    [Anonymous Symbol]                       0x0000071c   Section        0  ht32f5xxxx_gpio.o(.text.GPIO_DirectionConfig)
    [Anonymous Symbol]                       0x00000730   Section        0  ht32f5xxxx_gpio.o(.text.GPIO_DriveConfig)
    [Anonymous Symbol]                       0x00000762   Section        0  ht32f5xxxx_gpio.o(.text.GPIO_PullResistorConfig)
    [Anonymous Symbol]                       0x00000794   Section        0  ht32_board.o(.text.HT32F_DVB_COMInit)
    __arm_cp.8_0                             0x000007e4   Number         4  ht32_board.o(.text.HT32F_DVB_COMInit)
    [Anonymous Symbol]                       0x000007e8   Section        0  ht32f5xxxx_01_it.o(.text.HardFault_Handler)
    __arm_cp.1_0                             0x000007f4   Number         4  ht32f5xxxx_01_it.o(.text.HardFault_Handler)
    [Anonymous Symbol]                       0x000007f8   Section        0  al00_micro_ht32f52241.o(.text.MCTM0_IRQHandler)
    [Anonymous Symbol]                       0x000007fa   Section        0  ht32f5xxxx_mctm.o(.text.MCTM_CHBRKCTRConfig)
    [Anonymous Symbol]                       0x00000824   Section        0  ht32f5xxxx_mctm.o(.text.MCTM_CHMOECmd)
    [Anonymous Symbol]                       0x00000836   Section        0  ht32f5xxxx_01_it.o(.text.NMI_Handler)
    [Anonymous Symbol]                       0x00000838   Section        0  al00_micro_ht32f52241.o(.text.NVIC_Configuration)
    NVIC_EnableIRQ                           0x00000845   Thumb Code    12  al00_micro_ht32f52241.o(.text.NVIC_EnableIRQ)
    [Anonymous Symbol]                       0x00000844   Section        0  al00_micro_ht32f52241.o(.text.NVIC_EnableIRQ)
    __arm_cp.40_0                            0x00000850   Number         4  al00_micro_ht32f52241.o(.text.NVIC_EnableIRQ)
    [Anonymous Symbol]                       0x00000854   Section        0  ht32_cm0plus_misc.o(.text.NVIC_SetVectorTable)
    __arm_cp.2_0                             0x00000860   Number         4  ht32_cm0plus_misc.o(.text.NVIC_SetVectorTable)
    __arm_cp.2_1                             0x00000864   Number         4  ht32_cm0plus_misc.o(.text.NVIC_SetVectorTable)
    [Anonymous Symbol]                       0x00000868   Section        0  ht32f5xxxx_01_it.o(.text.PendSV_Handler)
    [Anonymous Symbol]                       0x0000086a   Section        0  ht32_retarget.o(.text.RETARGET_Configuration)
    [Anonymous Symbol]                       0x00000888   Section        0  al00_micro_ht32f52241.o(.text.SCTM0_IRQHandler)
    __arm_cp.21_0                            0x0000089c   Number         4  al00_micro_ht32f52241.o(.text.SCTM0_IRQHandler)
    __arm_cp.21_1                            0x000008a0   Number         4  al00_micro_ht32f52241.o(.text.SCTM0_IRQHandler)
    [Anonymous Symbol]                       0x000008a4   Section        0  al00_micro_ht32f52241.o(.text.SCTM1_IRQHandler)
    __arm_cp.22_0                            0x000008b8   Number         4  al00_micro_ht32f52241.o(.text.SCTM1_IRQHandler)
    __arm_cp.22_1                            0x000008bc   Number         4  al00_micro_ht32f52241.o(.text.SCTM1_IRQHandler)
    [Anonymous Symbol]                       0x000008c0   Section        0  ht32f5xxxx_01_it.o(.text.SVC_Handler)
    [Anonymous Symbol]                       0x000008c4   Section        0  ht32_cm0plus_misc.o(.text.SYSTICK_ClockSourceConfig)
    [Anonymous Symbol]                       0x000008dc   Section        0  al00_micro_ht32f52241.o(.text.SYSTICK_Configuration)
    __arm_cp.27_0                            0x0000090c   Number         4  al00_micro_ht32f52241.o(.text.SYSTICK_Configuration)
    [Anonymous Symbol]                       0x00000910   Section        0  ht32_cm0plus_misc.o(.text.SYSTICK_CounterCmd)
    [Anonymous Symbol]                       0x00000938   Section        0  ht32_cm0plus_misc.o(.text.SYSTICK_IntConfig)
    __arm_cp.7_0                             0x0000094c   Number         4  ht32_cm0plus_misc.o(.text.SYSTICK_IntConfig)
    [Anonymous Symbol]                       0x00000950   Section        0  ht32_cm0plus_misc.o(.text.SYSTICK_SetReloadValue)
    __arm_cp.8_0                             0x00000958   Number         4  ht32_cm0plus_misc.o(.text.SYSTICK_SetReloadValue)
    [Anonymous Symbol]                       0x0000095c   Section        0  jose.o(.text.SiguienteSeq)
    [Anonymous Symbol]                       0x00000978   Section        0  al00_micro_ht32f52241.o(.text.SysTick_Handler)
    [Anonymous Symbol]                       0x00000984   Section        0  system_ht32f5xxxx_02.o(.text.SystemInit)
    __arm_cp.0_0                             0x00000a54   Number         4  system_ht32f5xxxx_02.o(.text.SystemInit)
    __arm_cp.0_1                             0x00000a58   Number         4  system_ht32f5xxxx_02.o(.text.SystemInit)
    __arm_cp.0_2                             0x00000a5c   Number         4  system_ht32f5xxxx_02.o(.text.SystemInit)
    __arm_cp.0_3                             0x00000a60   Number         4  system_ht32f5xxxx_02.o(.text.SystemInit)
    __arm_cp.0_4                             0x00000a64   Number         4  system_ht32f5xxxx_02.o(.text.SystemInit)
    [Anonymous Symbol]                       0x00000a68   Section        0  al00_micro_ht32f52241.o(.text.Systick_GetTick)
    __arm_cp.1_0                             0x00000a70   Number         4  al00_micro_ht32f52241.o(.text.Systick_GetTick)
    [Anonymous Symbol]                       0x00000a74   Section        0  ht32f5xxxx_tm.o(.text.TM_ChannelConfig)
    [Anonymous Symbol]                       0x00000a8c   Section        0  al00_micro_ht32f52241.o(.text.TM_ChannelED)
    [Anonymous Symbol]                       0x00000aa8   Section        0  ht32f5xxxx_tm.o(.text.TM_ClearFlag)
    [Anonymous Symbol]                       0x00000ab2   Section        0  ht32f5xxxx_tm.o(.text.TM_Cmd)
    [Anonymous Symbol]                       0x00000ac2   Section        0  ht32f5xxxx_tm.o(.text.TM_GetCaptureCompare)
    [Anonymous Symbol]                       0x00000acc   Section        0  ht32f5xxxx_tm.o(.text.TM_OutputInit)
    __arm_cp.2_0                             0x00000b78   Number         4  ht32f5xxxx_tm.o(.text.TM_OutputInit)
    [Anonymous Symbol]                       0x00000b7c   Section        0  ht32f5xxxx_tm.o(.text.TM_SetCounter)
    [Anonymous Symbol]                       0x00000b84   Section        0  ht32f5xxxx_tm.o(.text.TM_TimeBaseInit)
    __arm_cp.1_1                             0x00000bc0   Number         4  ht32f5xxxx_tm.o(.text.TM_TimeBaseInit)
    [Anonymous Symbol]                       0x00000bc4   Section        0  ht32f5xxxx_usart.o(.text.USART_Init)
    __arm_cp.1_0                             0x00000c14   Number         4  ht32f5xxxx_usart.o(.text.USART_Init)
    __arm_cp.1_1                             0x00000c18   Number         4  ht32f5xxxx_usart.o(.text.USART_Init)
    __arm_cp.1_2                             0x00000c1c   Number         4  ht32f5xxxx_usart.o(.text.USART_Init)
    __arm_cp.1_3                             0x00000c20   Number         4  ht32f5xxxx_usart.o(.text.USART_Init)
    __arm_cp.1_4                             0x00000c24   Number         4  ht32f5xxxx_usart.o(.text.USART_Init)
    __arm_cp.1_5                             0x00000c28   Number         4  ht32f5xxxx_usart.o(.text.USART_Init)
    [Anonymous Symbol]                       0x00000c2c   Section        0  ht32f5xxxx_usart.o(.text.USART_TxRxCmd)
    _HT32F_DVB_ClockConfig                   0x00000c45   Thumb Code    48  al00_micro_ht32f52241.o(.text._HT32F_DVB_ClockConfig)
    [Anonymous Symbol]                       0x00000c44   Section        0  al00_micro_ht32f52241.o(.text._HT32F_DVB_ClockConfig)
    [Anonymous Symbol]                       0x00000c74   Section        0  al01_board_iq_aed_rev20191011.o(.text.board_hardware_configuration)
    [Anonymous Symbol]                       0x00000c7c   Section        0  al01_board_iq_aed_rev20191011.o(.text.board_scheduler_is_time_expired)
    [Anonymous Symbol]                       0x00000c90   Section        0  al01_board_iq_aed_rev20191011.o(.text.board_scheduler_load_timer)
    [Anonymous Symbol]                       0x00000c9c   Section        0  al00_micro_ht32f52241.o(.text.empty_func_to_avoid_hard_fault)
    [Anonymous Symbol]                       0x00000ca0   Section        0  al00_micro_ht32f52241.o(.text.hardware_gpio_config_output_pp_pins_load_config)
    [Anonymous Symbol]                       0x00000cc0   Section        0  al00_micro_ht32f52241.o(.text.hardware_pwm_start_with_ton)
    [Anonymous Symbol]                       0x00000cd8   Section        0  al02_inverter_3phase.o(.text.inverter_3phase_comm_set_seq)
    __arm_cp.2_0                             0x00000f80   Number         4  al02_inverter_3phase.o(.text.inverter_3phase_comm_set_seq)
    __arm_cp.2_1                             0x00000f84   Number         4  al02_inverter_3phase.o(.text.inverter_3phase_comm_set_seq)
    __arm_cp.2_2                             0x00000f88   Number         4  al02_inverter_3phase.o(.text.inverter_3phase_comm_set_seq)
    __arm_cp.2_3                             0x00000f8c   Number         4  al02_inverter_3phase.o(.text.inverter_3phase_comm_set_seq)
    __arm_cp.2_4                             0x00000f90   Number         4  al02_inverter_3phase.o(.text.inverter_3phase_comm_set_seq)
    [Anonymous Symbol]                       0x00000f94   Section        0  main.o(.text.main)
    [Anonymous Symbol]                       0x00000ff2   Section        0  al00_micro_ht32f52241.o(.text.micro_config)
    micro_gpios_outputs_pp_config            0x00001011   Thumb Code   120  al00_micro_ht32f52241.o(.text.micro_gpios_outputs_pp_config)
    [Anonymous Symbol]                       0x00001010   Section        0  al00_micro_ht32f52241.o(.text.micro_gpios_outputs_pp_config)
    __arm_cp.28_0                            0x00001088   Number         4  al00_micro_ht32f52241.o(.text.micro_gpios_outputs_pp_config)
    __arm_cp.28_1                            0x0000108c   Number         4  al00_micro_ht32f52241.o(.text.micro_gpios_outputs_pp_config)
    micro_pwm_config                         0x00001091   Thumb Code   244  al00_micro_ht32f52241.o(.text.micro_pwm_config)
    [Anonymous Symbol]                       0x00001090   Section        0  al00_micro_ht32f52241.o(.text.micro_pwm_config)
    __arm_cp.29_0                            0x00001184   Number         4  al00_micro_ht32f52241.o(.text.micro_pwm_config)
    __arm_cp.29_1                            0x00001188   Number         4  al00_micro_ht32f52241.o(.text.micro_pwm_config)
    __arm_cp.29_2                            0x0000118c   Number         4  al00_micro_ht32f52241.o(.text.micro_pwm_config)
    __arm_cp.29_3                            0x00001190   Number         4  al00_micro_ht32f52241.o(.text.micro_pwm_config)
    i.__scatterload_copy                     0x00001194   Section       14  handlers.o(i.__scatterload_copy)
    i.__scatterload_null                     0x000011a2   Section        2  handlers.o(i.__scatterload_null)
    i.__scatterload_zeroinit                 0x000011a4   Section       14  handlers.o(i.__scatterload_zeroinit)
    GPIO_PORTs                               0x000011b4   Data          12  al00_micro_ht32f52241.o(.rodata.GPIO_PORTs)
    [Anonymous Symbol]                       0x000011b4   Section        0  al00_micro_ht32f52241.o(.rodata.GPIO_PORTs)
    inverter_actual_comm_seq                 0x20000094   Data           4  al02_inverter_3phase.o(.data.inverter_actual_comm_seq)
    [Anonymous Symbol]                       0x20000094   Section        0  al02_inverter_3phase.o(.data.inverter_actual_comm_seq)
    HardFault_Handler.gIsContinue            0x20000098   Data           4  ht32f5xxxx_01_it.o(.bss.HardFault_Handler.gIsContinue)
    [Anonymous Symbol]                       0x20000098   Section        0  ht32f5xxxx_01_it.o(.bss.HardFault_Handler.gIsContinue)
    TickCount                                0x2000009c   Data           4  al00_micro_ht32f52241.o(.bss.TickCount)
    [Anonymous Symbol]                       0x2000009c   Section        0  al00_micro_ht32f52241.o(.bss.TickCount)
    gpio_config_output_pp_pins               0x200000a0   Data          12  al00_micro_ht32f52241.o(.bss.gpio_config_output_pp_pins)
    [Anonymous Symbol]                       0x200000a0   Section        0  al00_micro_ht32f52241.o(.bss.gpio_config_output_pp_pins)
    STACK                                    0x200000b0   Section      512  startup_ht32f5xxxx_01.o(STACK)

    Global Symbols

    Symbol Name                              Value     Ov Type        Size  Object(Section)

    BuildAttributes$$THM_ISAv3M$S$PE$A:L22$X:L11$S22$IEEE1$IW$~IW$USESV6$~STKCKD$USESV7$~SHL$OTIME$ROPI$EBA8$MICROLIB$REQ8$PRES8$EABIv2 0x00000000   Number         0  anon$$obj.o ABSOLUTE
    __Vectors                                0x00000000   Data           0  startup_ht32f5xxxx_01.o(RESET)
    _printf_a                                0x00000000   Number         0  printfstubs.o ABSOLUTE
    _printf_c                                0x00000000   Number         0  printfstubs.o ABSOLUTE
    _printf_charcount                        0x00000000   Number         0  printfstubs.o ABSOLUTE
    _printf_d                                0x00000000   Number         0  printfstubs.o ABSOLUTE
    _printf_e                                0x00000000   Number         0  printfstubs.o ABSOLUTE
    _printf_f                                0x00000000   Number         0  printfstubs.o ABSOLUTE
    _printf_flags                            0x00000000   Number         0  printfstubs.o ABSOLUTE
    _printf_fp_dec                           0x00000000   Number         0  printfstubs.o ABSOLUTE
    _printf_fp_hex                           0x00000000   Number         0  printfstubs.o ABSOLUTE
    _printf_g                                0x00000000   Number         0  printfstubs.o ABSOLUTE
    _printf_i                                0x00000000   Number         0  printfstubs.o ABSOLUTE
    _printf_int_dec                          0x00000000   Number         0  printfstubs.o ABSOLUTE
    _printf_l                                0x00000000   Number         0  printfstubs.o ABSOLUTE
    _printf_lc                               0x00000000   Number         0  printfstubs.o ABSOLUTE
    _printf_ll                               0x00000000   Number         0  printfstubs.o ABSOLUTE
    _printf_lld                              0x00000000   Number         0  printfstubs.o ABSOLUTE
    _printf_lli                              0x00000000   Number         0  printfstubs.o ABSOLUTE
    _printf_llo                              0x00000000   Number         0  printfstubs.o ABSOLUTE
    _printf_llu                              0x00000000   Number         0  printfstubs.o ABSOLUTE
    _printf_llx                              0x00000000   Number         0  printfstubs.o ABSOLUTE
    _printf_longlong_dec                     0x00000000   Number         0  printfstubs.o ABSOLUTE
    _printf_longlong_hex                     0x00000000   Number         0  printfstubs.o ABSOLUTE
    _printf_longlong_oct                     0x00000000   Number         0  printfstubs.o ABSOLUTE
    _printf_ls                               0x00000000   Number         0  printfstubs.o ABSOLUTE
    _printf_mbtowc                           0x00000000   Number         0  printfstubs.o ABSOLUTE
    _printf_n                                0x00000000   Number         0  printfstubs.o ABSOLUTE
    _printf_o                                0x00000000   Number         0  printfstubs.o ABSOLUTE
    _printf_p                                0x00000000   Number         0  printfstubs.o ABSOLUTE
    _printf_percent                          0x00000000   Number         0  printfstubs.o ABSOLUTE
    _printf_pre_padding                      0x00000000   Number         0  printfstubs.o ABSOLUTE
    _printf_return_value                     0x00000000   Number         0  printfstubs.o ABSOLUTE
    _printf_s                                0x00000000   Number         0  printfstubs.o ABSOLUTE
    _printf_sizespec                         0x00000000   Number         0  printfstubs.o ABSOLUTE
    _printf_str                              0x00000000   Number         0  printfstubs.o ABSOLUTE
    _printf_truncate_signed                  0x00000000   Number         0  printfstubs.o ABSOLUTE
    _printf_truncate_unsigned                0x00000000   Number         0  printfstubs.o ABSOLUTE
    _printf_u                                0x00000000   Number         0  printfstubs.o ABSOLUTE
    _printf_wc                               0x00000000   Number         0  printfstubs.o ABSOLUTE
    _printf_wctomb                           0x00000000   Number         0  printfstubs.o ABSOLUTE
    _printf_widthprec                        0x00000000   Number         0  printfstubs.o ABSOLUTE
    _printf_x                                0x00000000   Number         0  printfstubs.o ABSOLUTE
    __cpp_initialize__aeabi_                  - Undefined Weak Reference
    __cxa_finalize                            - Undefined Weak Reference
    __decompress                              - Undefined Weak Reference
    _clock_init                               - Undefined Weak Reference
    _microlib_exit                            - Undefined Weak Reference
    Reset_Handler                            0x000000ad   Thumb Code    12  startup_ht32f5xxxx_01.o(RESET)
    ADC_IRQHandler                           0x00000121   Thumb Code     0  startup_ht32f5xxxx_01.o(RESET)
    AES_IRQHandler                           0x00000121   Thumb Code     0  startup_ht32f5xxxx_01.o(RESET)
    COMP_IRQHandler                          0x00000121   Thumb Code     0  startup_ht32f5xxxx_01.o(RESET)
    EVWUP_IRQHandler                         0x00000121   Thumb Code     0  startup_ht32f5xxxx_01.o(RESET)
    FLASH_IRQHandler                         0x00000121   Thumb Code     0  startup_ht32f5xxxx_01.o(RESET)
    GPTM0_IRQHandler                         0x00000121   Thumb Code     0  startup_ht32f5xxxx_01.o(RESET)
    GPTM1_IRQHandler                         0x00000121   Thumb Code     0  startup_ht32f5xxxx_01.o(RESET)
    I2C0_IRQHandler                          0x00000121   Thumb Code     0  startup_ht32f5xxxx_01.o(RESET)
    I2C1_IRQHandler                          0x00000121   Thumb Code     0  startup_ht32f5xxxx_01.o(RESET)
    I2C2_IRQHandler                          0x00000121   Thumb Code     0  startup_ht32f5xxxx_01.o(RESET)
    I2S_IRQHandler                           0x00000121   Thumb Code     0  startup_ht32f5xxxx_01.o(RESET)
    LVD_BOD_IRQHandler                       0x00000121   Thumb Code     0  startup_ht32f5xxxx_01.o(RESET)
    MIDI_IRQHandler                          0x00000121   Thumb Code     0  startup_ht32f5xxxx_01.o(RESET)
    PDMA_CH0_1_IRQHandler                    0x00000121   Thumb Code     0  startup_ht32f5xxxx_01.o(RESET)
    PDMA_CH2_5_IRQHandler                    0x00000121   Thumb Code     0  startup_ht32f5xxxx_01.o(RESET)
    PWM0_IRQHandler                          0x00000121   Thumb Code     0  startup_ht32f5xxxx_01.o(RESET)
    PWM1_IRQHandler                          0x00000121   Thumb Code     0  startup_ht32f5xxxx_01.o(RESET)
    QSPI_IRQHandler                          0x00000121   Thumb Code     0  startup_ht32f5xxxx_01.o(RESET)
    RTC_IRQHandler                           0x00000121   Thumb Code     0  startup_ht32f5xxxx_01.o(RESET)
    SCI_IRQHandler                           0x00000121   Thumb Code     0  startup_ht32f5xxxx_01.o(RESET)
    SCTM2_IRQHandler                         0x00000121   Thumb Code     0  startup_ht32f5xxxx_01.o(RESET)
    SCTM3_IRQHandler                         0x00000121   Thumb Code     0  startup_ht32f5xxxx_01.o(RESET)
    SPI0_IRQHandler                          0x00000121   Thumb Code     0  startup_ht32f5xxxx_01.o(RESET)
    SPI1_IRQHandler                          0x00000121   Thumb Code     0  startup_ht32f5xxxx_01.o(RESET)
    UART0_IRQHandler                         0x00000121   Thumb Code     0  startup_ht32f5xxxx_01.o(RESET)
    UART1_IRQHandler                         0x00000121   Thumb Code     0  startup_ht32f5xxxx_01.o(RESET)
    UART2_IRQHandler                         0x00000121   Thumb Code     0  startup_ht32f5xxxx_01.o(RESET)
    UART3_IRQHandler                         0x00000121   Thumb Code     0  startup_ht32f5xxxx_01.o(RESET)
    USART0_IRQHandler                        0x00000121   Thumb Code     0  startup_ht32f5xxxx_01.o(RESET)
    USART1_IRQHandler                        0x00000121   Thumb Code     0  startup_ht32f5xxxx_01.o(RESET)
    USB_IRQHandler                           0x00000121   Thumb Code     0  startup_ht32f5xxxx_01.o(RESET)
    __main                                   0x00000151   Thumb Code     0  entry.o(.ARM.Collect$$$$00000000)
    _main_stk                                0x00000151   Thumb Code     0  entry2.o(.ARM.Collect$$$$00000001)
    _main_scatterload                        0x00000155   Thumb Code     0  entry5.o(.ARM.Collect$$$$00000004)
    __main_after_scatterload                 0x00000159   Thumb Code     0  entry5.o(.ARM.Collect$$$$00000004)
    _main_clock                              0x00000159   Thumb Code     0  entry7b.o(.ARM.Collect$$$$00000008)
    _main_cpp_init                           0x00000159   Thumb Code     0  entry8b.o(.ARM.Collect$$$$0000000A)
    _main_init                               0x00000159   Thumb Code     0  entry9a.o(.ARM.Collect$$$$0000000B)
    __rt_final_cpp                           0x00000161   Thumb Code     0  entry10a.o(.ARM.Collect$$$$0000000D)
    __rt_final_exit                          0x00000161   Thumb Code     0  entry11a.o(.ARM.Collect$$$$0000000F)
    __aeabi_uidiv                            0x00000165   Thumb Code     0  uidiv_div0.o(.text)
    __aeabi_uidivmod                         0x00000165   Thumb Code    62  uidiv_div0.o(.text)
    __scatterload                            0x000001a5   Thumb Code    28  init.o(.text)
    __scatterload_rt2                        0x000001a5   Thumb Code     0  init.o(.text)
    AFIO_GPxConfig                           0x000001c9   Thumb Code   100  ht32f5xxxx_gpio.o(.text.AFIO_GPxConfig)
    BFTM0_IRQHandler                         0x00000231   Thumb Code    16  al00_micro_ht32f52241.o(.text.BFTM0_IRQHandler)
    BFTM1_IRQHandler                         0x00000249   Thumb Code    16  al00_micro_ht32f52241.o(.text.BFTM1_IRQHandler)
    BFTM_ClearFlag                           0x00000261   Thumb Code    14  ht32f5xxxx_bftm.o(.text.BFTM_ClearFlag)
    CKCU_Configuration                       0x00000271   Thumb Code    20  al00_micro_ht32f52241.o(.text.CKCU_Configuration)
    CKCU_GetClocksFrequency                  0x00000289   Thumb Code   104  ht32f5xxxx_ckcu.o(.text.CKCU_GetClocksFrequency)
    CKCU_GetPLLFrequency                     0x000002f5   Thumb Code    56  ht32f5xxxx_ckcu.o(.text.CKCU_GetPLLFrequency)
    CKCU_GetPeripFrequency                   0x00000339   Thumb Code    48  ht32f5xxxx_ckcu.o(.text.CKCU_GetPeripFrequency)
    CKCU_PeripClockConfig                    0x0000036d   Thumb Code    52  ht32f5xxxx_ckcu.o(.text.CKCU_PeripClockConfig)
    EXTI0_1_IRQHandler                       0x000003a5   Thumb Code   100  al00_micro_ht32f52241.o(.text.EXTI0_1_IRQHandler)
    EXTI2_3_IRQHandler                       0x00000409   Thumb Code   100  al00_micro_ht32f52241.o(.text.EXTI2_3_IRQHandler)
    EXTI4_15_IRQHandler                      0x0000046d   Thumb Code   580  al00_micro_ht32f52241.o(.text.EXTI4_15_IRQHandler)
    EXTI_ClearEdgeFlag                       0x000006b9   Thumb Code    12  ht32f5xxxx_exti.o(.text.EXTI_ClearEdgeFlag)
    EXTI_GetEdgeStatus                       0x000006c5   Thumb Code    32  ht32f5xxxx_exti.o(.text.EXTI_GetEdgeStatus)
    GPIO_Config                              0x000006e9   Thumb Code    40  jose.o(.text.GPIO_Config)
    GPIO_DirectionConfig                     0x0000071d   Thumb Code    20  ht32f5xxxx_gpio.o(.text.GPIO_DirectionConfig)
    GPIO_DriveConfig                         0x00000731   Thumb Code    50  ht32f5xxxx_gpio.o(.text.GPIO_DriveConfig)
    GPIO_PullResistorConfig                  0x00000763   Thumb Code    50  ht32f5xxxx_gpio.o(.text.GPIO_PullResistorConfig)
    HT32F_DVB_COMInit                        0x00000795   Thumb Code    80  ht32_board.o(.text.HT32F_DVB_COMInit)
    HardFault_Handler                        0x000007e9   Thumb Code    12  ht32f5xxxx_01_it.o(.text.HardFault_Handler)
    MCTM0_IRQHandler                         0x000007f9   Thumb Code     2  al00_micro_ht32f52241.o(.text.MCTM0_IRQHandler)
    MCTM_CHBRKCTRConfig                      0x000007fb   Thumb Code    42  ht32f5xxxx_mctm.o(.text.MCTM_CHBRKCTRConfig)
    MCTM_CHMOECmd                            0x00000825   Thumb Code    18  ht32f5xxxx_mctm.o(.text.MCTM_CHMOECmd)
    NMI_Handler                              0x00000837   Thumb Code     2  ht32f5xxxx_01_it.o(.text.NMI_Handler)
    NVIC_Configuration                       0x00000839   Thumb Code    12  al00_micro_ht32f52241.o(.text.NVIC_Configuration)
    NVIC_SetVectorTable                      0x00000855   Thumb Code    12  ht32_cm0plus_misc.o(.text.NVIC_SetVectorTable)
    PendSV_Handler                           0x00000869   Thumb Code     2  ht32f5xxxx_01_it.o(.text.PendSV_Handler)
    RETARGET_Configuration                   0x0000086b   Thumb Code    30  ht32_retarget.o(.text.RETARGET_Configuration)
    SCTM0_IRQHandler                         0x00000889   Thumb Code    20  al00_micro_ht32f52241.o(.text.SCTM0_IRQHandler)
    SCTM1_IRQHandler                         0x000008a5   Thumb Code    20  al00_micro_ht32f52241.o(.text.SCTM1_IRQHandler)
    SVC_Handler                              0x000008c1   Thumb Code     2  ht32f5xxxx_01_it.o(.text.SVC_Handler)
    SYSTICK_ClockSourceConfig                0x000008c5   Thumb Code    24  ht32_cm0plus_misc.o(.text.SYSTICK_ClockSourceConfig)
    SYSTICK_Configuration                    0x000008dd   Thumb Code    48  al00_micro_ht32f52241.o(.text.SYSTICK_Configuration)
    SYSTICK_CounterCmd                       0x00000911   Thumb Code    40  ht32_cm0plus_misc.o(.text.SYSTICK_CounterCmd)
    SYSTICK_IntConfig                        0x00000939   Thumb Code    20  ht32_cm0plus_misc.o(.text.SYSTICK_IntConfig)
    SYSTICK_SetReloadValue                   0x00000951   Thumb Code     8  ht32_cm0plus_misc.o(.text.SYSTICK_SetReloadValue)
    SiguienteSeq                             0x0000095d   Thumb Code    26  jose.o(.text.SiguienteSeq)
    SysTick_Handler                          0x00000979   Thumb Code    12  al00_micro_ht32f52241.o(.text.SysTick_Handler)
    SystemInit                               0x00000985   Thumb Code   208  system_ht32f5xxxx_02.o(.text.SystemInit)
    Systick_GetTick                          0x00000a69   Thumb Code     8  al00_micro_ht32f52241.o(.text.Systick_GetTick)
    TM_ChannelConfig                         0x00000a75   Thumb Code    24  ht32f5xxxx_tm.o(.text.TM_ChannelConfig)
    TM_ChannelED                             0x00000a8d   Thumb Code    28  al00_micro_ht32f52241.o(.text.TM_ChannelED)
    TM_ClearFlag                             0x00000aa9   Thumb Code    10  ht32f5xxxx_tm.o(.text.TM_ClearFlag)
    TM_Cmd                                   0x00000ab3   Thumb Code    16  ht32f5xxxx_tm.o(.text.TM_Cmd)
    TM_GetCaptureCompare                     0x00000ac3   Thumb Code    10  ht32f5xxxx_tm.o(.text.TM_GetCaptureCompare)
    TM_OutputInit                            0x00000acd   Thumb Code   172  ht32f5xxxx_tm.o(.text.TM_OutputInit)
    TM_SetCounter                            0x00000b7d   Thumb Code     6  ht32f5xxxx_tm.o(.text.TM_SetCounter)
    TM_TimeBaseInit                          0x00000b85   Thumb Code    60  ht32f5xxxx_tm.o(.text.TM_TimeBaseInit)
    USART_Init                               0x00000bc5   Thumb Code    80  ht32f5xxxx_usart.o(.text.USART_Init)
    USART_TxRxCmd                            0x00000c2d   Thumb Code    24  ht32f5xxxx_usart.o(.text.USART_TxRxCmd)
    board_hardware_configuration             0x00000c75   Thumb Code     8  al01_board_iq_aed_rev20191011.o(.text.board_hardware_configuration)
    board_scheduler_is_time_expired          0x00000c7d   Thumb Code    20  al01_board_iq_aed_rev20191011.o(.text.board_scheduler_is_time_expired)
    board_scheduler_load_timer               0x00000c91   Thumb Code    12  al01_board_iq_aed_rev20191011.o(.text.board_scheduler_load_timer)
    empty_func_to_avoid_hard_fault           0x00000c9d   Thumb Code     2  al00_micro_ht32f52241.o(.text.empty_func_to_avoid_hard_fault)
    hardware_gpio_config_output_pp_pins_load_config 0x00000ca1   Thumb Code    32  al00_micro_ht32f52241.o(.text.hardware_gpio_config_output_pp_pins_load_config)
    hardware_pwm_start_with_ton              0x00000cc1   Thumb Code    24  al00_micro_ht32f52241.o(.text.hardware_pwm_start_with_ton)
    inverter_3phase_comm_set_seq             0x00000cd9   Thumb Code   680  al02_inverter_3phase.o(.text.inverter_3phase_comm_set_seq)
    main                                     0x00000f95   Thumb Code    94  main.o(.text.main)
    micro_config                             0x00000ff3   Thumb Code    28  al00_micro_ht32f52241.o(.text.micro_config)
    __scatterload_copy                       0x00001195   Thumb Code    14  handlers.o(i.__scatterload_copy)
    __scatterload_null                       0x000011a3   Thumb Code     2  handlers.o(i.__scatterload_null)
    __scatterload_zeroinit                   0x000011a5   Thumb Code    14  handlers.o(i.__scatterload_zeroinit)
    Region$$Table$$Base                      0x000011c0   Number         0  anon$$obj.o(Region$$Table)
    Region$$Table$$Limit                     0x000011e0   Number         0  anon$$obj.o(Region$$Table)
    SystemCoreClock                          0x20000000   Data           4  system_ht32f5xxxx_02.o(.data.SystemCoreClock)
    func_ptr_callback_bftm0                  0x20000004   Data           4  al00_micro_ht32f52241.o(.data.func_ptr_callback_bftm0)
    func_ptr_callback_bftm1                  0x20000008   Data           4  al00_micro_ht32f52241.o(.data.func_ptr_callback_bftm1)
    func_ptr_callback_falling_exti           0x2000000c   Data          64  al00_micro_ht32f52241.o(.data.func_ptr_callback_falling_exti)
    func_ptr_callback_rising_exti            0x2000004c   Data          64  al00_micro_ht32f52241.o(.data.func_ptr_callback_rising_exti)
    func_ptr_callback_sctm0                  0x2000008c   Data           4  al00_micro_ht32f52241.o(.data.func_ptr_callback_sctm0)
    func_ptr_callback_sctm1                  0x20000090   Data           4  al00_micro_ht32f52241.o(.data.func_ptr_callback_sctm1)
    __HT_check_sp                            0x200000b0   Data           0  startup_ht32f5xxxx_01.o(STACK)
    __initial_sp                             0x200002b0   Data           0  startup_ht32f5xxxx_01.o(STACK)



==============================================================================

Memory Map of the image

  Image Entry point : 0x000000ad

  Load Region LR_1 (Base: 0x00000000, Size: 0x00001278, Max: 0xffffffff, ABSOLUTE)

    Execution Region ER_RO (Exec base: 0x00000000, Load base: 0x00000000, Size: 0x000011e0, Max: 0xffffffff, ABSOLUTE)

    Exec Addr    Load Addr    Size         Type   Attr      Idx    E Section Name        Object

    0x00000000   0x00000000   0x00000150   Code   RO          339  * RESET               startup_ht32f5xxxx_01.o
    0x00000150   0x00000150   0x00000000   Code   RO         1292  * .ARM.Collect$$$$00000000  mc_p.l(entry.o)
    0x00000150   0x00000150   0x00000004   Code   RO         1570    .ARM.Collect$$$$00000001  mc_p.l(entry2.o)
    0x00000154   0x00000154   0x00000004   Code   RO         1573    .ARM.Collect$$$$00000004  mc_p.l(entry5.o)
    0x00000158   0x00000158   0x00000000   Code   RO         1575    .ARM.Collect$$$$00000008  mc_p.l(entry7b.o)
    0x00000158   0x00000158   0x00000000   Code   RO         1577    .ARM.Collect$$$$0000000A  mc_p.l(entry8b.o)
    0x00000158   0x00000158   0x00000008   Code   RO         1578    .ARM.Collect$$$$0000000B  mc_p.l(entry9a.o)
    0x00000160   0x00000160   0x00000000   Code   RO         1580    .ARM.Collect$$$$0000000D  mc_p.l(entry10a.o)
    0x00000160   0x00000160   0x00000000   Code   RO         1582    .ARM.Collect$$$$0000000F  mc_p.l(entry11a.o)
    0x00000160   0x00000160   0x00000004   Code   RO         1571    .ARM.Collect$$$$00002712  mc_p.l(entry2.o)
    0x00000164   0x00000164   0x0000003e   Code   RO         1589    .text               mc_p.l(uidiv_div0.o)
    0x000001a2   0x000001a2   0x00000002   PAD
    0x000001a4   0x000001a4   0x00000024   Code   RO         1608    .text               mc_p.l(init.o)
    0x000001c8   0x000001c8   0x00000068   Code   RO          642    .text.AFIO_GPxConfig  ht32f5xxxx_gpio.o
    0x00000230   0x00000230   0x00000018   Code   RO           88    .text.BFTM0_IRQHandler  al00_micro_ht32f52241.o
    0x00000248   0x00000248   0x00000018   Code   RO           90    .text.BFTM1_IRQHandler  al00_micro_ht32f52241.o
    0x00000260   0x00000260   0x0000000e   Code   RO          438    .text.BFTM_ClearFlag  ht32f5xxxx_bftm.o
    0x0000026e   0x0000026e   0x00000002   PAD
    0x00000270   0x00000270   0x00000018   Code   RO           78    .text.CKCU_Configuration  al00_micro_ht32f52241.o
    0x00000288   0x00000288   0x0000006c   Code   RO          472    .text.CKCU_GetClocksFrequency  ht32f5xxxx_ckcu.o
    0x000002f4   0x000002f4   0x00000044   Code   RO          474    .text.CKCU_GetPLLFrequency  ht32f5xxxx_ckcu.o
    0x00000338   0x00000338   0x00000034   Code   RO          478    .text.CKCU_GetPeripFrequency  ht32f5xxxx_ckcu.o
    0x0000036c   0x0000036c   0x00000038   Code   RO          504    .text.CKCU_PeripClockConfig  ht32f5xxxx_ckcu.o
    0x000003a4   0x000003a4   0x00000064   Code   RO           94    .text.EXTI0_1_IRQHandler  al00_micro_ht32f52241.o
    0x00000408   0x00000408   0x00000064   Code   RO           96    .text.EXTI2_3_IRQHandler  al00_micro_ht32f52241.o
    0x0000046c   0x0000046c   0x0000024c   Code   RO           98    .text.EXTI4_15_IRQHandler  al00_micro_ht32f52241.o
    0x000006b8   0x000006b8   0x0000000c   Code   RO          550    .text.EXTI_ClearEdgeFlag  ht32f5xxxx_exti.o
    0x000006c4   0x000006c4   0x00000024   Code   RO          556    .text.EXTI_GetEdgeStatus  ht32f5xxxx_exti.o
    0x000006e8   0x000006e8   0x00000034   Code   RO          311    .text.GPIO_Config   jose.o
    0x0000071c   0x0000071c   0x00000014   Code   RO          608    .text.GPIO_DirectionConfig  ht32f5xxxx_gpio.o
    0x00000730   0x00000730   0x00000032   Code   RO          614    .text.GPIO_DriveConfig  ht32f5xxxx_gpio.o
    0x00000762   0x00000762   0x00000032   Code   RO          610    .text.GPIO_PullResistorConfig  ht32f5xxxx_gpio.o
    0x00000794   0x00000794   0x00000054   Code   RO         1159    .text.HT32F_DVB_COMInit  ht32_board.o
    0x000007e8   0x000007e8   0x00000010   Code   RO           14    .text.HardFault_Handler  ht32f5xxxx_01_it.o
    0x000007f8   0x000007f8   0x00000002   Code   RO           46    .text.MCTM0_IRQHandler  al00_micro_ht32f52241.o
    0x000007fa   0x000007fa   0x0000002a   Code   RO          724    .text.MCTM_CHBRKCTRConfig  ht32f5xxxx_mctm.o
    0x00000824   0x00000824   0x00000012   Code   RO          722    .text.MCTM_CHMOECmd  ht32f5xxxx_mctm.o
    0x00000836   0x00000836   0x00000002   Code   RO           12    .text.NMI_Handler   ht32f5xxxx_01_it.o
    0x00000838   0x00000838   0x0000000c   Code   RO           76    .text.NVIC_Configuration  al00_micro_ht32f52241.o
    0x00000844   0x00000844   0x00000010   Code   RO          108    .text.NVIC_EnableIRQ  al00_micro_ht32f52241.o
    0x00000854   0x00000854   0x00000014   Code   RO          350    .text.NVIC_SetVectorTable  ht32_cm0plus_misc.o
    0x00000868   0x00000868   0x00000002   Code   RO           18    .text.PendSV_Handler  ht32f5xxxx_01_it.o
    0x0000086a   0x0000086a   0x0000001e   Code   RO         1110    .text.RETARGET_Configuration  ht32_retarget.o
    0x00000888   0x00000888   0x0000001c   Code   RO           70    .text.SCTM0_IRQHandler  al00_micro_ht32f52241.o
    0x000008a4   0x000008a4   0x0000001c   Code   RO           72    .text.SCTM1_IRQHandler  al00_micro_ht32f52241.o
    0x000008c0   0x000008c0   0x00000002   Code   RO           16    .text.SVC_Handler   ht32f5xxxx_01_it.o
    0x000008c2   0x000008c2   0x00000002   PAD
    0x000008c4   0x000008c4   0x00000018   Code   RO          356    .text.SYSTICK_ClockSourceConfig  ht32_cm0plus_misc.o
    0x000008dc   0x000008dc   0x00000034   Code   RO           82    .text.SYSTICK_Configuration  al00_micro_ht32f52241.o
    0x00000910   0x00000910   0x00000028   Code   RO          358    .text.SYSTICK_CounterCmd  ht32_cm0plus_misc.o
    0x00000938   0x00000938   0x00000018   Code   RO          360    .text.SYSTICK_IntConfig  ht32_cm0plus_misc.o
    0x00000950   0x00000950   0x0000000c   Code   RO          362    .text.SYSTICK_SetReloadValue  ht32_cm0plus_misc.o
    0x0000095c   0x0000095c   0x0000001a   Code   RO          315    .text.SiguienteSeq  jose.o
    0x00000976   0x00000976   0x00000002   PAD
    0x00000978   0x00000978   0x0000000c   Code   RO           32    .text.SysTick_Handler  al00_micro_ht32f52241.o
    0x00000984   0x00000984   0x000000e4   Code   RO          325    .text.SystemInit    system_ht32f5xxxx_02.o
    0x00000a68   0x00000a68   0x0000000c   Code   RO           30    .text.Systick_GetTick  al00_micro_ht32f52241.o
    0x00000a74   0x00000a74   0x00000018   Code   RO          950    .text.TM_ChannelConfig  ht32f5xxxx_tm.o
    0x00000a8c   0x00000a8c   0x0000001c   Code   RO          104    .text.TM_ChannelED  al00_micro_ht32f52241.o
    0x00000aa8   0x00000aa8   0x0000000a   Code   RO          988    .text.TM_ClearFlag  ht32f5xxxx_tm.o
    0x00000ab2   0x00000ab2   0x00000010   Code   RO          920    .text.TM_Cmd        ht32f5xxxx_tm.o
    0x00000ac2   0x00000ac2   0x0000000a   Code   RO          978    .text.TM_GetCaptureCompare  ht32f5xxxx_tm.o
    0x00000acc   0x00000acc   0x000000b0   Code   RO          904    .text.TM_OutputInit  ht32f5xxxx_tm.o
    0x00000b7c   0x00000b7c   0x00000006   Code   RO          968    .text.TM_SetCounter  ht32f5xxxx_tm.o
    0x00000b82   0x00000b82   0x00000002   PAD
    0x00000b84   0x00000b84   0x00000040   Code   RO          902    .text.TM_TimeBaseInit  ht32f5xxxx_tm.o
    0x00000bc4   0x00000bc4   0x00000068   Code   RO         1008    .text.USART_Init    ht32f5xxxx_usart.o
    0x00000c2c   0x00000c2c   0x00000018   Code   RO         1022    .text.USART_TxRxCmd  ht32f5xxxx_usart.o
    0x00000c44   0x00000c44   0x00000030   Code   RO          106    .text._HT32F_DVB_ClockConfig  al00_micro_ht32f52241.o
    0x00000c74   0x00000c74   0x00000008   Code   RO          147    .text.board_hardware_configuration  al01_board_iq_aed_rev20191011.o
    0x00000c7c   0x00000c7c   0x00000014   Code   RO          151    .text.board_scheduler_is_time_expired  al01_board_iq_aed_rev20191011.o
    0x00000c90   0x00000c90   0x0000000c   Code   RO          149    .text.board_scheduler_load_timer  al01_board_iq_aed_rev20191011.o
    0x00000c9c   0x00000c9c   0x00000002   Code   RO           28    .text.empty_func_to_avoid_hard_fault  al00_micro_ht32f52241.o
    0x00000c9e   0x00000c9e   0x00000002   PAD
    0x00000ca0   0x00000ca0   0x00000020   Code   RO           34    .text.hardware_gpio_config_output_pp_pins_load_config  al00_micro_ht32f52241.o
    0x00000cc0   0x00000cc0   0x00000018   Code   RO           62    .text.hardware_pwm_start_with_ton  al00_micro_ht32f52241.o
    0x00000cd8   0x00000cd8   0x000002bc   Code   RO          196    .text.inverter_3phase_comm_set_seq  al02_inverter_3phase.o
    0x00000f94   0x00000f94   0x0000005e   Code   RO            2    .text.main          main.o
    0x00000ff2   0x00000ff2   0x0000001c   Code   RO           74    .text.micro_config  al00_micro_ht32f52241.o
    0x0000100e   0x0000100e   0x00000002   PAD
    0x00001010   0x00001010   0x00000080   Code   RO           84    .text.micro_gpios_outputs_pp_config  al00_micro_ht32f52241.o
    0x00001090   0x00001090   0x00000104   Code   RO           86    .text.micro_pwm_config  al00_micro_ht32f52241.o
    0x00001194   0x00001194   0x0000000e   Code   RO         1622    i.__scatterload_copy  mc_p.l(handlers.o)
    0x000011a2   0x000011a2   0x00000002   Code   RO         1623    i.__scatterload_null  mc_p.l(handlers.o)
    0x000011a4   0x000011a4   0x0000000e   Code   RO         1624    i.__scatterload_zeroinit  mc_p.l(handlers.o)
    0x000011b2   0x000011b2   0x00000002   PAD
    0x000011b4   0x000011b4   0x0000000c   Data   RO          119    .rodata.GPIO_PORTs  al00_micro_ht32f52241.o
    0x000011c0   0x000011c0   0x00000020   Data   RO         1621    Region$$Table       anon$$obj.o


    Execution Region ER_RW (Exec base: 0x20000000, Load base: 0x000011e0, Size: 0x00000098, Max: 0xffffffff, ABSOLUTE)

    Exec Addr    Load Addr    Size         Type   Attr      Idx    E Section Name        Object

    0x20000000   0x000011e0   0x00000004   Data   RW          329    .data.SystemCoreClock  system_ht32f5xxxx_02.o
    0x20000004   0x000011e4   0x00000004   Data   RW          112    .data.func_ptr_callback_bftm0  al00_micro_ht32f52241.o
    0x20000008   0x000011e8   0x00000004   Data   RW          113    .data.func_ptr_callback_bftm1  al00_micro_ht32f52241.o
    0x2000000c   0x000011ec   0x00000040   Data   RW          111    .data.func_ptr_callback_falling_exti  al00_micro_ht32f52241.o
    0x2000004c   0x0000122c   0x00000040   Data   RW          110    .data.func_ptr_callback_rising_exti  al00_micro_ht32f52241.o
    0x2000008c   0x0000126c   0x00000004   Data   RW          114    .data.func_ptr_callback_sctm0  al00_micro_ht32f52241.o
    0x20000090   0x00001270   0x00000004   Data   RW          115    .data.func_ptr_callback_sctm1  al00_micro_ht32f52241.o
    0x20000094   0x00001274   0x00000004   Data   RW          218    .data.inverter_actual_comm_seq  al02_inverter_3phase.o


    Execution Region ER_ZI (Exec base: 0x20000098, Load base: 0x00001278, Size: 0x00000218, Max: 0xffffffff, ABSOLUTE)

    Exec Addr    Load Addr    Size         Type   Attr      Idx    E Section Name        Object

    0x20000098        -       0x00000004   Zero   RW           20    .bss.HardFault_Handler.gIsContinue  ht32f5xxxx_01_it.o
    0x2000009c        -       0x00000004   Zero   RW          118    .bss.TickCount      al00_micro_ht32f52241.o
    0x200000a0        -       0x0000000c   Zero   RW          120    .bss.gpio_config_output_pp_pins  al00_micro_ht32f52241.o
    0x200000ac   0x00001278   0x00000004   PAD
    0x200000b0        -       0x00000200   Zero   RW          337    STACK               startup_ht32f5xxxx_01.o


==============================================================================

Image component sizes


      Code (inc. data)   RO Data    RW Data    ZI Data      Debug   Object Name

      1572         80         12        144         16      15285   al00_micro_ht32f52241.o
        40          0          0          0          0       2116   al01_board_iq_aed_rev20191011.o
       700        148          0          4          0       4873   al02_inverter_3phase.o
        84          4          0          0          0      11946   ht32_board.o
       120         16          0          0          0       3726   ht32_cm0plus_misc.o
        30          0          0          0          0       2165   ht32_retarget.o
        22          4          0          0          4        836   ht32f5xxxx_01_it.o
        14          0          0          0          0       3781   ht32f5xxxx_bftm.o
       284         32          0          0          0      12499   ht32f5xxxx_ckcu.o
        48          4          0          0          0       4721   ht32f5xxxx_exti.o
       224          4          0          0          0      11364   ht32f5xxxx_gpio.o
        60          0          0          0          0       3855   ht32f5xxxx_mctm.o
       306          8          0          0          0      17483   ht32f5xxxx_tm.o
       128         24          0          0          0       8852   ht32f5xxxx_usart.o
        78         12          0          0          0       6237   jose.o
        94          0          0          0          0        840   main.o
       336        218          0          0        512        692   startup_ht32f5xxxx_01.o
       228         20          0          4          0       2639   system_ht32f5xxxx_02.o

    ----------------------------------------------------------------------
      4380        574         44        152        536     113910   Object Totals
         0          0         32          0          0          0   (incl. Generated)
        12          0          0          0          4          0   (incl. Padding)

    ----------------------------------------------------------------------

      Code (inc. data)   RO Data    RW Data    ZI Data      Debug   Library Member Name

         0          0          0          0          0          0   entry.o
         0          0          0          0          0          0   entry10a.o
         0          0          0          0          0          0   entry11a.o
         8          4          0          0          0          0   entry2.o
         4          0          0          0          0          0   entry5.o
         0          0          0          0          0          0   entry7b.o
         0          0          0          0          0          0   entry8b.o
         8          4          0          0          0          0   entry9a.o
        30          0          0          0          0          0   handlers.o
        36          8          0          0          0         68   init.o
        62          0          0          0          0         72   uidiv_div0.o

    ----------------------------------------------------------------------
       152         16          0          0          0        140   Library Totals
         4          0          0          0          0          0   (incl. Padding)

    ----------------------------------------------------------------------

      Code (inc. data)   RO Data    RW Data    ZI Data      Debug   Library Name

       148         16          0          0          0        140   mc_p.l

    ----------------------------------------------------------------------
       152         16          0          0          0        140   Library Totals

    ----------------------------------------------------------------------

==============================================================================


      Code (inc. data)   RO Data    RW Data    ZI Data      Debug   

      4532        590         44        152        536     113946   Grand Totals
      4532        590         44        152        536     113946   ELF Image Totals
      4532        590         44        152          0          0   ROM Totals

==============================================================================

    Total RO  Size (Code + RO Data)                 4576 (   4.47kB)
    Total RW  Size (RW Data + ZI Data)               688 (   0.67kB)
    Total ROM Size (Code + RO Data + RW Data)       4728 (   4.62kB)

==============================================================================

