<html>
<body>
<pre>
<h1>µVision Build Log</h1>
<h2>Tool Versions:</h2>
IDE-Version: µVision V5.34.0.0
Copyright (C) 2021 ARM Ltd and ARM Germany GmbH. All rights reserved.
License Information: Jose Tantera, Arimex, LIC=----
 
Tool Versions:
Toolchain:       MDK-Lite  Version: 5.34.0.0
Toolchain Path:  C:\Keil_v5\ARM\ARMCC\Bin
C Compiler:      Armcc.exe V5.06 update 7 (build 960)
Assembler:       Armasm.exe V5.06 update 7 (build 960)
Linker/Locator:  ArmLink.exe V5.06 update 7 (build 960)
Library Manager: ArmAr.exe V5.06 update 7 (build 960)
Hex Converter:   FromElf.exe V5.06 update 7 (build 960)
CPU DLL:         SARMCM3.DLL V5.34.0.0
Dialog DLL:      DARMCM1.DLL V1.19.4.0
Target DLL:      CMSIS_AGDI.dll V1.32.13.0
Dialog DLL:      TARMCM1.DLL V1.14.3.0
 
<h2>Project:</h2>
E:\Arimex\Firmware\Pruebas\Repo\Holtek_Test\MDK_ARMv5\Project.uvprojx
Project File Date:  05/17/2021

<h2>Output:</h2>
*** Using Compiler 'V5.06 update 7 (build 960)', folder: 'C:\Keil_v5\ARM\ARMCC\Bin'
Build target 'HT32'
assembling startup_ht32f52231_41.s...
compiling main.c...
compiling LED.c...
compiling system_ht32f5xxxx_02.c...
linking...
Program Size: Code=1120 RO-data=32 RW-data=44 ZI-data=516  
FromELF: creating hex file...
After Build - User command #1: fromelf --bin -o ".\HT32\52241\Obj\HT32.axf.bin" ".\HT32\52241\Obj\HT32.axf"
".\HT32\52241\Obj\HT32.axf" - 0 Error(s), 0 Warning(s).

<h2>Software Packages used:</h2>

Package Vendor: ARM
                http://www.keil.com/pack/ARM.CMSIS.5.7.0.pack
                ARM.CMSIS.5.7.0
                CMSIS (Cortex Microcontroller Software Interface Standard)
   * Component: CORE Version: 5.4.0

Package Vendor: Holtek
                http://mcu.holtek.com.tw/pack/Holtek.HT32_DFP.1.0.28.pack
                Holtek.HT32_DFP.1.0.28
                Holtek HT32 Family Support
   * Component: Startup Version: 1.0.1

<h2>Collection of Component include folders:</h2>
  .\RTE\_HT32
  C:\Users\joset\AppData\Local\Arm\Packs\ARM\CMSIS\5.7.0\CMSIS\Core\Include
  C:\Users\joset\AppData\Local\Arm\Packs\Holtek\HT32_DFP\1.0.28\ARM\INC\Holtek\HT32F5xxxx

<h2>Collection of Component Files used:</h2>

   * Component: ARM::CMSIS:CORE:5.4.0

   * Component: Holtek::Device:Startup:1.0.1
      Source file:   ARM\Startup\Holtek\HT32F5xxxx\startup_ht32f52231_41.s
      Source file:   ARM\Startup\Holtek\HT32F5xxxx\system_ht32f5xxxx_02.c
Build Time Elapsed:  00:00:01
</pre>
</body>
</html>
