<!doctype html public "-//w3c//dtd html 4.0 transitional//en">
<html><head>
<title>Static Call Graph - [.\HT32\52241\Obj\HT32.axf]</title></head>
<body><HR>
<H1>Static Call Graph for image .\HT32\52241\Obj\HT32.axf</H1><HR>
<BR><P>#&#060CALLGRAPH&#062# ARM Linker, 6160001: Last Updated: Wed Jun 16 17:07:19 2021
<BR><P>
<H3>Maximum Stack Usage =        168 bytes + Unknown(Cycles, Untraceable Function Pointers)</H3><H3>
Call chain for Maximum Stack Depth:</H3>
main &rArr; board_hardware_configuration &rArr; micro_config &rArr; RETARGET_Configuration &rArr; HT32F_DVB_COMInit &rArr; USART_Init &rArr; CKCU_GetPeripFrequency &rArr; CKCU_GetClocksFrequency &rArr; __aeabi_uidiv
<P>
<H3>
Mutually Recursive functions
</H3> <LI><a href="#[d]">ADC_IRQHandler</a>&nbsp;&nbsp;&nbsp;&rArr;&nbsp;&nbsp;&nbsp;<a href="#[d]">ADC_IRQHandler</a><BR>
</UL>
<P>
<H3>
Function Pointers
</H3><UL>
 <LI><a href="#[d]">ADC_IRQHandler</a> from startup_ht32f5xxxx_01.o(RESET) referenced from startup_ht32f5xxxx_01.o(RESET)
 <LI><a href="#[14]">BFTM0_IRQHandler</a> from al00_micro_ht32f52241.o(.text.BFTM0_IRQHandler) referenced from startup_ht32f5xxxx_01.o(RESET)
 <LI><a href="#[15]">BFTM1_IRQHandler</a> from al00_micro_ht32f52241.o(.text.BFTM1_IRQHandler) referenced from startup_ht32f5xxxx_01.o(RESET)
 <LI><a href="#[1d]">BootProcess</a> from startup_ht32f5xxxx_01.o(RESET) referenced from startup_ht32f5xxxx_01.o(RESET)
 <LI><a href="#[9]">EVWUP_IRQHandler</a> from startup_ht32f5xxxx_01.o(RESET) referenced from startup_ht32f5xxxx_01.o(RESET)
 <LI><a href="#[a]">EXTI0_1_IRQHandler</a> from al00_micro_ht32f52241.o(.text.EXTI0_1_IRQHandler) referenced from startup_ht32f5xxxx_01.o(RESET)
 <LI><a href="#[b]">EXTI2_3_IRQHandler</a> from al00_micro_ht32f52241.o(.text.EXTI2_3_IRQHandler) referenced from startup_ht32f5xxxx_01.o(RESET)
 <LI><a href="#[c]">EXTI4_15_IRQHandler</a> from al00_micro_ht32f52241.o(.text.EXTI4_15_IRQHandler) referenced from startup_ht32f5xxxx_01.o(RESET)
 <LI><a href="#[8]">FLASH_IRQHandler</a> from startup_ht32f5xxxx_01.o(RESET) referenced from startup_ht32f5xxxx_01.o(RESET)
 <LI><a href="#[f]">GPTM0_IRQHandler</a> from startup_ht32f5xxxx_01.o(RESET) referenced from startup_ht32f5xxxx_01.o(RESET)
 <LI><a href="#[2]">HardFault_Handler</a> from ht32f5xxxx_01_it.o(.text.HardFault_Handler) referenced from startup_ht32f5xxxx_01.o(RESET)
 <LI><a href="#[16]">I2C0_IRQHandler</a> from startup_ht32f5xxxx_01.o(RESET) referenced from startup_ht32f5xxxx_01.o(RESET)
 <LI><a href="#[17]">I2C1_IRQHandler</a> from startup_ht32f5xxxx_01.o(RESET) referenced from startup_ht32f5xxxx_01.o(RESET)
 <LI><a href="#[6]">LVD_BOD_IRQHandler</a> from startup_ht32f5xxxx_01.o(RESET) referenced from startup_ht32f5xxxx_01.o(RESET)
 <LI><a href="#[e]">MCTM0_IRQHandler</a> from al00_micro_ht32f52241.o(.text.MCTM0_IRQHandler) referenced from startup_ht32f5xxxx_01.o(RESET)
 <LI><a href="#[1]">NMI_Handler</a> from ht32f5xxxx_01_it.o(.text.NMI_Handler) referenced from startup_ht32f5xxxx_01.o(RESET)
 <LI><a href="#[4]">PendSV_Handler</a> from ht32f5xxxx_01_it.o(.text.PendSV_Handler) referenced from startup_ht32f5xxxx_01.o(RESET)
 <LI><a href="#[7]">RTC_IRQHandler</a> from startup_ht32f5xxxx_01.o(RESET) referenced from startup_ht32f5xxxx_01.o(RESET)
 <LI><a href="#[0]">Reset_Handler</a> from startup_ht32f5xxxx_01.o(RESET) referenced from startup_ht32f5xxxx_01.o(RESET)
 <LI><a href="#[10]">SCTM0_IRQHandler</a> from al00_micro_ht32f52241.o(.text.SCTM0_IRQHandler) referenced from startup_ht32f5xxxx_01.o(RESET)
 <LI><a href="#[11]">SCTM1_IRQHandler</a> from al00_micro_ht32f52241.o(.text.SCTM1_IRQHandler) referenced from startup_ht32f5xxxx_01.o(RESET)
 <LI><a href="#[12]">SCTM2_IRQHandler</a> from startup_ht32f5xxxx_01.o(RESET) referenced from startup_ht32f5xxxx_01.o(RESET)
 <LI><a href="#[13]">SCTM3_IRQHandler</a> from startup_ht32f5xxxx_01.o(RESET) referenced from startup_ht32f5xxxx_01.o(RESET)
 <LI><a href="#[18]">SPI0_IRQHandler</a> from startup_ht32f5xxxx_01.o(RESET) referenced from startup_ht32f5xxxx_01.o(RESET)
 <LI><a href="#[19]">SPI1_IRQHandler</a> from startup_ht32f5xxxx_01.o(RESET) referenced from startup_ht32f5xxxx_01.o(RESET)
 <LI><a href="#[3]">SVC_Handler</a> from ht32f5xxxx_01_it.o(.text.SVC_Handler) referenced from startup_ht32f5xxxx_01.o(RESET)
 <LI><a href="#[5]">SysTick_Handler</a> from al00_micro_ht32f52241.o(.text.SysTick_Handler) referenced from startup_ht32f5xxxx_01.o(RESET)
 <LI><a href="#[1e]">SystemInit</a> from system_ht32f5xxxx_02.o(.text.SystemInit) referenced from startup_ht32f5xxxx_01.o(RESET)
 <LI><a href="#[1b]">UART0_IRQHandler</a> from startup_ht32f5xxxx_01.o(RESET) referenced from startup_ht32f5xxxx_01.o(RESET)
 <LI><a href="#[1c]">UART1_IRQHandler</a> from startup_ht32f5xxxx_01.o(RESET) referenced from startup_ht32f5xxxx_01.o(RESET)
 <LI><a href="#[1a]">USART0_IRQHandler</a> from startup_ht32f5xxxx_01.o(RESET) referenced from startup_ht32f5xxxx_01.o(RESET)
 <LI><a href="#[1f]">__main</a> from entry.o(.ARM.Collect$$$$00000000) referenced from startup_ht32f5xxxx_01.o(RESET)
 <LI><a href="#[24]">bemf_comp_callback</a> from al03_motor_3phase_driver.o(.text.bemf_comp_callback) referenced from al03_motor_3phase_driver.o(.text.motor_3phase_init)
 <LI><a href="#[22]">blanking_timer_expired_callback</a> from al03_motor_3phase_driver.o(.text.blanking_timer_expired_callback) referenced from al03_motor_3phase_driver.o(.text.motor_3phase_init)
 <LI><a href="#[27]">calculate_zcd_expected_default</a> from al03_motor_3phase_driver.o(.text.calculate_zcd_expected_default) referenced from al03_motor_3phase_driver.o(.text.motor_3phase_init)
 <LI><a href="#[26]">commutation_callback</a> from al03_motor_3phase_driver.o(.text.commutation_callback) referenced from al03_motor_3phase_driver.o(.text.motor_3phase_init)
 <LI><a href="#[21]">current_sensor_i_peak_callback</a> from al02_inverter_3phase.o(.text.current_sensor_i_peak_callback) referenced from al02_inverter_3phase.o(.text.inverter_3phase_init_config)
 <LI><a href="#[28]">empty_func_to_avoid_hard_fault</a> from al00_micro_ht32f52241.o(.text.empty_func_to_avoid_hard_fault) referenced from al00_micro_ht32f52241.o(.data.func_ptr_callback_bftm0)
 <LI><a href="#[28]">empty_func_to_avoid_hard_fault</a> from al00_micro_ht32f52241.o(.text.empty_func_to_avoid_hard_fault) referenced from al00_micro_ht32f52241.o(.data.func_ptr_callback_bftm1)
 <LI><a href="#[28]">empty_func_to_avoid_hard_fault</a> from al00_micro_ht32f52241.o(.text.empty_func_to_avoid_hard_fault) referenced 16 times from al00_micro_ht32f52241.o(.data.func_ptr_callback_falling_exti)
 <LI><a href="#[28]">empty_func_to_avoid_hard_fault</a> from al00_micro_ht32f52241.o(.text.empty_func_to_avoid_hard_fault) referenced from al00_micro_ht32f52241.o(.data.func_ptr_callback_pwm_break)
 <LI><a href="#[28]">empty_func_to_avoid_hard_fault</a> from al00_micro_ht32f52241.o(.text.empty_func_to_avoid_hard_fault) referenced from al00_micro_ht32f52241.o(.data.func_ptr_callback_pwm_end_toff)
 <LI><a href="#[28]">empty_func_to_avoid_hard_fault</a> from al00_micro_ht32f52241.o(.text.empty_func_to_avoid_hard_fault) referenced 16 times from al00_micro_ht32f52241.o(.data.func_ptr_callback_rising_exti)
 <LI><a href="#[28]">empty_func_to_avoid_hard_fault</a> from al00_micro_ht32f52241.o(.text.empty_func_to_avoid_hard_fault) referenced from al00_micro_ht32f52241.o(.data.func_ptr_callback_sctm0)
 <LI><a href="#[28]">empty_func_to_avoid_hard_fault</a> from al00_micro_ht32f52241.o(.text.empty_func_to_avoid_hard_fault) referenced from al00_micro_ht32f52241.o(.data.func_ptr_callback_sctm1)
 <LI><a href="#[23]">end_of_toff_pwm_callback</a> from al03_motor_3phase_driver.o(.text.end_of_toff_pwm_callback) referenced from al03_motor_3phase_driver.o(.text.motor_3phase_init)
 <LI><a href="#[20]">main</a> from main.o(.text.main) referenced from entry9a.o(.ARM.Collect$$$$0000000B)
 <LI><a href="#[25]">motor_watchdog_callback</a> from al03_motor_3phase_driver.o(.text.motor_watchdog_callback) referenced from al03_motor_3phase_driver.o(.text.motor_3phase_init)
</UL>
<P>
<H3>
Global Symbols
</H3>
<P><STRONG><a name="[0]"></a>Reset_Handler</STRONG> (Thumb, 12 bytes, Stack size 0 bytes, startup_ht32f5xxxx_01.o(RESET))
<BR>[Address Reference Count : 1]<UL><LI> startup_ht32f5xxxx_01.o(RESET)
</UL>
<P><STRONG><a name="[d]"></a>ADC_IRQHandler</STRONG> (Thumb, 0 bytes, Stack size 0 bytes, startup_ht32f5xxxx_01.o(RESET))
<BR><BR>[Calls]<UL><LI><a href="#[d]">&gt;&gt;</a>&nbsp;&nbsp;&nbsp;ADC_IRQHandler
</UL>
<BR>[Called By]<UL><LI><a href="#[d]">&gt;&gt;</a>&nbsp;&nbsp;&nbsp;ADC_IRQHandler
</UL>
<BR>[Address Reference Count : 1]<UL><LI> startup_ht32f5xxxx_01.o(RESET)
</UL>
<P><STRONG><a name="[29]"></a>AES_IRQHandler</STRONG> (Thumb, 0 bytes, Stack size 0 bytes, startup_ht32f5xxxx_01.o(RESET), UNUSED, KEPT)

<P><STRONG><a name="[2a]"></a>COMP_IRQHandler</STRONG> (Thumb, 0 bytes, Stack size 0 bytes, startup_ht32f5xxxx_01.o(RESET), UNUSED, KEPT)

<P><STRONG><a name="[9]"></a>EVWUP_IRQHandler</STRONG> (Thumb, 0 bytes, Stack size 0 bytes, startup_ht32f5xxxx_01.o(RESET))
<BR>[Address Reference Count : 1]<UL><LI> startup_ht32f5xxxx_01.o(RESET)
</UL>
<P><STRONG><a name="[8]"></a>FLASH_IRQHandler</STRONG> (Thumb, 0 bytes, Stack size 0 bytes, startup_ht32f5xxxx_01.o(RESET))
<BR>[Address Reference Count : 1]<UL><LI> startup_ht32f5xxxx_01.o(RESET)
</UL>
<P><STRONG><a name="[f]"></a>GPTM0_IRQHandler</STRONG> (Thumb, 0 bytes, Stack size 0 bytes, startup_ht32f5xxxx_01.o(RESET))
<BR>[Address Reference Count : 1]<UL><LI> startup_ht32f5xxxx_01.o(RESET)
</UL>
<P><STRONG><a name="[2b]"></a>GPTM1_IRQHandler</STRONG> (Thumb, 0 bytes, Stack size 0 bytes, startup_ht32f5xxxx_01.o(RESET), UNUSED, KEPT)

<P><STRONG><a name="[16]"></a>I2C0_IRQHandler</STRONG> (Thumb, 0 bytes, Stack size 0 bytes, startup_ht32f5xxxx_01.o(RESET))
<BR>[Address Reference Count : 1]<UL><LI> startup_ht32f5xxxx_01.o(RESET)
</UL>
<P><STRONG><a name="[17]"></a>I2C1_IRQHandler</STRONG> (Thumb, 0 bytes, Stack size 0 bytes, startup_ht32f5xxxx_01.o(RESET))
<BR>[Address Reference Count : 1]<UL><LI> startup_ht32f5xxxx_01.o(RESET)
</UL>
<P><STRONG><a name="[2c]"></a>I2C2_IRQHandler</STRONG> (Thumb, 0 bytes, Stack size 0 bytes, startup_ht32f5xxxx_01.o(RESET), UNUSED, KEPT)

<P><STRONG><a name="[2d]"></a>I2S_IRQHandler</STRONG> (Thumb, 0 bytes, Stack size 0 bytes, startup_ht32f5xxxx_01.o(RESET), UNUSED, KEPT)

<P><STRONG><a name="[6]"></a>LVD_BOD_IRQHandler</STRONG> (Thumb, 0 bytes, Stack size 0 bytes, startup_ht32f5xxxx_01.o(RESET))
<BR>[Address Reference Count : 1]<UL><LI> startup_ht32f5xxxx_01.o(RESET)
</UL>
<P><STRONG><a name="[2e]"></a>MIDI_IRQHandler</STRONG> (Thumb, 0 bytes, Stack size 0 bytes, startup_ht32f5xxxx_01.o(RESET), UNUSED, KEPT)

<P><STRONG><a name="[2f]"></a>PDMA_CH0_1_IRQHandler</STRONG> (Thumb, 0 bytes, Stack size 0 bytes, startup_ht32f5xxxx_01.o(RESET), UNUSED, KEPT)

<P><STRONG><a name="[30]"></a>PDMA_CH2_5_IRQHandler</STRONG> (Thumb, 0 bytes, Stack size 0 bytes, startup_ht32f5xxxx_01.o(RESET), UNUSED, KEPT)

<P><STRONG><a name="[31]"></a>PWM0_IRQHandler</STRONG> (Thumb, 0 bytes, Stack size 0 bytes, startup_ht32f5xxxx_01.o(RESET), UNUSED, KEPT)

<P><STRONG><a name="[32]"></a>PWM1_IRQHandler</STRONG> (Thumb, 0 bytes, Stack size 0 bytes, startup_ht32f5xxxx_01.o(RESET), UNUSED, KEPT)

<P><STRONG><a name="[33]"></a>QSPI_IRQHandler</STRONG> (Thumb, 0 bytes, Stack size 0 bytes, startup_ht32f5xxxx_01.o(RESET), UNUSED, KEPT)

<P><STRONG><a name="[7]"></a>RTC_IRQHandler</STRONG> (Thumb, 0 bytes, Stack size 0 bytes, startup_ht32f5xxxx_01.o(RESET))
<BR>[Address Reference Count : 1]<UL><LI> startup_ht32f5xxxx_01.o(RESET)
</UL>
<P><STRONG><a name="[34]"></a>SCI_IRQHandler</STRONG> (Thumb, 0 bytes, Stack size 0 bytes, startup_ht32f5xxxx_01.o(RESET), UNUSED, KEPT)

<P><STRONG><a name="[12]"></a>SCTM2_IRQHandler</STRONG> (Thumb, 0 bytes, Stack size 0 bytes, startup_ht32f5xxxx_01.o(RESET))
<BR>[Address Reference Count : 1]<UL><LI> startup_ht32f5xxxx_01.o(RESET)
</UL>
<P><STRONG><a name="[13]"></a>SCTM3_IRQHandler</STRONG> (Thumb, 0 bytes, Stack size 0 bytes, startup_ht32f5xxxx_01.o(RESET))
<BR>[Address Reference Count : 1]<UL><LI> startup_ht32f5xxxx_01.o(RESET)
</UL>
<P><STRONG><a name="[18]"></a>SPI0_IRQHandler</STRONG> (Thumb, 0 bytes, Stack size 0 bytes, startup_ht32f5xxxx_01.o(RESET))
<BR>[Address Reference Count : 1]<UL><LI> startup_ht32f5xxxx_01.o(RESET)
</UL>
<P><STRONG><a name="[19]"></a>SPI1_IRQHandler</STRONG> (Thumb, 0 bytes, Stack size 0 bytes, startup_ht32f5xxxx_01.o(RESET))
<BR>[Address Reference Count : 1]<UL><LI> startup_ht32f5xxxx_01.o(RESET)
</UL>
<P><STRONG><a name="[1b]"></a>UART0_IRQHandler</STRONG> (Thumb, 0 bytes, Stack size 0 bytes, startup_ht32f5xxxx_01.o(RESET))
<BR>[Address Reference Count : 1]<UL><LI> startup_ht32f5xxxx_01.o(RESET)
</UL>
<P><STRONG><a name="[1c]"></a>UART1_IRQHandler</STRONG> (Thumb, 0 bytes, Stack size 0 bytes, startup_ht32f5xxxx_01.o(RESET))
<BR>[Address Reference Count : 1]<UL><LI> startup_ht32f5xxxx_01.o(RESET)
</UL>
<P><STRONG><a name="[35]"></a>UART2_IRQHandler</STRONG> (Thumb, 0 bytes, Stack size 0 bytes, startup_ht32f5xxxx_01.o(RESET), UNUSED, KEPT)

<P><STRONG><a name="[36]"></a>UART3_IRQHandler</STRONG> (Thumb, 0 bytes, Stack size 0 bytes, startup_ht32f5xxxx_01.o(RESET), UNUSED, KEPT)

<P><STRONG><a name="[1a]"></a>USART0_IRQHandler</STRONG> (Thumb, 0 bytes, Stack size 0 bytes, startup_ht32f5xxxx_01.o(RESET))
<BR>[Address Reference Count : 1]<UL><LI> startup_ht32f5xxxx_01.o(RESET)
</UL>
<P><STRONG><a name="[37]"></a>USART1_IRQHandler</STRONG> (Thumb, 0 bytes, Stack size 0 bytes, startup_ht32f5xxxx_01.o(RESET), UNUSED, KEPT)

<P><STRONG><a name="[38]"></a>USB_IRQHandler</STRONG> (Thumb, 0 bytes, Stack size 0 bytes, startup_ht32f5xxxx_01.o(RESET), UNUSED, KEPT)

<P><STRONG><a name="[1f]"></a>__main</STRONG> (Thumb, 0 bytes, Stack size unknown bytes, entry.o(.ARM.Collect$$$$00000000))
<BR>[Address Reference Count : 1]<UL><LI> startup_ht32f5xxxx_01.o(RESET)
</UL>
<P><STRONG><a name="[a6]"></a>_main_stk</STRONG> (Thumb, 0 bytes, Stack size unknown bytes, entry2.o(.ARM.Collect$$$$00000001))

<P><STRONG><a name="[39]"></a>_main_scatterload</STRONG> (Thumb, 0 bytes, Stack size unknown bytes, entry5.o(.ARM.Collect$$$$00000004))
<BR><BR>[Calls]<UL><LI><a href="#[3a]">&gt;&gt;</a>&nbsp;&nbsp;&nbsp;__scatterload
</UL>

<P><STRONG><a name="[3b]"></a>__main_after_scatterload</STRONG> (Thumb, 0 bytes, Stack size unknown bytes, entry5.o(.ARM.Collect$$$$00000004))
<BR><BR>[Called By]<UL><LI><a href="#[3a]">&gt;&gt;</a>&nbsp;&nbsp;&nbsp;__scatterload
</UL>

<P><STRONG><a name="[a7]"></a>_main_clock</STRONG> (Thumb, 0 bytes, Stack size unknown bytes, entry7b.o(.ARM.Collect$$$$00000008))

<P><STRONG><a name="[a8]"></a>_main_cpp_init</STRONG> (Thumb, 0 bytes, Stack size unknown bytes, entry8b.o(.ARM.Collect$$$$0000000A))

<P><STRONG><a name="[a9]"></a>_main_init</STRONG> (Thumb, 0 bytes, Stack size unknown bytes, entry9a.o(.ARM.Collect$$$$0000000B))

<P><STRONG><a name="[aa]"></a>__rt_final_cpp</STRONG> (Thumb, 0 bytes, Stack size unknown bytes, entry10a.o(.ARM.Collect$$$$0000000D))

<P><STRONG><a name="[ab]"></a>__rt_final_exit</STRONG> (Thumb, 0 bytes, Stack size unknown bytes, entry11a.o(.ARM.Collect$$$$0000000F))

<P><STRONG><a name="[41]"></a>__aeabi_uidiv</STRONG> (Thumb, 0 bytes, Stack size 16 bytes, uidiv_div0.o(.text))
<BR><BR>[Stack]<UL><LI>Max Depth = 16<LI>Call Chain = __aeabi_uidiv
</UL>
<BR>[Called By]<UL><LI><a href="#[3f]">&gt;&gt;</a>&nbsp;&nbsp;&nbsp;CKCU_GetClocksFrequency
<LI><a href="#[4e]">&gt;&gt;</a>&nbsp;&nbsp;&nbsp;SYSTICK_Configuration
<LI><a href="#[47]">&gt;&gt;</a>&nbsp;&nbsp;&nbsp;USART_Init
</UL>

<P><STRONG><a name="[ac]"></a>__aeabi_uidivmod</STRONG> (Thumb, 62 bytes, Stack size 16 bytes, uidiv_div0.o(.text), UNUSED)

<P><STRONG><a name="[3a]"></a>__scatterload</STRONG> (Thumb, 28 bytes, Stack size 0 bytes, init.o(.text))
<BR><BR>[Calls]<UL><LI><a href="#[3b]">&gt;&gt;</a>&nbsp;&nbsp;&nbsp;__main_after_scatterload
</UL>
<BR>[Called By]<UL><LI><a href="#[39]">&gt;&gt;</a>&nbsp;&nbsp;&nbsp;_main_scatterload
</UL>

<P><STRONG><a name="[ad]"></a>__scatterload_rt2</STRONG> (Thumb, 0 bytes, Stack size 0 bytes, init.o(.text), UNUSED)

<P><STRONG><a name="[82]"></a>ADC_Cmd</STRONG> (Thumb, 18 bytes, Stack size 0 bytes, ht32f5xxxx_adc.o(.text.ADC_Cmd))
<BR><BR>[Called By]<UL><LI><a href="#[7c]">&gt;&gt;</a>&nbsp;&nbsp;&nbsp;micro_adc_config
</UL>

<P><STRONG><a name="[80]"></a>ADC_RegularChannelConfig</STRONG> (Thumb, 28 bytes, Stack size 16 bytes, ht32f5xxxx_adc.o(.text.ADC_RegularChannelConfig))
<BR><BR>[Stack]<UL><LI>Max Depth = 16<LI>Call Chain = ADC_RegularChannelConfig
</UL>
<BR>[Called By]<UL><LI><a href="#[7c]">&gt;&gt;</a>&nbsp;&nbsp;&nbsp;micro_adc_config
</UL>

<P><STRONG><a name="[7e]"></a>ADC_RegularGroupConfig</STRONG> (Thumb, 32 bytes, Stack size 8 bytes, ht32f5xxxx_adc.o(.text.ADC_RegularGroupConfig))
<BR><BR>[Stack]<UL><LI>Max Depth = 8<LI>Call Chain = ADC_RegularGroupConfig
</UL>
<BR>[Called By]<UL><LI><a href="#[7c]">&gt;&gt;</a>&nbsp;&nbsp;&nbsp;micro_adc_config
</UL>

<P><STRONG><a name="[81]"></a>ADC_RegularTrigConfig</STRONG> (Thumb, 10 bytes, Stack size 0 bytes, ht32f5xxxx_adc.o(.text.ADC_RegularTrigConfig))
<BR><BR>[Called By]<UL><LI><a href="#[7c]">&gt;&gt;</a>&nbsp;&nbsp;&nbsp;micro_adc_config
</UL>

<P><STRONG><a name="[7f]"></a>ADC_SamplingTimeConfig</STRONG> (Thumb, 4 bytes, Stack size 0 bytes, ht32f5xxxx_adc.o(.text.ADC_SamplingTimeConfig))
<BR><BR>[Called By]<UL><LI><a href="#[7c]">&gt;&gt;</a>&nbsp;&nbsp;&nbsp;micro_adc_config
</UL>

<P><STRONG><a name="[83]"></a>ADC_SoftwareStartConvCmd</STRONG> (Thumb, 16 bytes, Stack size 0 bytes, ht32f5xxxx_adc.o(.text.ADC_SoftwareStartConvCmd))
<BR><BR>[Called By]<UL><LI><a href="#[7c]">&gt;&gt;</a>&nbsp;&nbsp;&nbsp;micro_adc_config
</UL>

<P><STRONG><a name="[8d]"></a>AFIO_EXTISourceConfig</STRONG> (Thumb, 44 bytes, Stack size 16 bytes, ht32f5xxxx_gpio.o(.text.AFIO_EXTISourceConfig))
<BR><BR>[Stack]<UL><LI>Max Depth = 16<LI>Call Chain = AFIO_EXTISourceConfig
</UL>
<BR>[Called By]<UL><LI><a href="#[87]">&gt;&gt;</a>&nbsp;&nbsp;&nbsp;micro_gpios_edge_events_config
</UL>

<P><STRONG><a name="[46]"></a>AFIO_GPxConfig</STRONG> (Thumb, 100 bytes, Stack size 28 bytes, ht32f5xxxx_gpio.o(.text.AFIO_GPxConfig))
<BR><BR>[Stack]<UL><LI>Max Depth = 28<LI>Call Chain = AFIO_GPxConfig
</UL>
<BR>[Called By]<UL><LI><a href="#[88]">&gt;&gt;</a>&nbsp;&nbsp;&nbsp;micro_pwm_config
<LI><a href="#[84]">&gt;&gt;</a>&nbsp;&nbsp;&nbsp;micro_gpios_outputs_pp_config
<LI><a href="#[85]">&gt;&gt;</a>&nbsp;&nbsp;&nbsp;micro_gpios_inputs_pullup_config
<LI><a href="#[86]">&gt;&gt;</a>&nbsp;&nbsp;&nbsp;micro_gpios_hiz_config
<LI><a href="#[87]">&gt;&gt;</a>&nbsp;&nbsp;&nbsp;micro_gpios_edge_events_config
<LI><a href="#[7c]">&gt;&gt;</a>&nbsp;&nbsp;&nbsp;micro_adc_config
<LI><a href="#[45]">&gt;&gt;</a>&nbsp;&nbsp;&nbsp;HT32F_DVB_COMInit
</UL>

<P><STRONG><a name="[14]"></a>BFTM0_IRQHandler</STRONG> (Thumb, 16 bytes, Stack size 8 bytes, al00_micro_ht32f52241.o(.text.BFTM0_IRQHandler))
<BR><BR>[Stack]<UL><LI>Max Depth = 8<LI>Call Chain = BFTM0_IRQHandler
</UL>
<BR>[Calls]<UL><LI><a href="#[3c]">&gt;&gt;</a>&nbsp;&nbsp;&nbsp;BFTM_ClearFlag
</UL>
<BR>[Address Reference Count : 1]<UL><LI> startup_ht32f5xxxx_01.o(RESET)
</UL>
<P><STRONG><a name="[15]"></a>BFTM1_IRQHandler</STRONG> (Thumb, 16 bytes, Stack size 8 bytes, al00_micro_ht32f52241.o(.text.BFTM1_IRQHandler))
<BR><BR>[Stack]<UL><LI>Max Depth = 8<LI>Call Chain = BFTM1_IRQHandler
</UL>
<BR>[Calls]<UL><LI><a href="#[3c]">&gt;&gt;</a>&nbsp;&nbsp;&nbsp;BFTM_ClearFlag
</UL>
<BR>[Address Reference Count : 1]<UL><LI> startup_ht32f5xxxx_01.o(RESET)
</UL>
<P><STRONG><a name="[3c]"></a>BFTM_ClearFlag</STRONG> (Thumb, 14 bytes, Stack size 0 bytes, ht32f5xxxx_bftm.o(.text.BFTM_ClearFlag))
<BR><BR>[Called By]<UL><LI><a href="#[15]">&gt;&gt;</a>&nbsp;&nbsp;&nbsp;BFTM1_IRQHandler
<LI><a href="#[14]">&gt;&gt;</a>&nbsp;&nbsp;&nbsp;BFTM0_IRQHandler
<LI><a href="#[89]">&gt;&gt;</a>&nbsp;&nbsp;&nbsp;micro_timers_config
</UL>

<P><STRONG><a name="[56]"></a>BFTM_EnaCmd</STRONG> (Thumb, 18 bytes, Stack size 0 bytes, ht32f5xxxx_bftm.o(.text.BFTM_EnaCmd))
<BR><BR>[Called By]<UL><LI><a href="#[a3]">&gt;&gt;</a>&nbsp;&nbsp;&nbsp;zcd_event_freewheel_period_measure
<LI><a href="#[a2]">&gt;&gt;</a>&nbsp;&nbsp;&nbsp;zcd_event_first_steps_state
<LI><a href="#[a4]">&gt;&gt;</a>&nbsp;&nbsp;&nbsp;zcd_event_correct_timing_comm
<LI><a href="#[a0]">&gt;&gt;</a>&nbsp;&nbsp;&nbsp;motor_3phase_starting_state_machine
<LI><a href="#[98]">&gt;&gt;</a>&nbsp;&nbsp;&nbsp;motor_3phase_abort_motor
<LI><a href="#[26]">&gt;&gt;</a>&nbsp;&nbsp;&nbsp;commutation_callback
<LI><a href="#[55]">&gt;&gt;</a>&nbsp;&nbsp;&nbsp;bemf_control_loop_calculate
</UL>

<P><STRONG><a name="[a5]"></a>BFTM_GetCounter</STRONG> (Thumb, 4 bytes, Stack size 0 bytes, ht32f5xxxx_bftm.o(.text.BFTM_GetCounter))
<BR><BR>[Called By]<UL><LI><a href="#[a3]">&gt;&gt;</a>&nbsp;&nbsp;&nbsp;zcd_event_freewheel_period_measure
<LI><a href="#[a2]">&gt;&gt;</a>&nbsp;&nbsp;&nbsp;zcd_event_first_steps_state
<LI><a href="#[a4]">&gt;&gt;</a>&nbsp;&nbsp;&nbsp;zcd_event_correct_timing_comm
</UL>

<P><STRONG><a name="[57]"></a>BFTM_IntConfig</STRONG> (Thumb, 16 bytes, Stack size 0 bytes, ht32f5xxxx_bftm.o(.text.BFTM_IntConfig))
<BR><BR>[Called By]<UL><LI><a href="#[a3]">&gt;&gt;</a>&nbsp;&nbsp;&nbsp;zcd_event_freewheel_period_measure
<LI><a href="#[a2]">&gt;&gt;</a>&nbsp;&nbsp;&nbsp;zcd_event_first_steps_state
<LI><a href="#[a4]">&gt;&gt;</a>&nbsp;&nbsp;&nbsp;zcd_event_correct_timing_comm
<LI><a href="#[a0]">&gt;&gt;</a>&nbsp;&nbsp;&nbsp;motor_3phase_starting_state_machine
<LI><a href="#[98]">&gt;&gt;</a>&nbsp;&nbsp;&nbsp;motor_3phase_abort_motor
<LI><a href="#[26]">&gt;&gt;</a>&nbsp;&nbsp;&nbsp;commutation_callback
<LI><a href="#[55]">&gt;&gt;</a>&nbsp;&nbsp;&nbsp;bemf_control_loop_calculate
<LI><a href="#[89]">&gt;&gt;</a>&nbsp;&nbsp;&nbsp;micro_timers_config
</UL>

<P><STRONG><a name="[96]"></a>BFTM_OneShotModeCmd</STRONG> (Thumb, 18 bytes, Stack size 0 bytes, ht32f5xxxx_bftm.o(.text.BFTM_OneShotModeCmd))
<BR><BR>[Called By]<UL><LI><a href="#[89]">&gt;&gt;</a>&nbsp;&nbsp;&nbsp;micro_timers_config
</UL>

<P><STRONG><a name="[59]"></a>BFTM_SetCompare</STRONG> (Thumb, 4 bytes, Stack size 0 bytes, ht32f5xxxx_bftm.o(.text.BFTM_SetCompare))
<BR><BR>[Called By]<UL><LI><a href="#[a3]">&gt;&gt;</a>&nbsp;&nbsp;&nbsp;zcd_event_freewheel_period_measure
<LI><a href="#[a2]">&gt;&gt;</a>&nbsp;&nbsp;&nbsp;zcd_event_first_steps_state
<LI><a href="#[a4]">&gt;&gt;</a>&nbsp;&nbsp;&nbsp;zcd_event_correct_timing_comm
<LI><a href="#[a0]">&gt;&gt;</a>&nbsp;&nbsp;&nbsp;motor_3phase_starting_state_machine
<LI><a href="#[26]">&gt;&gt;</a>&nbsp;&nbsp;&nbsp;commutation_callback
<LI><a href="#[55]">&gt;&gt;</a>&nbsp;&nbsp;&nbsp;bemf_control_loop_calculate
</UL>

<P><STRONG><a name="[58]"></a>BFTM_SetCounter</STRONG> (Thumb, 4 bytes, Stack size 0 bytes, ht32f5xxxx_bftm.o(.text.BFTM_SetCounter))
<BR><BR>[Called By]<UL><LI><a href="#[a3]">&gt;&gt;</a>&nbsp;&nbsp;&nbsp;zcd_event_freewheel_period_measure
<LI><a href="#[a2]">&gt;&gt;</a>&nbsp;&nbsp;&nbsp;zcd_event_first_steps_state
<LI><a href="#[a4]">&gt;&gt;</a>&nbsp;&nbsp;&nbsp;zcd_event_correct_timing_comm
<LI><a href="#[a0]">&gt;&gt;</a>&nbsp;&nbsp;&nbsp;motor_3phase_starting_state_machine
<LI><a href="#[98]">&gt;&gt;</a>&nbsp;&nbsp;&nbsp;motor_3phase_abort_motor
<LI><a href="#[26]">&gt;&gt;</a>&nbsp;&nbsp;&nbsp;commutation_callback
<LI><a href="#[55]">&gt;&gt;</a>&nbsp;&nbsp;&nbsp;bemf_control_loop_calculate
<LI><a href="#[89]">&gt;&gt;</a>&nbsp;&nbsp;&nbsp;micro_timers_config
</UL>

<P><STRONG><a name="[3d]"></a>CKCU_Configuration</STRONG> (Thumb, 20 bytes, Stack size 8 bytes, al00_micro_ht32f52241.o(.text.CKCU_Configuration))
<BR><BR>[Stack]<UL><LI>Max Depth = 24<LI>Call Chain = CKCU_Configuration &rArr; CKCU_PeripClockConfig
</UL>
<BR>[Calls]<UL><LI><a href="#[3e]">&gt;&gt;</a>&nbsp;&nbsp;&nbsp;CKCU_PeripClockConfig
</UL>
<BR>[Called By]<UL><LI><a href="#[65]">&gt;&gt;</a>&nbsp;&nbsp;&nbsp;micro_config
</UL>

<P><STRONG><a name="[3f]"></a>CKCU_GetClocksFrequency</STRONG> (Thumb, 104 bytes, Stack size 24 bytes, ht32f5xxxx_ckcu.o(.text.CKCU_GetClocksFrequency))
<BR><BR>[Stack]<UL><LI>Max Depth = 40<LI>Call Chain = CKCU_GetClocksFrequency &rArr; __aeabi_uidiv
</UL>
<BR>[Calls]<UL><LI><a href="#[40]">&gt;&gt;</a>&nbsp;&nbsp;&nbsp;CKCU_GetPLLFrequency
<LI><a href="#[41]">&gt;&gt;</a>&nbsp;&nbsp;&nbsp;__aeabi_uidiv
</UL>
<BR>[Called By]<UL><LI><a href="#[42]">&gt;&gt;</a>&nbsp;&nbsp;&nbsp;CKCU_GetPeripFrequency
</UL>

<P><STRONG><a name="[40]"></a>CKCU_GetPLLFrequency</STRONG> (Thumb, 56 bytes, Stack size 0 bytes, ht32f5xxxx_ckcu.o(.text.CKCU_GetPLLFrequency))
<BR><BR>[Called By]<UL><LI><a href="#[3f]">&gt;&gt;</a>&nbsp;&nbsp;&nbsp;CKCU_GetClocksFrequency
</UL>

<P><STRONG><a name="[42]"></a>CKCU_GetPeripFrequency</STRONG> (Thumb, 48 bytes, Stack size 32 bytes, ht32f5xxxx_ckcu.o(.text.CKCU_GetPeripFrequency))
<BR><BR>[Stack]<UL><LI>Max Depth = 72<LI>Call Chain = CKCU_GetPeripFrequency &rArr; CKCU_GetClocksFrequency &rArr; __aeabi_uidiv
</UL>
<BR>[Calls]<UL><LI><a href="#[3f]">&gt;&gt;</a>&nbsp;&nbsp;&nbsp;CKCU_GetClocksFrequency
</UL>
<BR>[Called By]<UL><LI><a href="#[47]">&gt;&gt;</a>&nbsp;&nbsp;&nbsp;USART_Init
</UL>

<P><STRONG><a name="[3e]"></a>CKCU_PeripClockConfig</STRONG> (Thumb, 52 bytes, Stack size 16 bytes, ht32f5xxxx_ckcu.o(.text.CKCU_PeripClockConfig))
<BR><BR>[Stack]<UL><LI>Max Depth = 16<LI>Call Chain = CKCU_PeripClockConfig
</UL>
<BR>[Called By]<UL><LI><a href="#[3d]">&gt;&gt;</a>&nbsp;&nbsp;&nbsp;CKCU_Configuration
<LI><a href="#[88]">&gt;&gt;</a>&nbsp;&nbsp;&nbsp;micro_pwm_config
<LI><a href="#[87]">&gt;&gt;</a>&nbsp;&nbsp;&nbsp;micro_gpios_edge_events_config
<LI><a href="#[53]">&gt;&gt;</a>&nbsp;&nbsp;&nbsp;_HT32F_DVB_ClockConfig
<LI><a href="#[45]">&gt;&gt;</a>&nbsp;&nbsp;&nbsp;HT32F_DVB_COMInit
</UL>

<P><STRONG><a name="[7d]"></a>CKCU_SetADCPrescaler</STRONG> (Thumb, 20 bytes, Stack size 0 bytes, ht32f5xxxx_ckcu.o(.text.CKCU_SetADCPrescaler))
<BR><BR>[Called By]<UL><LI><a href="#[7c]">&gt;&gt;</a>&nbsp;&nbsp;&nbsp;micro_adc_config
</UL>

<P><STRONG><a name="[a]"></a>EXTI0_1_IRQHandler</STRONG> (Thumb, 100 bytes, Stack size 8 bytes, al00_micro_ht32f52241.o(.text.EXTI0_1_IRQHandler))
<BR><BR>[Stack]<UL><LI>Max Depth = 8<LI>Call Chain = EXTI0_1_IRQHandler
</UL>
<BR>[Calls]<UL><LI><a href="#[43]">&gt;&gt;</a>&nbsp;&nbsp;&nbsp;EXTI_GetEdgeStatus
<LI><a href="#[44]">&gt;&gt;</a>&nbsp;&nbsp;&nbsp;EXTI_ClearEdgeFlag
</UL>
<BR>[Address Reference Count : 1]<UL><LI> startup_ht32f5xxxx_01.o(RESET)
</UL>
<P><STRONG><a name="[b]"></a>EXTI2_3_IRQHandler</STRONG> (Thumb, 100 bytes, Stack size 8 bytes, al00_micro_ht32f52241.o(.text.EXTI2_3_IRQHandler))
<BR><BR>[Stack]<UL><LI>Max Depth = 8<LI>Call Chain = EXTI2_3_IRQHandler
</UL>
<BR>[Calls]<UL><LI><a href="#[43]">&gt;&gt;</a>&nbsp;&nbsp;&nbsp;EXTI_GetEdgeStatus
<LI><a href="#[44]">&gt;&gt;</a>&nbsp;&nbsp;&nbsp;EXTI_ClearEdgeFlag
</UL>
<BR>[Address Reference Count : 1]<UL><LI> startup_ht32f5xxxx_01.o(RESET)
</UL>
<P><STRONG><a name="[c]"></a>EXTI4_15_IRQHandler</STRONG> (Thumb, 580 bytes, Stack size 8 bytes, al00_micro_ht32f52241.o(.text.EXTI4_15_IRQHandler))
<BR><BR>[Stack]<UL><LI>Max Depth = 8<LI>Call Chain = EXTI4_15_IRQHandler
</UL>
<BR>[Calls]<UL><LI><a href="#[43]">&gt;&gt;</a>&nbsp;&nbsp;&nbsp;EXTI_GetEdgeStatus
<LI><a href="#[44]">&gt;&gt;</a>&nbsp;&nbsp;&nbsp;EXTI_ClearEdgeFlag
</UL>
<BR>[Address Reference Count : 1]<UL><LI> startup_ht32f5xxxx_01.o(RESET)
</UL>
<P><STRONG><a name="[44]"></a>EXTI_ClearEdgeFlag</STRONG> (Thumb, 12 bytes, Stack size 0 bytes, ht32f5xxxx_exti.o(.text.EXTI_ClearEdgeFlag))
<BR><BR>[Called By]<UL><LI><a href="#[c]">&gt;&gt;</a>&nbsp;&nbsp;&nbsp;EXTI4_15_IRQHandler
<LI><a href="#[b]">&gt;&gt;</a>&nbsp;&nbsp;&nbsp;EXTI2_3_IRQHandler
<LI><a href="#[a]">&gt;&gt;</a>&nbsp;&nbsp;&nbsp;EXTI0_1_IRQHandler
</UL>

<P><STRONG><a name="[43]"></a>EXTI_GetEdgeStatus</STRONG> (Thumb, 32 bytes, Stack size 0 bytes, ht32f5xxxx_exti.o(.text.EXTI_GetEdgeStatus))
<BR><BR>[Called By]<UL><LI><a href="#[c]">&gt;&gt;</a>&nbsp;&nbsp;&nbsp;EXTI4_15_IRQHandler
<LI><a href="#[b]">&gt;&gt;</a>&nbsp;&nbsp;&nbsp;EXTI2_3_IRQHandler
<LI><a href="#[a]">&gt;&gt;</a>&nbsp;&nbsp;&nbsp;EXTI0_1_IRQHandler
</UL>

<P><STRONG><a name="[8e]"></a>EXTI_Init</STRONG> (Thumb, 24 bytes, Stack size 0 bytes, ht32f5xxxx_exti.o(.text.EXTI_Init))
<BR><BR>[Called By]<UL><LI><a href="#[87]">&gt;&gt;</a>&nbsp;&nbsp;&nbsp;micro_gpios_edge_events_config
</UL>

<P><STRONG><a name="[8a]"></a>GPIO_DirectionConfig</STRONG> (Thumb, 20 bytes, Stack size 0 bytes, ht32f5xxxx_gpio.o(.text.GPIO_DirectionConfig))
<BR><BR>[Called By]<UL><LI><a href="#[84]">&gt;&gt;</a>&nbsp;&nbsp;&nbsp;micro_gpios_outputs_pp_config
<LI><a href="#[85]">&gt;&gt;</a>&nbsp;&nbsp;&nbsp;micro_gpios_inputs_pullup_config
<LI><a href="#[86]">&gt;&gt;</a>&nbsp;&nbsp;&nbsp;micro_gpios_hiz_config
<LI><a href="#[87]">&gt;&gt;</a>&nbsp;&nbsp;&nbsp;micro_gpios_edge_events_config
</UL>

<P><STRONG><a name="[90]"></a>GPIO_DriveConfig</STRONG> (Thumb, 50 bytes, Stack size 16 bytes, ht32f5xxxx_gpio.o(.text.GPIO_DriveConfig))
<BR><BR>[Stack]<UL><LI>Max Depth = 16<LI>Call Chain = GPIO_DriveConfig
</UL>
<BR>[Called By]<UL><LI><a href="#[84]">&gt;&gt;</a>&nbsp;&nbsp;&nbsp;micro_gpios_outputs_pp_config
<LI><a href="#[86]">&gt;&gt;</a>&nbsp;&nbsp;&nbsp;micro_gpios_hiz_config
</UL>

<P><STRONG><a name="[8c]"></a>GPIO_InputConfig</STRONG> (Thumb, 20 bytes, Stack size 0 bytes, ht32f5xxxx_gpio.o(.text.GPIO_InputConfig))
<BR><BR>[Called By]<UL><LI><a href="#[85]">&gt;&gt;</a>&nbsp;&nbsp;&nbsp;micro_gpios_inputs_pullup_config
<LI><a href="#[87]">&gt;&gt;</a>&nbsp;&nbsp;&nbsp;micro_gpios_edge_events_config
</UL>

<P><STRONG><a name="[8b]"></a>GPIO_PullResistorConfig</STRONG> (Thumb, 50 bytes, Stack size 0 bytes, ht32f5xxxx_gpio.o(.text.GPIO_PullResistorConfig))
<BR><BR>[Called By]<UL><LI><a href="#[84]">&gt;&gt;</a>&nbsp;&nbsp;&nbsp;micro_gpios_outputs_pp_config
<LI><a href="#[85]">&gt;&gt;</a>&nbsp;&nbsp;&nbsp;micro_gpios_inputs_pullup_config
<LI><a href="#[86]">&gt;&gt;</a>&nbsp;&nbsp;&nbsp;micro_gpios_hiz_config
<LI><a href="#[87]">&gt;&gt;</a>&nbsp;&nbsp;&nbsp;micro_gpios_edge_events_config
</UL>

<P><STRONG><a name="[6d]"></a>GPIO_ReadInBit</STRONG> (Thumb, 10 bytes, Stack size 0 bytes, ht32f5xxxx_gpio.o(.text.GPIO_ReadInBit))
<BR><BR>[Called By]<UL><LI><a href="#[23]">&gt;&gt;</a>&nbsp;&nbsp;&nbsp;end_of_toff_pwm_callback
</UL>

<P><STRONG><a name="[45]"></a>HT32F_DVB_COMInit</STRONG> (Thumb, 80 bytes, Stack size 24 bytes, ht32_board.o(.text.HT32F_DVB_COMInit))
<BR><BR>[Stack]<UL><LI>Max Depth = 112<LI>Call Chain = HT32F_DVB_COMInit &rArr; USART_Init &rArr; CKCU_GetPeripFrequency &rArr; CKCU_GetClocksFrequency &rArr; __aeabi_uidiv
</UL>
<BR>[Calls]<UL><LI><a href="#[3e]">&gt;&gt;</a>&nbsp;&nbsp;&nbsp;CKCU_PeripClockConfig
<LI><a href="#[46]">&gt;&gt;</a>&nbsp;&nbsp;&nbsp;AFIO_GPxConfig
<LI><a href="#[48]">&gt;&gt;</a>&nbsp;&nbsp;&nbsp;USART_TxRxCmd
<LI><a href="#[47]">&gt;&gt;</a>&nbsp;&nbsp;&nbsp;USART_Init
</UL>
<BR>[Called By]<UL><LI><a href="#[4d]">&gt;&gt;</a>&nbsp;&nbsp;&nbsp;RETARGET_Configuration
</UL>

<P><STRONG><a name="[2]"></a>HardFault_Handler</STRONG> (Thumb, 12 bytes, Stack size 0 bytes, ht32f5xxxx_01_it.o(.text.HardFault_Handler))
<BR>[Address Reference Count : 1]<UL><LI> startup_ht32f5xxxx_01.o(RESET)
</UL>
<P><STRONG><a name="[e]"></a>MCTM0_IRQHandler</STRONG> (Thumb, 72 bytes, Stack size 16 bytes, al00_micro_ht32f52241.o(.text.MCTM0_IRQHandler))
<BR><BR>[Stack]<UL><LI>Max Depth = 16<LI>Call Chain = MCTM0_IRQHandler
</UL>
<BR>[Calls]<UL><LI><a href="#[49]">&gt;&gt;</a>&nbsp;&nbsp;&nbsp;TM_GetFlagStatus
<LI><a href="#[4a]">&gt;&gt;</a>&nbsp;&nbsp;&nbsp;TM_ClearFlag
</UL>
<BR>[Address Reference Count : 1]<UL><LI> startup_ht32f5xxxx_01.o(RESET)
</UL>
<P><STRONG><a name="[95]"></a>MCTM_CHBRKCTRConfig</STRONG> (Thumb, 42 bytes, Stack size 24 bytes, ht32f5xxxx_mctm.o(.text.MCTM_CHBRKCTRConfig))
<BR><BR>[Stack]<UL><LI>Max Depth = 24<LI>Call Chain = MCTM_CHBRKCTRConfig
</UL>
<BR>[Called By]<UL><LI><a href="#[88]">&gt;&gt;</a>&nbsp;&nbsp;&nbsp;micro_pwm_config
</UL>

<P><STRONG><a name="[93]"></a>MCTM_CHMOECmd</STRONG> (Thumb, 18 bytes, Stack size 0 bytes, ht32f5xxxx_mctm.o(.text.MCTM_CHMOECmd))
<BR><BR>[Called By]<UL><LI><a href="#[88]">&gt;&gt;</a>&nbsp;&nbsp;&nbsp;micro_pwm_config
</UL>

<P><STRONG><a name="[1]"></a>NMI_Handler</STRONG> (Thumb, 2 bytes, Stack size 0 bytes, ht32f5xxxx_01_it.o(.text.NMI_Handler))
<BR>[Address Reference Count : 1]<UL><LI> startup_ht32f5xxxx_01.o(RESET)
</UL>
<P><STRONG><a name="[4b]"></a>NVIC_Configuration</STRONG> (Thumb, 12 bytes, Stack size 8 bytes, al00_micro_ht32f52241.o(.text.NVIC_Configuration))
<BR><BR>[Stack]<UL><LI>Max Depth = 8<LI>Call Chain = NVIC_Configuration
</UL>
<BR>[Calls]<UL><LI><a href="#[4c]">&gt;&gt;</a>&nbsp;&nbsp;&nbsp;NVIC_SetVectorTable
</UL>
<BR>[Called By]<UL><LI><a href="#[65]">&gt;&gt;</a>&nbsp;&nbsp;&nbsp;micro_config
</UL>

<P><STRONG><a name="[4c]"></a>NVIC_SetVectorTable</STRONG> (Thumb, 12 bytes, Stack size 0 bytes, ht32_cm0plus_misc.o(.text.NVIC_SetVectorTable))
<BR><BR>[Called By]<UL><LI><a href="#[4b]">&gt;&gt;</a>&nbsp;&nbsp;&nbsp;NVIC_Configuration
</UL>

<P><STRONG><a name="[4]"></a>PendSV_Handler</STRONG> (Thumb, 2 bytes, Stack size 0 bytes, ht32f5xxxx_01_it.o(.text.PendSV_Handler))
<BR>[Address Reference Count : 1]<UL><LI> startup_ht32f5xxxx_01.o(RESET)
</UL>
<P><STRONG><a name="[4d]"></a>RETARGET_Configuration</STRONG> (Thumb, 30 bytes, Stack size 24 bytes, ht32_retarget.o(.text.RETARGET_Configuration))
<BR><BR>[Stack]<UL><LI>Max Depth = 136<LI>Call Chain = RETARGET_Configuration &rArr; HT32F_DVB_COMInit &rArr; USART_Init &rArr; CKCU_GetPeripFrequency &rArr; CKCU_GetClocksFrequency &rArr; __aeabi_uidiv
</UL>
<BR>[Calls]<UL><LI><a href="#[45]">&gt;&gt;</a>&nbsp;&nbsp;&nbsp;HT32F_DVB_COMInit
</UL>
<BR>[Called By]<UL><LI><a href="#[65]">&gt;&gt;</a>&nbsp;&nbsp;&nbsp;micro_config
</UL>

<P><STRONG><a name="[10]"></a>SCTM0_IRQHandler</STRONG> (Thumb, 20 bytes, Stack size 8 bytes, al00_micro_ht32f52241.o(.text.SCTM0_IRQHandler))
<BR><BR>[Stack]<UL><LI>Max Depth = 8<LI>Call Chain = SCTM0_IRQHandler
</UL>
<BR>[Calls]<UL><LI><a href="#[4a]">&gt;&gt;</a>&nbsp;&nbsp;&nbsp;TM_ClearFlag
</UL>
<BR>[Address Reference Count : 1]<UL><LI> startup_ht32f5xxxx_01.o(RESET)
</UL>
<P><STRONG><a name="[11]"></a>SCTM1_IRQHandler</STRONG> (Thumb, 20 bytes, Stack size 8 bytes, al00_micro_ht32f52241.o(.text.SCTM1_IRQHandler))
<BR><BR>[Stack]<UL><LI>Max Depth = 8<LI>Call Chain = SCTM1_IRQHandler
</UL>
<BR>[Calls]<UL><LI><a href="#[4a]">&gt;&gt;</a>&nbsp;&nbsp;&nbsp;TM_ClearFlag
</UL>
<BR>[Address Reference Count : 1]<UL><LI> startup_ht32f5xxxx_01.o(RESET)
</UL>
<P><STRONG><a name="[3]"></a>SVC_Handler</STRONG> (Thumb, 2 bytes, Stack size 0 bytes, ht32f5xxxx_01_it.o(.text.SVC_Handler))
<BR>[Address Reference Count : 1]<UL><LI> startup_ht32f5xxxx_01.o(RESET)
</UL>
<P><STRONG><a name="[4f]"></a>SYSTICK_ClockSourceConfig</STRONG> (Thumb, 24 bytes, Stack size 0 bytes, ht32_cm0plus_misc.o(.text.SYSTICK_ClockSourceConfig))
<BR><BR>[Called By]<UL><LI><a href="#[4e]">&gt;&gt;</a>&nbsp;&nbsp;&nbsp;SYSTICK_Configuration
</UL>

<P><STRONG><a name="[4e]"></a>SYSTICK_Configuration</STRONG> (Thumb, 48 bytes, Stack size 8 bytes, al00_micro_ht32f52241.o(.text.SYSTICK_Configuration))
<BR><BR>[Stack]<UL><LI>Max Depth = 24<LI>Call Chain = SYSTICK_Configuration &rArr; __aeabi_uidiv
</UL>
<BR>[Calls]<UL><LI><a href="#[50]">&gt;&gt;</a>&nbsp;&nbsp;&nbsp;SYSTICK_SetReloadValue
<LI><a href="#[51]">&gt;&gt;</a>&nbsp;&nbsp;&nbsp;SYSTICK_IntConfig
<LI><a href="#[52]">&gt;&gt;</a>&nbsp;&nbsp;&nbsp;SYSTICK_CounterCmd
<LI><a href="#[4f]">&gt;&gt;</a>&nbsp;&nbsp;&nbsp;SYSTICK_ClockSourceConfig
<LI><a href="#[41]">&gt;&gt;</a>&nbsp;&nbsp;&nbsp;__aeabi_uidiv
</UL>
<BR>[Called By]<UL><LI><a href="#[65]">&gt;&gt;</a>&nbsp;&nbsp;&nbsp;micro_config
</UL>

<P><STRONG><a name="[52]"></a>SYSTICK_CounterCmd</STRONG> (Thumb, 40 bytes, Stack size 0 bytes, ht32_cm0plus_misc.o(.text.SYSTICK_CounterCmd))
<BR><BR>[Called By]<UL><LI><a href="#[4e]">&gt;&gt;</a>&nbsp;&nbsp;&nbsp;SYSTICK_Configuration
</UL>

<P><STRONG><a name="[51]"></a>SYSTICK_IntConfig</STRONG> (Thumb, 20 bytes, Stack size 0 bytes, ht32_cm0plus_misc.o(.text.SYSTICK_IntConfig))
<BR><BR>[Called By]<UL><LI><a href="#[4e]">&gt;&gt;</a>&nbsp;&nbsp;&nbsp;SYSTICK_Configuration
</UL>

<P><STRONG><a name="[50]"></a>SYSTICK_SetReloadValue</STRONG> (Thumb, 8 bytes, Stack size 0 bytes, ht32_cm0plus_misc.o(.text.SYSTICK_SetReloadValue))
<BR><BR>[Called By]<UL><LI><a href="#[4e]">&gt;&gt;</a>&nbsp;&nbsp;&nbsp;SYSTICK_Configuration
</UL>

<P><STRONG><a name="[5]"></a>SysTick_Handler</STRONG> (Thumb, 12 bytes, Stack size 0 bytes, al00_micro_ht32f52241.o(.text.SysTick_Handler))
<BR>[Address Reference Count : 1]<UL><LI> startup_ht32f5xxxx_01.o(RESET)
</UL>
<P><STRONG><a name="[1e]"></a>SystemInit</STRONG> (Thumb, 208 bytes, Stack size 36 bytes, system_ht32f5xxxx_02.o(.text.SystemInit))
<BR><BR>[Stack]<UL><LI>Max Depth = 36<LI>Call Chain = SystemInit
</UL>
<BR>[Address Reference Count : 1]<UL><LI> startup_ht32f5xxxx_01.o(RESET)
</UL>
<P><STRONG><a name="[67]"></a>Systick_GetTick</STRONG> (Thumb, 8 bytes, Stack size 0 bytes, al00_micro_ht32f52241.o(.text.Systick_GetTick))
<BR><BR>[Called By]<UL><LI><a href="#[68]">&gt;&gt;</a>&nbsp;&nbsp;&nbsp;board_scheduler_load_timer
<LI><a href="#[66]">&gt;&gt;</a>&nbsp;&nbsp;&nbsp;board_scheduler_is_time_expired
</UL>

<P><STRONG><a name="[94]"></a>TM_ChannelConfig</STRONG> (Thumb, 24 bytes, Stack size 8 bytes, ht32f5xxxx_tm.o(.text.TM_ChannelConfig))
<BR><BR>[Stack]<UL><LI>Max Depth = 8<LI>Call Chain = TM_ChannelConfig
</UL>
<BR>[Called By]<UL><LI><a href="#[88]">&gt;&gt;</a>&nbsp;&nbsp;&nbsp;micro_pwm_config
</UL>

<P><STRONG><a name="[75]"></a>TM_ChannelED</STRONG> (Thumb, 28 bytes, Stack size 16 bytes, al00_micro_ht32f52241.o(.text.TM_ChannelED))
<BR><BR>[Stack]<UL><LI>Max Depth = 16<LI>Call Chain = TM_ChannelED
</UL>
<BR>[Called By]<UL><LI><a href="#[6b]">&gt;&gt;</a>&nbsp;&nbsp;&nbsp;inverter_3phase_comm_set_seq
</UL>

<P><STRONG><a name="[4a]"></a>TM_ClearFlag</STRONG> (Thumb, 10 bytes, Stack size 0 bytes, ht32f5xxxx_tm.o(.text.TM_ClearFlag))
<BR><BR>[Called By]<UL><LI><a href="#[98]">&gt;&gt;</a>&nbsp;&nbsp;&nbsp;motor_3phase_abort_motor
<LI><a href="#[22]">&gt;&gt;</a>&nbsp;&nbsp;&nbsp;blanking_timer_expired_callback
<LI><a href="#[5a]">&gt;&gt;</a>&nbsp;&nbsp;&nbsp;bemf_zcd_disable_detection_within_time_us
<LI><a href="#[76]">&gt;&gt;</a>&nbsp;&nbsp;&nbsp;inverter_3phase_init_config
<LI><a href="#[11]">&gt;&gt;</a>&nbsp;&nbsp;&nbsp;SCTM1_IRQHandler
<LI><a href="#[10]">&gt;&gt;</a>&nbsp;&nbsp;&nbsp;SCTM0_IRQHandler
<LI><a href="#[e]">&gt;&gt;</a>&nbsp;&nbsp;&nbsp;MCTM0_IRQHandler
<LI><a href="#[89]">&gt;&gt;</a>&nbsp;&nbsp;&nbsp;micro_timers_config
<LI><a href="#[88]">&gt;&gt;</a>&nbsp;&nbsp;&nbsp;micro_pwm_config
<LI><a href="#[79]">&gt;&gt;</a>&nbsp;&nbsp;&nbsp;motor_3phase_init
</UL>

<P><STRONG><a name="[97]"></a>TM_ClearIntPendingBit</STRONG> (Thumb, 10 bytes, Stack size 0 bytes, ht32f5xxxx_tm.o(.text.TM_ClearIntPendingBit))
<BR><BR>[Called By]<UL><LI><a href="#[89]">&gt;&gt;</a>&nbsp;&nbsp;&nbsp;micro_timers_config
</UL>

<P><STRONG><a name="[5c]"></a>TM_Cmd</STRONG> (Thumb, 16 bytes, Stack size 0 bytes, ht32f5xxxx_tm.o(.text.TM_Cmd))
<BR><BR>[Called By]<UL><LI><a href="#[5a]">&gt;&gt;</a>&nbsp;&nbsp;&nbsp;bemf_zcd_disable_detection_within_time_us
<LI><a href="#[88]">&gt;&gt;</a>&nbsp;&nbsp;&nbsp;micro_pwm_config
</UL>

<P><STRONG><a name="[6f]"></a>TM_GetCaptureCompare</STRONG> (Thumb, 10 bytes, Stack size 0 bytes, ht32f5xxxx_tm.o(.text.TM_GetCaptureCompare))
<BR><BR>[Called By]<UL><LI><a href="#[74]">&gt;&gt;</a>&nbsp;&nbsp;&nbsp;hardware_pwm_start_with_ton
<LI><a href="#[6e]">&gt;&gt;</a>&nbsp;&nbsp;&nbsp;hardware_pwm_get_ton_us
</UL>

<P><STRONG><a name="[49]"></a>TM_GetFlagStatus</STRONG> (Thumb, 10 bytes, Stack size 0 bytes, ht32f5xxxx_tm.o(.text.TM_GetFlagStatus))
<BR><BR>[Called By]<UL><LI><a href="#[e]">&gt;&gt;</a>&nbsp;&nbsp;&nbsp;MCTM0_IRQHandler
</UL>

<P><STRONG><a name="[5b]"></a>TM_IntConfig</STRONG> (Thumb, 20 bytes, Stack size 0 bytes, ht32f5xxxx_tm.o(.text.TM_IntConfig))
<BR><BR>[Called By]<UL><LI><a href="#[98]">&gt;&gt;</a>&nbsp;&nbsp;&nbsp;motor_3phase_abort_motor
<LI><a href="#[22]">&gt;&gt;</a>&nbsp;&nbsp;&nbsp;blanking_timer_expired_callback
<LI><a href="#[5a]">&gt;&gt;</a>&nbsp;&nbsp;&nbsp;bemf_zcd_disable_detection_within_time_us
<LI><a href="#[76]">&gt;&gt;</a>&nbsp;&nbsp;&nbsp;inverter_3phase_init_config
<LI><a href="#[89]">&gt;&gt;</a>&nbsp;&nbsp;&nbsp;micro_timers_config
<LI><a href="#[88]">&gt;&gt;</a>&nbsp;&nbsp;&nbsp;micro_pwm_config
<LI><a href="#[79]">&gt;&gt;</a>&nbsp;&nbsp;&nbsp;motor_3phase_init
<LI><a href="#[20]">&gt;&gt;</a>&nbsp;&nbsp;&nbsp;main
</UL>

<P><STRONG><a name="[92]"></a>TM_OutputInit</STRONG> (Thumb, 172 bytes, Stack size 36 bytes, ht32f5xxxx_tm.o(.text.TM_OutputInit))
<BR><BR>[Stack]<UL><LI>Max Depth = 36<LI>Call Chain = TM_OutputInit
</UL>
<BR>[Called By]<UL><LI><a href="#[88]">&gt;&gt;</a>&nbsp;&nbsp;&nbsp;micro_pwm_config
</UL>

<P><STRONG><a name="[72]"></a>TM_SetCaptureCompare</STRONG> (Thumb, 10 bytes, Stack size 0 bytes, ht32f5xxxx_tm.o(.text.TM_SetCaptureCompare))
<BR><BR>[Called By]<UL><LI><a href="#[73]">&gt;&gt;</a>&nbsp;&nbsp;&nbsp;hardware_pwm_set_ton_us
<LI><a href="#[71]">&gt;&gt;</a>&nbsp;&nbsp;&nbsp;hardware_pwm_set_toff_us
</UL>

<P><STRONG><a name="[5d]"></a>TM_SetCounter</STRONG> (Thumb, 6 bytes, Stack size 0 bytes, ht32f5xxxx_tm.o(.text.TM_SetCounter))
<BR><BR>[Called By]<UL><LI><a href="#[5a]">&gt;&gt;</a>&nbsp;&nbsp;&nbsp;bemf_zcd_disable_detection_within_time_us
<LI><a href="#[74]">&gt;&gt;</a>&nbsp;&nbsp;&nbsp;hardware_pwm_start_with_ton
<LI><a href="#[89]">&gt;&gt;</a>&nbsp;&nbsp;&nbsp;micro_timers_config
</UL>

<P><STRONG><a name="[5e]"></a>TM_SetCounterReload</STRONG> (Thumb, 6 bytes, Stack size 0 bytes, ht32f5xxxx_tm.o(.text.TM_SetCounterReload))
<BR><BR>[Called By]<UL><LI><a href="#[5a]">&gt;&gt;</a>&nbsp;&nbsp;&nbsp;bemf_zcd_disable_detection_within_time_us
<LI><a href="#[70]">&gt;&gt;</a>&nbsp;&nbsp;&nbsp;hardware_pwm_set_period_us
</UL>

<P><STRONG><a name="[91]"></a>TM_TimeBaseInit</STRONG> (Thumb, 60 bytes, Stack size 0 bytes, ht32f5xxxx_tm.o(.text.TM_TimeBaseInit))
<BR><BR>[Called By]<UL><LI><a href="#[89]">&gt;&gt;</a>&nbsp;&nbsp;&nbsp;micro_timers_config
<LI><a href="#[88]">&gt;&gt;</a>&nbsp;&nbsp;&nbsp;micro_pwm_config
</UL>

<P><STRONG><a name="[47]"></a>USART_Init</STRONG> (Thumb, 80 bytes, Stack size 16 bytes, ht32f5xxxx_usart.o(.text.USART_Init))
<BR><BR>[Stack]<UL><LI>Max Depth = 88<LI>Call Chain = USART_Init &rArr; CKCU_GetPeripFrequency &rArr; CKCU_GetClocksFrequency &rArr; __aeabi_uidiv
</UL>
<BR>[Calls]<UL><LI><a href="#[42]">&gt;&gt;</a>&nbsp;&nbsp;&nbsp;CKCU_GetPeripFrequency
<LI><a href="#[41]">&gt;&gt;</a>&nbsp;&nbsp;&nbsp;__aeabi_uidiv
</UL>
<BR>[Called By]<UL><LI><a href="#[45]">&gt;&gt;</a>&nbsp;&nbsp;&nbsp;HT32F_DVB_COMInit
</UL>

<P><STRONG><a name="[48]"></a>USART_TxRxCmd</STRONG> (Thumb, 24 bytes, Stack size 0 bytes, ht32f5xxxx_usart.o(.text.USART_TxRxCmd))
<BR><BR>[Called By]<UL><LI><a href="#[45]">&gt;&gt;</a>&nbsp;&nbsp;&nbsp;HT32F_DVB_COMInit
</UL>

<P><STRONG><a name="[24]"></a>bemf_comp_callback</STRONG> (Thumb, 8 bytes, Stack size 8 bytes, al03_motor_3phase_driver.o(.text.bemf_comp_callback))
<BR><BR>[Stack]<UL><LI>Max Depth = 96<LI>Call Chain = bemf_comp_callback &rArr; zcd_event &rArr; zcd_event_freewheel_period_measure &rArr; inverter_3phase_comm_next_seq &rArr; inverter_3phase_comm_set_seq &rArr; TM_ChannelED
</UL>
<BR>[Calls]<UL><LI><a href="#[54]">&gt;&gt;</a>&nbsp;&nbsp;&nbsp;zcd_event
</UL>
<BR>[Address Reference Count : 1]<UL><LI> al03_motor_3phase_driver.o(.text.motor_3phase_init)
</UL>
<P><STRONG><a name="[55]"></a>bemf_control_loop_calculate</STRONG> (Thumb, 160 bytes, Stack size 16 bytes, al03_motor_3phase_driver.o(.text.bemf_control_loop_calculate))
<BR><BR>[Stack]<UL><LI>Max Depth = 16<LI>Call Chain = bemf_control_loop_calculate
</UL>
<BR>[Calls]<UL><LI><a href="#[59]">&gt;&gt;</a>&nbsp;&nbsp;&nbsp;BFTM_SetCompare
<LI><a href="#[56]">&gt;&gt;</a>&nbsp;&nbsp;&nbsp;BFTM_EnaCmd
<LI><a href="#[58]">&gt;&gt;</a>&nbsp;&nbsp;&nbsp;BFTM_SetCounter
<LI><a href="#[57]">&gt;&gt;</a>&nbsp;&nbsp;&nbsp;BFTM_IntConfig
</UL>
<BR>[Called By]<UL><LI><a href="#[26]">&gt;&gt;</a>&nbsp;&nbsp;&nbsp;commutation_callback
</UL>

<P><STRONG><a name="[a1]"></a>bemf_sense_set_type</STRONG> (Thumb, 8 bytes, Stack size 0 bytes, al03_motor_3phase_driver.o(.text.bemf_sense_set_type))
<BR><BR>[Called By]<UL><LI><a href="#[a2]">&gt;&gt;</a>&nbsp;&nbsp;&nbsp;zcd_event_first_steps_state
<LI><a href="#[a0]">&gt;&gt;</a>&nbsp;&nbsp;&nbsp;motor_3phase_starting_state_machine
</UL>

<P><STRONG><a name="[5a]"></a>bemf_zcd_disable_detection_within_time_us</STRONG> (Thumb, 120 bytes, Stack size 24 bytes, al03_motor_3phase_driver.o(.text.bemf_zcd_disable_detection_within_time_us))
<BR><BR>[Stack]<UL><LI>Max Depth = 24<LI>Call Chain = bemf_zcd_disable_detection_within_time_us
</UL>
<BR>[Calls]<UL><LI><a href="#[5e]">&gt;&gt;</a>&nbsp;&nbsp;&nbsp;TM_SetCounterReload
<LI><a href="#[5d]">&gt;&gt;</a>&nbsp;&nbsp;&nbsp;TM_SetCounter
<LI><a href="#[5c]">&gt;&gt;</a>&nbsp;&nbsp;&nbsp;TM_Cmd
<LI><a href="#[4a]">&gt;&gt;</a>&nbsp;&nbsp;&nbsp;TM_ClearFlag
<LI><a href="#[5b]">&gt;&gt;</a>&nbsp;&nbsp;&nbsp;TM_IntConfig
</UL>
<BR>[Called By]<UL><LI><a href="#[a3]">&gt;&gt;</a>&nbsp;&nbsp;&nbsp;zcd_event_freewheel_period_measure
<LI><a href="#[a2]">&gt;&gt;</a>&nbsp;&nbsp;&nbsp;zcd_event_first_steps_state
<LI><a href="#[a0]">&gt;&gt;</a>&nbsp;&nbsp;&nbsp;motor_3phase_starting_state_machine
<LI><a href="#[26]">&gt;&gt;</a>&nbsp;&nbsp;&nbsp;commutation_callback
</UL>

<P><STRONG><a name="[22]"></a>blanking_timer_expired_callback</STRONG> (Thumb, 176 bytes, Stack size 16 bytes, al03_motor_3phase_driver.o(.text.blanking_timer_expired_callback))
<BR><BR>[Stack]<UL><LI>Max Depth = 16<LI>Call Chain = blanking_timer_expired_callback
</UL>
<BR>[Calls]<UL><LI><a href="#[5f]">&gt;&gt;</a>&nbsp;&nbsp;&nbsp;inverter_3phase_get_actual_bemf_out
<LI><a href="#[4a]">&gt;&gt;</a>&nbsp;&nbsp;&nbsp;TM_ClearFlag
<LI><a href="#[5b]">&gt;&gt;</a>&nbsp;&nbsp;&nbsp;TM_IntConfig
</UL>
<BR>[Address Reference Count : 1]<UL><LI> al03_motor_3phase_driver.o(.text.motor_3phase_init)
</UL>
<P><STRONG><a name="[60]"></a>board_hardware_configuration</STRONG> (Thumb, 120 bytes, Stack size 24 bytes, al01_board_iq_aed_rev20191011.o(.text.board_hardware_configuration))
<BR><BR>[Stack]<UL><LI>Max Depth = 168<LI>Call Chain = board_hardware_configuration &rArr; micro_config &rArr; RETARGET_Configuration &rArr; HT32F_DVB_COMInit &rArr; USART_Init &rArr; CKCU_GetPeripFrequency &rArr; CKCU_GetClocksFrequency &rArr; __aeabi_uidiv
</UL>
<BR>[Calls]<UL><LI><a href="#[65]">&gt;&gt;</a>&nbsp;&nbsp;&nbsp;micro_config
<LI><a href="#[61]">&gt;&gt;</a>&nbsp;&nbsp;&nbsp;hardware_gpio_config_output_pp_pins_load_config
<LI><a href="#[64]">&gt;&gt;</a>&nbsp;&nbsp;&nbsp;hardware_gpio_config_inputs_pins_load_config
<LI><a href="#[62]">&gt;&gt;</a>&nbsp;&nbsp;&nbsp;hardware_gpio_config_hiz_pins_load_config
<LI><a href="#[63]">&gt;&gt;</a>&nbsp;&nbsp;&nbsp;hardware_gpio_config_edge_events_pins_load_config
</UL>
<BR>[Called By]<UL><LI><a href="#[20]">&gt;&gt;</a>&nbsp;&nbsp;&nbsp;main
</UL>

<P><STRONG><a name="[66]"></a>board_scheduler_is_time_expired</STRONG> (Thumb, 20 bytes, Stack size 8 bytes, al01_board_iq_aed_rev20191011.o(.text.board_scheduler_is_time_expired))
<BR><BR>[Stack]<UL><LI>Max Depth = 8<LI>Call Chain = board_scheduler_is_time_expired
</UL>
<BR>[Calls]<UL><LI><a href="#[67]">&gt;&gt;</a>&nbsp;&nbsp;&nbsp;Systick_GetTick
</UL>
<BR>[Called By]<UL><LI><a href="#[a0]">&gt;&gt;</a>&nbsp;&nbsp;&nbsp;motor_3phase_starting_state_machine
</UL>

<P><STRONG><a name="[68]"></a>board_scheduler_load_timer</STRONG> (Thumb, 12 bytes, Stack size 8 bytes, al01_board_iq_aed_rev20191011.o(.text.board_scheduler_load_timer))
<BR><BR>[Stack]<UL><LI>Max Depth = 8<LI>Call Chain = board_scheduler_load_timer
</UL>
<BR>[Calls]<UL><LI><a href="#[67]">&gt;&gt;</a>&nbsp;&nbsp;&nbsp;Systick_GetTick
</UL>
<BR>[Called By]<UL><LI><a href="#[a0]">&gt;&gt;</a>&nbsp;&nbsp;&nbsp;motor_3phase_starting_state_machine
</UL>

<P><STRONG><a name="[27]"></a>calculate_zcd_expected_default</STRONG> (Thumb, 8 bytes, Stack size 0 bytes, al03_motor_3phase_driver.o(.text.calculate_zcd_expected_default))
<BR>[Address Reference Count : 1]<UL><LI> al03_motor_3phase_driver.o(.text.motor_3phase_init)
</UL>
<P><STRONG><a name="[26]"></a>commutation_callback</STRONG> (Thumb, 260 bytes, Stack size 16 bytes, al03_motor_3phase_driver.o(.text.commutation_callback))
<BR><BR>[Stack]<UL><LI>Max Depth = 72<LI>Call Chain = commutation_callback &rArr; inverter_3phase_comm_next_seq &rArr; inverter_3phase_comm_set_seq &rArr; TM_ChannelED
</UL>
<BR>[Calls]<UL><LI><a href="#[5a]">&gt;&gt;</a>&nbsp;&nbsp;&nbsp;bemf_zcd_disable_detection_within_time_us
<LI><a href="#[55]">&gt;&gt;</a>&nbsp;&nbsp;&nbsp;bemf_control_loop_calculate
<LI><a href="#[59]">&gt;&gt;</a>&nbsp;&nbsp;&nbsp;BFTM_SetCompare
<LI><a href="#[56]">&gt;&gt;</a>&nbsp;&nbsp;&nbsp;BFTM_EnaCmd
<LI><a href="#[6a]">&gt;&gt;</a>&nbsp;&nbsp;&nbsp;inverter_3phase_get_actual_bemf_slope
<LI><a href="#[6b]">&gt;&gt;</a>&nbsp;&nbsp;&nbsp;inverter_3phase_comm_set_seq
<LI><a href="#[69]">&gt;&gt;</a>&nbsp;&nbsp;&nbsp;inverter_3phase_comm_next_seq
<LI><a href="#[58]">&gt;&gt;</a>&nbsp;&nbsp;&nbsp;BFTM_SetCounter
<LI><a href="#[57]">&gt;&gt;</a>&nbsp;&nbsp;&nbsp;BFTM_IntConfig
</UL>
<BR>[Address Reference Count : 1]<UL><LI> al03_motor_3phase_driver.o(.text.motor_3phase_init)
</UL>
<P><STRONG><a name="[28]"></a>empty_func_to_avoid_hard_fault</STRONG> (Thumb, 2 bytes, Stack size 0 bytes, al00_micro_ht32f52241.o(.text.empty_func_to_avoid_hard_fault))
<BR>[Address Reference Count : 8]<UL><LI> al00_micro_ht32f52241.o(.data.func_ptr_callback_rising_exti)
<LI> al00_micro_ht32f52241.o(.data.func_ptr_callback_falling_exti)
<LI> al00_micro_ht32f52241.o(.data.func_ptr_callback_bftm0)
<LI> al00_micro_ht32f52241.o(.data.func_ptr_callback_bftm1)
<LI> al00_micro_ht32f52241.o(.data.func_ptr_callback_sctm0)
<LI> al00_micro_ht32f52241.o(.data.func_ptr_callback_sctm1)
<LI> al00_micro_ht32f52241.o(.data.func_ptr_callback_pwm_end_toff)
<LI> al00_micro_ht32f52241.o(.data.func_ptr_callback_pwm_break)
</UL>
<P><STRONG><a name="[23]"></a>end_of_toff_pwm_callback</STRONG> (Thumb, 60 bytes, Stack size 8 bytes, al03_motor_3phase_driver.o(.text.end_of_toff_pwm_callback))
<BR><BR>[Stack]<UL><LI>Max Depth = 96<LI>Call Chain = end_of_toff_pwm_callback &rArr; zcd_event &rArr; zcd_event_freewheel_period_measure &rArr; inverter_3phase_comm_next_seq &rArr; inverter_3phase_comm_set_seq &rArr; TM_ChannelED
</UL>
<BR>[Calls]<UL><LI><a href="#[54]">&gt;&gt;</a>&nbsp;&nbsp;&nbsp;zcd_event
<LI><a href="#[6a]">&gt;&gt;</a>&nbsp;&nbsp;&nbsp;inverter_3phase_get_actual_bemf_slope
<LI><a href="#[5f]">&gt;&gt;</a>&nbsp;&nbsp;&nbsp;inverter_3phase_get_actual_bemf_out
<LI><a href="#[6d]">&gt;&gt;</a>&nbsp;&nbsp;&nbsp;GPIO_ReadInBit
</UL>
<BR>[Address Reference Count : 1]<UL><LI> al03_motor_3phase_driver.o(.text.motor_3phase_init)
</UL>
<P><STRONG><a name="[63]"></a>hardware_gpio_config_edge_events_pins_load_config</STRONG> (Thumb, 32 bytes, Stack size 16 bytes, al00_micro_ht32f52241.o(.text.hardware_gpio_config_edge_events_pins_load_config))
<BR><BR>[Stack]<UL><LI>Max Depth = 16<LI>Call Chain = hardware_gpio_config_edge_events_pins_load_config
</UL>
<BR>[Called By]<UL><LI><a href="#[60]">&gt;&gt;</a>&nbsp;&nbsp;&nbsp;board_hardware_configuration
</UL>

<P><STRONG><a name="[62]"></a>hardware_gpio_config_hiz_pins_load_config</STRONG> (Thumb, 32 bytes, Stack size 16 bytes, al00_micro_ht32f52241.o(.text.hardware_gpio_config_hiz_pins_load_config))
<BR><BR>[Stack]<UL><LI>Max Depth = 16<LI>Call Chain = hardware_gpio_config_hiz_pins_load_config
</UL>
<BR>[Called By]<UL><LI><a href="#[60]">&gt;&gt;</a>&nbsp;&nbsp;&nbsp;board_hardware_configuration
</UL>

<P><STRONG><a name="[64]"></a>hardware_gpio_config_inputs_pins_load_config</STRONG> (Thumb, 32 bytes, Stack size 16 bytes, al00_micro_ht32f52241.o(.text.hardware_gpio_config_inputs_pins_load_config))
<BR><BR>[Stack]<UL><LI>Max Depth = 16<LI>Call Chain = hardware_gpio_config_inputs_pins_load_config
</UL>
<BR>[Called By]<UL><LI><a href="#[60]">&gt;&gt;</a>&nbsp;&nbsp;&nbsp;board_hardware_configuration
</UL>

<P><STRONG><a name="[61]"></a>hardware_gpio_config_output_pp_pins_load_config</STRONG> (Thumb, 32 bytes, Stack size 16 bytes, al00_micro_ht32f52241.o(.text.hardware_gpio_config_output_pp_pins_load_config))
<BR><BR>[Stack]<UL><LI>Max Depth = 16<LI>Call Chain = hardware_gpio_config_output_pp_pins_load_config
</UL>
<BR>[Called By]<UL><LI><a href="#[60]">&gt;&gt;</a>&nbsp;&nbsp;&nbsp;board_hardware_configuration
</UL>

<P><STRONG><a name="[9c]"></a>hardware_gpio_event_rising_event_link_callback</STRONG> (Thumb, 20 bytes, Stack size 0 bytes, al00_micro_ht32f52241.o(.text.hardware_gpio_event_rising_event_link_callback))
<BR><BR>[Called By]<UL><LI><a href="#[79]">&gt;&gt;</a>&nbsp;&nbsp;&nbsp;motor_3phase_init
</UL>

<P><STRONG><a name="[9a]"></a>hardware_htim_link_callback</STRONG> (Thumb, 24 bytes, Stack size 0 bytes, al00_micro_ht32f52241.o(.text.hardware_htim_link_callback))
<BR><BR>[Called By]<UL><LI><a href="#[79]">&gt;&gt;</a>&nbsp;&nbsp;&nbsp;motor_3phase_init
</UL>

<P><STRONG><a name="[77]"></a>hardware_pwm_break_function_link_callback</STRONG> (Thumb, 8 bytes, Stack size 0 bytes, al00_micro_ht32f52241.o(.text.hardware_pwm_break_function_link_callback))
<BR><BR>[Called By]<UL><LI><a href="#[76]">&gt;&gt;</a>&nbsp;&nbsp;&nbsp;inverter_3phase_init_config
</UL>

<P><STRONG><a name="[9b]"></a>hardware_pwm_end_toff_link_callback</STRONG> (Thumb, 8 bytes, Stack size 0 bytes, al00_micro_ht32f52241.o(.text.hardware_pwm_end_toff_link_callback))
<BR><BR>[Called By]<UL><LI><a href="#[79]">&gt;&gt;</a>&nbsp;&nbsp;&nbsp;motor_3phase_init
</UL>

<P><STRONG><a name="[6e]"></a>hardware_pwm_get_ton_us</STRONG> (Thumb, 20 bytes, Stack size 8 bytes, al00_micro_ht32f52241.o(.text.hardware_pwm_get_ton_us))
<BR><BR>[Stack]<UL><LI>Max Depth = 8<LI>Call Chain = hardware_pwm_get_ton_us
</UL>
<BR>[Calls]<UL><LI><a href="#[6f]">&gt;&gt;</a>&nbsp;&nbsp;&nbsp;TM_GetCaptureCompare
</UL>
<BR>[Called By]<UL><LI><a href="#[a0]">&gt;&gt;</a>&nbsp;&nbsp;&nbsp;motor_3phase_starting_state_machine
</UL>

<P><STRONG><a name="[6c]"></a>hardware_pwm_set_counter_to_toff</STRONG> (Thumb, 36 bytes, Stack size 0 bytes, al00_micro_ht32f52241.o(.text.hardware_pwm_set_counter_to_toff))
<BR><BR>[Called By]<UL><LI><a href="#[21]">&gt;&gt;</a>&nbsp;&nbsp;&nbsp;current_sensor_i_peak_callback
</UL>

<P><STRONG><a name="[70]"></a>hardware_pwm_set_period_us</STRONG> (Thumb, 28 bytes, Stack size 8 bytes, al00_micro_ht32f52241.o(.text.hardware_pwm_set_period_us))
<BR><BR>[Stack]<UL><LI>Max Depth = 8<LI>Call Chain = hardware_pwm_set_period_us
</UL>
<BR>[Calls]<UL><LI><a href="#[5e]">&gt;&gt;</a>&nbsp;&nbsp;&nbsp;TM_SetCounterReload
</UL>
<BR>[Called By]<UL><LI><a href="#[a0]">&gt;&gt;</a>&nbsp;&nbsp;&nbsp;motor_3phase_starting_state_machine
</UL>

<P><STRONG><a name="[78]"></a>hardware_pwm_set_sense_on_toff_before_ton_us</STRONG> (Thumb, 8 bytes, Stack size 0 bytes, al00_micro_ht32f52241.o(.text.hardware_pwm_set_sense_on_toff_before_ton_us))
<BR><BR>[Called By]<UL><LI><a href="#[76]">&gt;&gt;</a>&nbsp;&nbsp;&nbsp;inverter_3phase_init_config
</UL>

<P><STRONG><a name="[71]"></a>hardware_pwm_set_toff_us</STRONG> (Thumb, 92 bytes, Stack size 24 bytes, al00_micro_ht32f52241.o(.text.hardware_pwm_set_toff_us))
<BR><BR>[Stack]<UL><LI>Max Depth = 24<LI>Call Chain = hardware_pwm_set_toff_us
</UL>
<BR>[Calls]<UL><LI><a href="#[72]">&gt;&gt;</a>&nbsp;&nbsp;&nbsp;TM_SetCaptureCompare
</UL>
<BR>[Called By]<UL><LI><a href="#[a0]">&gt;&gt;</a>&nbsp;&nbsp;&nbsp;motor_3phase_starting_state_machine
</UL>

<P><STRONG><a name="[73]"></a>hardware_pwm_set_ton_us</STRONG> (Thumb, 148 bytes, Stack size 24 bytes, al00_micro_ht32f52241.o(.text.hardware_pwm_set_ton_us))
<BR><BR>[Stack]<UL><LI>Max Depth = 24<LI>Call Chain = hardware_pwm_set_ton_us
</UL>
<BR>[Calls]<UL><LI><a href="#[72]">&gt;&gt;</a>&nbsp;&nbsp;&nbsp;TM_SetCaptureCompare
</UL>
<BR>[Called By]<UL><LI><a href="#[a0]">&gt;&gt;</a>&nbsp;&nbsp;&nbsp;motor_3phase_starting_state_machine
</UL>

<P><STRONG><a name="[74]"></a>hardware_pwm_start_with_ton</STRONG> (Thumb, 24 bytes, Stack size 8 bytes, al00_micro_ht32f52241.o(.text.hardware_pwm_start_with_ton))
<BR><BR>[Stack]<UL><LI>Max Depth = 8<LI>Call Chain = hardware_pwm_start_with_ton
</UL>
<BR>[Calls]<UL><LI><a href="#[5d]">&gt;&gt;</a>&nbsp;&nbsp;&nbsp;TM_SetCounter
<LI><a href="#[6f]">&gt;&gt;</a>&nbsp;&nbsp;&nbsp;TM_GetCaptureCompare
</UL>
<BR>[Called By]<UL><LI><a href="#[6b]">&gt;&gt;</a>&nbsp;&nbsp;&nbsp;inverter_3phase_comm_set_seq
</UL>

<P><STRONG><a name="[69]"></a>inverter_3phase_comm_next_seq</STRONG> (Thumb, 60 bytes, Stack size 8 bytes, al02_inverter_3phase.o(.text.inverter_3phase_comm_next_seq))
<BR><BR>[Stack]<UL><LI>Max Depth = 56<LI>Call Chain = inverter_3phase_comm_next_seq &rArr; inverter_3phase_comm_set_seq &rArr; TM_ChannelED
</UL>
<BR>[Calls]<UL><LI><a href="#[6b]">&gt;&gt;</a>&nbsp;&nbsp;&nbsp;inverter_3phase_comm_set_seq
</UL>
<BR>[Called By]<UL><LI><a href="#[a3]">&gt;&gt;</a>&nbsp;&nbsp;&nbsp;zcd_event_freewheel_period_measure
<LI><a href="#[a2]">&gt;&gt;</a>&nbsp;&nbsp;&nbsp;zcd_event_first_steps_state
<LI><a href="#[a0]">&gt;&gt;</a>&nbsp;&nbsp;&nbsp;motor_3phase_starting_state_machine
<LI><a href="#[26]">&gt;&gt;</a>&nbsp;&nbsp;&nbsp;commutation_callback
</UL>

<P><STRONG><a name="[6b]"></a>inverter_3phase_comm_set_seq</STRONG> (Thumb, 680 bytes, Stack size 32 bytes, al02_inverter_3phase.o(.text.inverter_3phase_comm_set_seq))
<BR><BR>[Stack]<UL><LI>Max Depth = 48<LI>Call Chain = inverter_3phase_comm_set_seq &rArr; TM_ChannelED
</UL>
<BR>[Calls]<UL><LI><a href="#[74]">&gt;&gt;</a>&nbsp;&nbsp;&nbsp;hardware_pwm_start_with_ton
<LI><a href="#[75]">&gt;&gt;</a>&nbsp;&nbsp;&nbsp;TM_ChannelED
</UL>
<BR>[Called By]<UL><LI><a href="#[a3]">&gt;&gt;</a>&nbsp;&nbsp;&nbsp;zcd_event_freewheel_period_measure
<LI><a href="#[a2]">&gt;&gt;</a>&nbsp;&nbsp;&nbsp;zcd_event_first_steps_state
<LI><a href="#[a0]">&gt;&gt;</a>&nbsp;&nbsp;&nbsp;motor_3phase_starting_state_machine
<LI><a href="#[98]">&gt;&gt;</a>&nbsp;&nbsp;&nbsp;motor_3phase_abort_motor
<LI><a href="#[26]">&gt;&gt;</a>&nbsp;&nbsp;&nbsp;commutation_callback
<LI><a href="#[76]">&gt;&gt;</a>&nbsp;&nbsp;&nbsp;inverter_3phase_init_config
<LI><a href="#[69]">&gt;&gt;</a>&nbsp;&nbsp;&nbsp;inverter_3phase_comm_next_seq
</UL>

<P><STRONG><a name="[5f]"></a>inverter_3phase_get_actual_bemf_out</STRONG> (Thumb, 36 bytes, Stack size 0 bytes, al02_inverter_3phase.o(.text.inverter_3phase_get_actual_bemf_out))
<BR><BR>[Called By]<UL><LI><a href="#[23]">&gt;&gt;</a>&nbsp;&nbsp;&nbsp;end_of_toff_pwm_callback
<LI><a href="#[22]">&gt;&gt;</a>&nbsp;&nbsp;&nbsp;blanking_timer_expired_callback
</UL>

<P><STRONG><a name="[6a]"></a>inverter_3phase_get_actual_bemf_slope</STRONG> (Thumb, 28 bytes, Stack size 0 bytes, al02_inverter_3phase.o(.text.inverter_3phase_get_actual_bemf_slope))
<BR><BR>[Called By]<UL><LI><a href="#[a2]">&gt;&gt;</a>&nbsp;&nbsp;&nbsp;zcd_event_first_steps_state
<LI><a href="#[23]">&gt;&gt;</a>&nbsp;&nbsp;&nbsp;end_of_toff_pwm_callback
<LI><a href="#[26]">&gt;&gt;</a>&nbsp;&nbsp;&nbsp;commutation_callback
</UL>

<P><STRONG><a name="[76]"></a>inverter_3phase_init_config</STRONG> (Thumb, 76 bytes, Stack size 24 bytes, al02_inverter_3phase.o(.text.inverter_3phase_init_config))
<BR><BR>[Stack]<UL><LI>Max Depth = 72<LI>Call Chain = inverter_3phase_init_config &rArr; inverter_3phase_comm_set_seq &rArr; TM_ChannelED
</UL>
<BR>[Calls]<UL><LI><a href="#[6b]">&gt;&gt;</a>&nbsp;&nbsp;&nbsp;inverter_3phase_comm_set_seq
<LI><a href="#[78]">&gt;&gt;</a>&nbsp;&nbsp;&nbsp;hardware_pwm_set_sense_on_toff_before_ton_us
<LI><a href="#[77]">&gt;&gt;</a>&nbsp;&nbsp;&nbsp;hardware_pwm_break_function_link_callback
<LI><a href="#[4a]">&gt;&gt;</a>&nbsp;&nbsp;&nbsp;TM_ClearFlag
<LI><a href="#[5b]">&gt;&gt;</a>&nbsp;&nbsp;&nbsp;TM_IntConfig
</UL>
<BR>[Called By]<UL><LI><a href="#[79]">&gt;&gt;</a>&nbsp;&nbsp;&nbsp;motor_3phase_init
</UL>

<P><STRONG><a name="[9f]"></a>inverter_3phase_set_comm_direction</STRONG> (Thumb, 20 bytes, Stack size 0 bytes, al02_inverter_3phase.o(.text.inverter_3phase_set_comm_direction))
<BR><BR>[Called By]<UL><LI><a href="#[99]">&gt;&gt;</a>&nbsp;&nbsp;&nbsp;motor_3phase_set_motor_direction
</UL>

<P><STRONG><a name="[9d]"></a>link_zcd_expected_calculate_function</STRONG> (Thumb, 8 bytes, Stack size 0 bytes, al03_motor_3phase_driver.o(.text.link_zcd_expected_calculate_function))
<BR><BR>[Called By]<UL><LI><a href="#[79]">&gt;&gt;</a>&nbsp;&nbsp;&nbsp;motor_3phase_init
</UL>

<P><STRONG><a name="[20]"></a>main</STRONG> (Thumb, 28 bytes, Stack size 0 bytes, main.o(.text.main))
<BR><BR>[Stack]<UL><LI>Max Depth = 168<LI>Call Chain = main &rArr; board_hardware_configuration &rArr; micro_config &rArr; RETARGET_Configuration &rArr; HT32F_DVB_COMInit &rArr; USART_Init &rArr; CKCU_GetPeripFrequency &rArr; CKCU_GetClocksFrequency &rArr; __aeabi_uidiv
</UL>
<BR>[Calls]<UL><LI><a href="#[7b]">&gt;&gt;</a>&nbsp;&nbsp;&nbsp;motor_3phase_task
<LI><a href="#[7a]">&gt;&gt;</a>&nbsp;&nbsp;&nbsp;motor_3phase_start_motor
<LI><a href="#[79]">&gt;&gt;</a>&nbsp;&nbsp;&nbsp;motor_3phase_init
<LI><a href="#[60]">&gt;&gt;</a>&nbsp;&nbsp;&nbsp;board_hardware_configuration
<LI><a href="#[5b]">&gt;&gt;</a>&nbsp;&nbsp;&nbsp;TM_IntConfig
</UL>
<BR>[Address Reference Count : 1]<UL><LI> entry9a.o(.ARM.Collect$$$$0000000B)
</UL>
<P><STRONG><a name="[65]"></a>micro_config</STRONG> (Thumb, 48 bytes, Stack size 8 bytes, al00_micro_ht32f52241.o(.text.micro_config))
<BR><BR>[Stack]<UL><LI>Max Depth = 144<LI>Call Chain = micro_config &rArr; RETARGET_Configuration &rArr; HT32F_DVB_COMInit &rArr; USART_Init &rArr; CKCU_GetPeripFrequency &rArr; CKCU_GetClocksFrequency &rArr; __aeabi_uidiv
</UL>
<BR>[Calls]<UL><LI><a href="#[4e]">&gt;&gt;</a>&nbsp;&nbsp;&nbsp;SYSTICK_Configuration
<LI><a href="#[4d]">&gt;&gt;</a>&nbsp;&nbsp;&nbsp;RETARGET_Configuration
<LI><a href="#[4b]">&gt;&gt;</a>&nbsp;&nbsp;&nbsp;NVIC_Configuration
<LI><a href="#[3d]">&gt;&gt;</a>&nbsp;&nbsp;&nbsp;CKCU_Configuration
<LI><a href="#[89]">&gt;&gt;</a>&nbsp;&nbsp;&nbsp;micro_timers_config
<LI><a href="#[88]">&gt;&gt;</a>&nbsp;&nbsp;&nbsp;micro_pwm_config
<LI><a href="#[84]">&gt;&gt;</a>&nbsp;&nbsp;&nbsp;micro_gpios_outputs_pp_config
<LI><a href="#[85]">&gt;&gt;</a>&nbsp;&nbsp;&nbsp;micro_gpios_inputs_pullup_config
<LI><a href="#[86]">&gt;&gt;</a>&nbsp;&nbsp;&nbsp;micro_gpios_hiz_config
<LI><a href="#[87]">&gt;&gt;</a>&nbsp;&nbsp;&nbsp;micro_gpios_edge_events_config
<LI><a href="#[7c]">&gt;&gt;</a>&nbsp;&nbsp;&nbsp;micro_adc_config
</UL>
<BR>[Called By]<UL><LI><a href="#[60]">&gt;&gt;</a>&nbsp;&nbsp;&nbsp;board_hardware_configuration
</UL>

<P><STRONG><a name="[98]"></a>motor_3phase_abort_motor</STRONG> (Thumb, 160 bytes, Stack size 24 bytes, al03_motor_3phase_driver.o(.text.motor_3phase_abort_motor))
<BR><BR>[Stack]<UL><LI>Max Depth = 72<LI>Call Chain = motor_3phase_abort_motor &rArr; inverter_3phase_comm_set_seq &rArr; TM_ChannelED
</UL>
<BR>[Calls]<UL><LI><a href="#[56]">&gt;&gt;</a>&nbsp;&nbsp;&nbsp;BFTM_EnaCmd
<LI><a href="#[6b]">&gt;&gt;</a>&nbsp;&nbsp;&nbsp;inverter_3phase_comm_set_seq
<LI><a href="#[4a]">&gt;&gt;</a>&nbsp;&nbsp;&nbsp;TM_ClearFlag
<LI><a href="#[58]">&gt;&gt;</a>&nbsp;&nbsp;&nbsp;BFTM_SetCounter
<LI><a href="#[57]">&gt;&gt;</a>&nbsp;&nbsp;&nbsp;BFTM_IntConfig
<LI><a href="#[5b]">&gt;&gt;</a>&nbsp;&nbsp;&nbsp;TM_IntConfig
</UL>
<BR>[Called By]<UL><LI><a href="#[25]">&gt;&gt;</a>&nbsp;&nbsp;&nbsp;motor_watchdog_callback
<LI><a href="#[a0]">&gt;&gt;</a>&nbsp;&nbsp;&nbsp;motor_3phase_starting_state_machine
</UL>

<P><STRONG><a name="[79]"></a>motor_3phase_init</STRONG> (Thumb, 144 bytes, Stack size 24 bytes, al03_motor_3phase_driver.o(.text.motor_3phase_init))
<BR><BR>[Stack]<UL><LI>Max Depth = 96<LI>Call Chain = motor_3phase_init &rArr; inverter_3phase_init_config &rArr; inverter_3phase_comm_set_seq &rArr; TM_ChannelED
</UL>
<BR>[Calls]<UL><LI><a href="#[9e]">&gt;&gt;</a>&nbsp;&nbsp;&nbsp;motor_3phase_set_pwm_ton_us_set_point
<LI><a href="#[99]">&gt;&gt;</a>&nbsp;&nbsp;&nbsp;motor_3phase_set_motor_direction
<LI><a href="#[9d]">&gt;&gt;</a>&nbsp;&nbsp;&nbsp;link_zcd_expected_calculate_function
<LI><a href="#[76]">&gt;&gt;</a>&nbsp;&nbsp;&nbsp;inverter_3phase_init_config
<LI><a href="#[9b]">&gt;&gt;</a>&nbsp;&nbsp;&nbsp;hardware_pwm_end_toff_link_callback
<LI><a href="#[9a]">&gt;&gt;</a>&nbsp;&nbsp;&nbsp;hardware_htim_link_callback
<LI><a href="#[9c]">&gt;&gt;</a>&nbsp;&nbsp;&nbsp;hardware_gpio_event_rising_event_link_callback
<LI><a href="#[4a]">&gt;&gt;</a>&nbsp;&nbsp;&nbsp;TM_ClearFlag
<LI><a href="#[5b]">&gt;&gt;</a>&nbsp;&nbsp;&nbsp;TM_IntConfig
</UL>
<BR>[Called By]<UL><LI><a href="#[20]">&gt;&gt;</a>&nbsp;&nbsp;&nbsp;main
</UL>

<P><STRONG><a name="[99]"></a>motor_3phase_set_motor_direction</STRONG> (Thumb, 32 bytes, Stack size 8 bytes, al03_motor_3phase_driver.o(.text.motor_3phase_set_motor_direction))
<BR><BR>[Stack]<UL><LI>Max Depth = 8<LI>Call Chain = motor_3phase_set_motor_direction
</UL>
<BR>[Calls]<UL><LI><a href="#[9f]">&gt;&gt;</a>&nbsp;&nbsp;&nbsp;inverter_3phase_set_comm_direction
</UL>
<BR>[Called By]<UL><LI><a href="#[79]">&gt;&gt;</a>&nbsp;&nbsp;&nbsp;motor_3phase_init
</UL>

<P><STRONG><a name="[9e]"></a>motor_3phase_set_pwm_ton_us_set_point</STRONG> (Thumb, 40 bytes, Stack size 0 bytes, al03_motor_3phase_driver.o(.text.motor_3phase_set_pwm_ton_us_set_point))
<BR><BR>[Called By]<UL><LI><a href="#[79]">&gt;&gt;</a>&nbsp;&nbsp;&nbsp;motor_3phase_init
</UL>

<P><STRONG><a name="[7a]"></a>motor_3phase_start_motor</STRONG> (Thumb, 32 bytes, Stack size 0 bytes, al03_motor_3phase_driver.o(.text.motor_3phase_start_motor))
<BR><BR>[Called By]<UL><LI><a href="#[20]">&gt;&gt;</a>&nbsp;&nbsp;&nbsp;main
</UL>

<P><STRONG><a name="[a0]"></a>motor_3phase_starting_state_machine</STRONG> (Thumb, 404 bytes, Stack size 16 bytes, al03_motor_3phase_driver.o(.text.motor_3phase_starting_state_machine))
<BR><BR>[Stack]<UL><LI>Max Depth = 88<LI>Call Chain = motor_3phase_starting_state_machine &rArr; motor_3phase_abort_motor &rArr; inverter_3phase_comm_set_seq &rArr; TM_ChannelED
</UL>
<BR>[Calls]<UL><LI><a href="#[98]">&gt;&gt;</a>&nbsp;&nbsp;&nbsp;motor_3phase_abort_motor
<LI><a href="#[5a]">&gt;&gt;</a>&nbsp;&nbsp;&nbsp;bemf_zcd_disable_detection_within_time_us
<LI><a href="#[a1]">&gt;&gt;</a>&nbsp;&nbsp;&nbsp;bemf_sense_set_type
<LI><a href="#[59]">&gt;&gt;</a>&nbsp;&nbsp;&nbsp;BFTM_SetCompare
<LI><a href="#[56]">&gt;&gt;</a>&nbsp;&nbsp;&nbsp;BFTM_EnaCmd
<LI><a href="#[6b]">&gt;&gt;</a>&nbsp;&nbsp;&nbsp;inverter_3phase_comm_set_seq
<LI><a href="#[69]">&gt;&gt;</a>&nbsp;&nbsp;&nbsp;inverter_3phase_comm_next_seq
<LI><a href="#[68]">&gt;&gt;</a>&nbsp;&nbsp;&nbsp;board_scheduler_load_timer
<LI><a href="#[66]">&gt;&gt;</a>&nbsp;&nbsp;&nbsp;board_scheduler_is_time_expired
<LI><a href="#[73]">&gt;&gt;</a>&nbsp;&nbsp;&nbsp;hardware_pwm_set_ton_us
<LI><a href="#[71]">&gt;&gt;</a>&nbsp;&nbsp;&nbsp;hardware_pwm_set_toff_us
<LI><a href="#[70]">&gt;&gt;</a>&nbsp;&nbsp;&nbsp;hardware_pwm_set_period_us
<LI><a href="#[6e]">&gt;&gt;</a>&nbsp;&nbsp;&nbsp;hardware_pwm_get_ton_us
<LI><a href="#[58]">&gt;&gt;</a>&nbsp;&nbsp;&nbsp;BFTM_SetCounter
<LI><a href="#[57]">&gt;&gt;</a>&nbsp;&nbsp;&nbsp;BFTM_IntConfig
</UL>
<BR>[Called By]<UL><LI><a href="#[7b]">&gt;&gt;</a>&nbsp;&nbsp;&nbsp;motor_3phase_task
</UL>

<P><STRONG><a name="[7b]"></a>motor_3phase_task</STRONG> (Thumb, 32 bytes, Stack size 8 bytes, al03_motor_3phase_driver.o(.text.motor_3phase_task))
<BR><BR>[Stack]<UL><LI>Max Depth = 96<LI>Call Chain = motor_3phase_task &rArr; motor_3phase_starting_state_machine &rArr; motor_3phase_abort_motor &rArr; inverter_3phase_comm_set_seq &rArr; TM_ChannelED
</UL>
<BR>[Calls]<UL><LI><a href="#[a0]">&gt;&gt;</a>&nbsp;&nbsp;&nbsp;motor_3phase_starting_state_machine
</UL>
<BR>[Called By]<UL><LI><a href="#[20]">&gt;&gt;</a>&nbsp;&nbsp;&nbsp;main
</UL>

<P><STRONG><a name="[25]"></a>motor_watchdog_callback</STRONG> (Thumb, 12 bytes, Stack size 8 bytes, al03_motor_3phase_driver.o(.text.motor_watchdog_callback))
<BR><BR>[Stack]<UL><LI>Max Depth = 80<LI>Call Chain = motor_watchdog_callback &rArr; motor_3phase_abort_motor &rArr; inverter_3phase_comm_set_seq &rArr; TM_ChannelED
</UL>
<BR>[Calls]<UL><LI><a href="#[98]">&gt;&gt;</a>&nbsp;&nbsp;&nbsp;motor_3phase_abort_motor
</UL>
<BR>[Address Reference Count : 1]<UL><LI> al03_motor_3phase_driver.o(.text.motor_3phase_init)
</UL>
<P><STRONG><a name="[54]"></a>zcd_event</STRONG> (Thumb, 52 bytes, Stack size 8 bytes, al03_motor_3phase_driver.o(.text.zcd_event))
<BR><BR>[Stack]<UL><LI>Max Depth = 88<LI>Call Chain = zcd_event &rArr; zcd_event_freewheel_period_measure &rArr; inverter_3phase_comm_next_seq &rArr; inverter_3phase_comm_set_seq &rArr; TM_ChannelED
</UL>
<BR>[Calls]<UL><LI><a href="#[a3]">&gt;&gt;</a>&nbsp;&nbsp;&nbsp;zcd_event_freewheel_period_measure
<LI><a href="#[a2]">&gt;&gt;</a>&nbsp;&nbsp;&nbsp;zcd_event_first_steps_state
<LI><a href="#[a4]">&gt;&gt;</a>&nbsp;&nbsp;&nbsp;zcd_event_correct_timing_comm
</UL>
<BR>[Called By]<UL><LI><a href="#[23]">&gt;&gt;</a>&nbsp;&nbsp;&nbsp;end_of_toff_pwm_callback
<LI><a href="#[24]">&gt;&gt;</a>&nbsp;&nbsp;&nbsp;bemf_comp_callback
</UL>

<P><STRONG><a name="[a4]"></a>zcd_event_correct_timing_comm</STRONG> (Thumb, 116 bytes, Stack size 16 bytes, al03_motor_3phase_driver.o(.text.zcd_event_correct_timing_comm))
<BR><BR>[Stack]<UL><LI>Max Depth = 16<LI>Call Chain = zcd_event_correct_timing_comm
</UL>
<BR>[Calls]<UL><LI><a href="#[59]">&gt;&gt;</a>&nbsp;&nbsp;&nbsp;BFTM_SetCompare
<LI><a href="#[a5]">&gt;&gt;</a>&nbsp;&nbsp;&nbsp;BFTM_GetCounter
<LI><a href="#[56]">&gt;&gt;</a>&nbsp;&nbsp;&nbsp;BFTM_EnaCmd
<LI><a href="#[58]">&gt;&gt;</a>&nbsp;&nbsp;&nbsp;BFTM_SetCounter
<LI><a href="#[57]">&gt;&gt;</a>&nbsp;&nbsp;&nbsp;BFTM_IntConfig
</UL>
<BR>[Called By]<UL><LI><a href="#[54]">&gt;&gt;</a>&nbsp;&nbsp;&nbsp;zcd_event
</UL>

<P><STRONG><a name="[a2]"></a>zcd_event_first_steps_state</STRONG> (Thumb, 196 bytes, Stack size 16 bytes, al03_motor_3phase_driver.o(.text.zcd_event_first_steps_state))
<BR><BR>[Stack]<UL><LI>Max Depth = 72<LI>Call Chain = zcd_event_first_steps_state &rArr; inverter_3phase_comm_next_seq &rArr; inverter_3phase_comm_set_seq &rArr; TM_ChannelED
</UL>
<BR>[Calls]<UL><LI><a href="#[5a]">&gt;&gt;</a>&nbsp;&nbsp;&nbsp;bemf_zcd_disable_detection_within_time_us
<LI><a href="#[a1]">&gt;&gt;</a>&nbsp;&nbsp;&nbsp;bemf_sense_set_type
<LI><a href="#[59]">&gt;&gt;</a>&nbsp;&nbsp;&nbsp;BFTM_SetCompare
<LI><a href="#[a5]">&gt;&gt;</a>&nbsp;&nbsp;&nbsp;BFTM_GetCounter
<LI><a href="#[56]">&gt;&gt;</a>&nbsp;&nbsp;&nbsp;BFTM_EnaCmd
<LI><a href="#[6a]">&gt;&gt;</a>&nbsp;&nbsp;&nbsp;inverter_3phase_get_actual_bemf_slope
<LI><a href="#[6b]">&gt;&gt;</a>&nbsp;&nbsp;&nbsp;inverter_3phase_comm_set_seq
<LI><a href="#[69]">&gt;&gt;</a>&nbsp;&nbsp;&nbsp;inverter_3phase_comm_next_seq
<LI><a href="#[58]">&gt;&gt;</a>&nbsp;&nbsp;&nbsp;BFTM_SetCounter
<LI><a href="#[57]">&gt;&gt;</a>&nbsp;&nbsp;&nbsp;BFTM_IntConfig
</UL>
<BR>[Called By]<UL><LI><a href="#[54]">&gt;&gt;</a>&nbsp;&nbsp;&nbsp;zcd_event
</UL>

<P><STRONG><a name="[a3]"></a>zcd_event_freewheel_period_measure</STRONG> (Thumb, 276 bytes, Stack size 24 bytes, al03_motor_3phase_driver.o(.text.zcd_event_freewheel_period_measure))
<BR><BR>[Stack]<UL><LI>Max Depth = 80<LI>Call Chain = zcd_event_freewheel_period_measure &rArr; inverter_3phase_comm_next_seq &rArr; inverter_3phase_comm_set_seq &rArr; TM_ChannelED
</UL>
<BR>[Calls]<UL><LI><a href="#[5a]">&gt;&gt;</a>&nbsp;&nbsp;&nbsp;bemf_zcd_disable_detection_within_time_us
<LI><a href="#[59]">&gt;&gt;</a>&nbsp;&nbsp;&nbsp;BFTM_SetCompare
<LI><a href="#[a5]">&gt;&gt;</a>&nbsp;&nbsp;&nbsp;BFTM_GetCounter
<LI><a href="#[56]">&gt;&gt;</a>&nbsp;&nbsp;&nbsp;BFTM_EnaCmd
<LI><a href="#[6b]">&gt;&gt;</a>&nbsp;&nbsp;&nbsp;inverter_3phase_comm_set_seq
<LI><a href="#[69]">&gt;&gt;</a>&nbsp;&nbsp;&nbsp;inverter_3phase_comm_next_seq
<LI><a href="#[58]">&gt;&gt;</a>&nbsp;&nbsp;&nbsp;BFTM_SetCounter
<LI><a href="#[57]">&gt;&gt;</a>&nbsp;&nbsp;&nbsp;BFTM_IntConfig
</UL>
<BR>[Called By]<UL><LI><a href="#[54]">&gt;&gt;</a>&nbsp;&nbsp;&nbsp;zcd_event
</UL>

<P><STRONG><a name="[ae]"></a>__scatterload_copy</STRONG> (Thumb, 14 bytes, Stack size unknown bytes, handlers.o(i.__scatterload_copy), UNUSED)

<P><STRONG><a name="[af]"></a>__scatterload_null</STRONG> (Thumb, 2 bytes, Stack size unknown bytes, handlers.o(i.__scatterload_null), UNUSED)

<P><STRONG><a name="[b0]"></a>__scatterload_zeroinit</STRONG> (Thumb, 14 bytes, Stack size unknown bytes, handlers.o(i.__scatterload_zeroinit), UNUSED)
<P>
<H3>
Local Symbols
</H3>
<P><STRONG><a name="[8f]"></a>NVIC_EnableIRQ</STRONG> (Thumb, 16 bytes, Stack size 0 bytes, al00_micro_ht32f52241.o(.text.NVIC_EnableIRQ))
<BR><BR>[Called By]<UL><LI><a href="#[89]">&gt;&gt;</a>&nbsp;&nbsp;&nbsp;micro_timers_config
<LI><a href="#[88]">&gt;&gt;</a>&nbsp;&nbsp;&nbsp;micro_pwm_config
<LI><a href="#[87]">&gt;&gt;</a>&nbsp;&nbsp;&nbsp;micro_gpios_edge_events_config
</UL>

<P><STRONG><a name="[53]"></a>_HT32F_DVB_ClockConfig</STRONG> (Thumb, 48 bytes, Stack size 16 bytes, al00_micro_ht32f52241.o(.text._HT32F_DVB_ClockConfig))
<BR><BR>[Stack]<UL><LI>Max Depth = 32<LI>Call Chain = _HT32F_DVB_ClockConfig &rArr; CKCU_PeripClockConfig
</UL>
<BR>[Calls]<UL><LI><a href="#[3e]">&gt;&gt;</a>&nbsp;&nbsp;&nbsp;CKCU_PeripClockConfig
</UL>
<BR>[Called By]<UL><LI><a href="#[84]">&gt;&gt;</a>&nbsp;&nbsp;&nbsp;micro_gpios_outputs_pp_config
</UL>

<P><STRONG><a name="[7c]"></a>micro_adc_config</STRONG> (Thumb, 152 bytes, Stack size 24 bytes, al00_micro_ht32f52241.o(.text.micro_adc_config))
<BR><BR>[Stack]<UL><LI>Max Depth = 52<LI>Call Chain = micro_adc_config &rArr; AFIO_GPxConfig
</UL>
<BR>[Calls]<UL><LI><a href="#[7d]">&gt;&gt;</a>&nbsp;&nbsp;&nbsp;CKCU_SetADCPrescaler
<LI><a href="#[46]">&gt;&gt;</a>&nbsp;&nbsp;&nbsp;AFIO_GPxConfig
<LI><a href="#[83]">&gt;&gt;</a>&nbsp;&nbsp;&nbsp;ADC_SoftwareStartConvCmd
<LI><a href="#[7f]">&gt;&gt;</a>&nbsp;&nbsp;&nbsp;ADC_SamplingTimeConfig
<LI><a href="#[81]">&gt;&gt;</a>&nbsp;&nbsp;&nbsp;ADC_RegularTrigConfig
<LI><a href="#[7e]">&gt;&gt;</a>&nbsp;&nbsp;&nbsp;ADC_RegularGroupConfig
<LI><a href="#[80]">&gt;&gt;</a>&nbsp;&nbsp;&nbsp;ADC_RegularChannelConfig
<LI><a href="#[82]">&gt;&gt;</a>&nbsp;&nbsp;&nbsp;ADC_Cmd
</UL>
<BR>[Called By]<UL><LI><a href="#[65]">&gt;&gt;</a>&nbsp;&nbsp;&nbsp;micro_config
</UL>

<P><STRONG><a name="[87]"></a>micro_gpios_edge_events_config</STRONG> (Thumb, 384 bytes, Stack size 64 bytes, al00_micro_ht32f52241.o(.text.micro_gpios_edge_events_config))
<BR><BR>[Stack]<UL><LI>Max Depth = 92<LI>Call Chain = micro_gpios_edge_events_config &rArr; AFIO_GPxConfig
</UL>
<BR>[Calls]<UL><LI><a href="#[8b]">&gt;&gt;</a>&nbsp;&nbsp;&nbsp;GPIO_PullResistorConfig
<LI><a href="#[8c]">&gt;&gt;</a>&nbsp;&nbsp;&nbsp;GPIO_InputConfig
<LI><a href="#[8a]">&gt;&gt;</a>&nbsp;&nbsp;&nbsp;GPIO_DirectionConfig
<LI><a href="#[8e]">&gt;&gt;</a>&nbsp;&nbsp;&nbsp;EXTI_Init
<LI><a href="#[3e]">&gt;&gt;</a>&nbsp;&nbsp;&nbsp;CKCU_PeripClockConfig
<LI><a href="#[46]">&gt;&gt;</a>&nbsp;&nbsp;&nbsp;AFIO_GPxConfig
<LI><a href="#[8d]">&gt;&gt;</a>&nbsp;&nbsp;&nbsp;AFIO_EXTISourceConfig
<LI><a href="#[8f]">&gt;&gt;</a>&nbsp;&nbsp;&nbsp;NVIC_EnableIRQ
</UL>
<BR>[Called By]<UL><LI><a href="#[65]">&gt;&gt;</a>&nbsp;&nbsp;&nbsp;micro_config
</UL>

<P><STRONG><a name="[86]"></a>micro_gpios_hiz_config</STRONG> (Thumb, 108 bytes, Stack size 32 bytes, al00_micro_ht32f52241.o(.text.micro_gpios_hiz_config))
<BR><BR>[Stack]<UL><LI>Max Depth = 60<LI>Call Chain = micro_gpios_hiz_config &rArr; AFIO_GPxConfig
</UL>
<BR>[Calls]<UL><LI><a href="#[8b]">&gt;&gt;</a>&nbsp;&nbsp;&nbsp;GPIO_PullResistorConfig
<LI><a href="#[90]">&gt;&gt;</a>&nbsp;&nbsp;&nbsp;GPIO_DriveConfig
<LI><a href="#[8a]">&gt;&gt;</a>&nbsp;&nbsp;&nbsp;GPIO_DirectionConfig
<LI><a href="#[46]">&gt;&gt;</a>&nbsp;&nbsp;&nbsp;AFIO_GPxConfig
</UL>
<BR>[Called By]<UL><LI><a href="#[65]">&gt;&gt;</a>&nbsp;&nbsp;&nbsp;micro_config
</UL>

<P><STRONG><a name="[85]"></a>micro_gpios_inputs_pullup_config</STRONG> (Thumb, 112 bytes, Stack size 40 bytes, al00_micro_ht32f52241.o(.text.micro_gpios_inputs_pullup_config))
<BR><BR>[Stack]<UL><LI>Max Depth = 68<LI>Call Chain = micro_gpios_inputs_pullup_config &rArr; AFIO_GPxConfig
</UL>
<BR>[Calls]<UL><LI><a href="#[8b]">&gt;&gt;</a>&nbsp;&nbsp;&nbsp;GPIO_PullResistorConfig
<LI><a href="#[8c]">&gt;&gt;</a>&nbsp;&nbsp;&nbsp;GPIO_InputConfig
<LI><a href="#[8a]">&gt;&gt;</a>&nbsp;&nbsp;&nbsp;GPIO_DirectionConfig
<LI><a href="#[46]">&gt;&gt;</a>&nbsp;&nbsp;&nbsp;AFIO_GPxConfig
</UL>
<BR>[Called By]<UL><LI><a href="#[65]">&gt;&gt;</a>&nbsp;&nbsp;&nbsp;micro_config
</UL>

<P><STRONG><a name="[84]"></a>micro_gpios_outputs_pp_config</STRONG> (Thumb, 120 bytes, Stack size 32 bytes, al00_micro_ht32f52241.o(.text.micro_gpios_outputs_pp_config))
<BR><BR>[Stack]<UL><LI>Max Depth = 64<LI>Call Chain = micro_gpios_outputs_pp_config &rArr; _HT32F_DVB_ClockConfig &rArr; CKCU_PeripClockConfig
</UL>
<BR>[Calls]<UL><LI><a href="#[8b]">&gt;&gt;</a>&nbsp;&nbsp;&nbsp;GPIO_PullResistorConfig
<LI><a href="#[90]">&gt;&gt;</a>&nbsp;&nbsp;&nbsp;GPIO_DriveConfig
<LI><a href="#[8a]">&gt;&gt;</a>&nbsp;&nbsp;&nbsp;GPIO_DirectionConfig
<LI><a href="#[46]">&gt;&gt;</a>&nbsp;&nbsp;&nbsp;AFIO_GPxConfig
<LI><a href="#[53]">&gt;&gt;</a>&nbsp;&nbsp;&nbsp;_HT32F_DVB_ClockConfig
</UL>
<BR>[Called By]<UL><LI><a href="#[65]">&gt;&gt;</a>&nbsp;&nbsp;&nbsp;micro_config
</UL>

<P><STRONG><a name="[88]"></a>micro_pwm_config</STRONG> (Thumb, 284 bytes, Stack size 96 bytes, al00_micro_ht32f52241.o(.text.micro_pwm_config))
<BR><BR>[Stack]<UL><LI>Max Depth = 132<LI>Call Chain = micro_pwm_config &rArr; TM_OutputInit
</UL>
<BR>[Calls]<UL><LI><a href="#[91]">&gt;&gt;</a>&nbsp;&nbsp;&nbsp;TM_TimeBaseInit
<LI><a href="#[92]">&gt;&gt;</a>&nbsp;&nbsp;&nbsp;TM_OutputInit
<LI><a href="#[5c]">&gt;&gt;</a>&nbsp;&nbsp;&nbsp;TM_Cmd
<LI><a href="#[4a]">&gt;&gt;</a>&nbsp;&nbsp;&nbsp;TM_ClearFlag
<LI><a href="#[94]">&gt;&gt;</a>&nbsp;&nbsp;&nbsp;TM_ChannelConfig
<LI><a href="#[93]">&gt;&gt;</a>&nbsp;&nbsp;&nbsp;MCTM_CHMOECmd
<LI><a href="#[95]">&gt;&gt;</a>&nbsp;&nbsp;&nbsp;MCTM_CHBRKCTRConfig
<LI><a href="#[3e]">&gt;&gt;</a>&nbsp;&nbsp;&nbsp;CKCU_PeripClockConfig
<LI><a href="#[46]">&gt;&gt;</a>&nbsp;&nbsp;&nbsp;AFIO_GPxConfig
<LI><a href="#[8f]">&gt;&gt;</a>&nbsp;&nbsp;&nbsp;NVIC_EnableIRQ
<LI><a href="#[5b]">&gt;&gt;</a>&nbsp;&nbsp;&nbsp;TM_IntConfig
</UL>
<BR>[Called By]<UL><LI><a href="#[65]">&gt;&gt;</a>&nbsp;&nbsp;&nbsp;micro_config
</UL>

<P><STRONG><a name="[89]"></a>micro_timers_config</STRONG> (Thumb, 204 bytes, Stack size 40 bytes, al00_micro_ht32f52241.o(.text.micro_timers_config))
<BR><BR>[Stack]<UL><LI>Max Depth = 40<LI>Call Chain = micro_timers_config
</UL>
<BR>[Calls]<UL><LI><a href="#[91]">&gt;&gt;</a>&nbsp;&nbsp;&nbsp;TM_TimeBaseInit
<LI><a href="#[5d]">&gt;&gt;</a>&nbsp;&nbsp;&nbsp;TM_SetCounter
<LI><a href="#[97]">&gt;&gt;</a>&nbsp;&nbsp;&nbsp;TM_ClearIntPendingBit
<LI><a href="#[4a]">&gt;&gt;</a>&nbsp;&nbsp;&nbsp;TM_ClearFlag
<LI><a href="#[58]">&gt;&gt;</a>&nbsp;&nbsp;&nbsp;BFTM_SetCounter
<LI><a href="#[96]">&gt;&gt;</a>&nbsp;&nbsp;&nbsp;BFTM_OneShotModeCmd
<LI><a href="#[57]">&gt;&gt;</a>&nbsp;&nbsp;&nbsp;BFTM_IntConfig
<LI><a href="#[3c]">&gt;&gt;</a>&nbsp;&nbsp;&nbsp;BFTM_ClearFlag
<LI><a href="#[8f]">&gt;&gt;</a>&nbsp;&nbsp;&nbsp;NVIC_EnableIRQ
<LI><a href="#[5b]">&gt;&gt;</a>&nbsp;&nbsp;&nbsp;TM_IntConfig
</UL>
<BR>[Called By]<UL><LI><a href="#[65]">&gt;&gt;</a>&nbsp;&nbsp;&nbsp;micro_config
</UL>

<P><STRONG><a name="[21]"></a>current_sensor_i_peak_callback</STRONG> (Thumb, 8 bytes, Stack size 8 bytes, al02_inverter_3phase.o(.text.current_sensor_i_peak_callback))
<BR><BR>[Stack]<UL><LI>Max Depth = 8<LI>Call Chain = current_sensor_i_peak_callback
</UL>
<BR>[Calls]<UL><LI><a href="#[6c]">&gt;&gt;</a>&nbsp;&nbsp;&nbsp;hardware_pwm_set_counter_to_toff
</UL>
<BR>[Address Reference Count : 1]<UL><LI> al02_inverter_3phase.o(.text.inverter_3phase_init_config)
</UL>
<P><STRONG><a name="[1d]"></a>BootProcess</STRONG> (Thumb, 94 bytes, Stack size 0 bytes, startup_ht32f5xxxx_01.o(RESET))
<BR>[Address Reference Count : 1]<UL><LI> startup_ht32f5xxxx_01.o(RESET)
</UL><P>
<H3>
Undefined Global Symbols
</H3><HR></body></html>
