Component: ARM Compiler 6.16 Tool: armlink [5dfeaa00]

==============================================================================

Section Cross References

    main.o(.text.main) refers to al01_board_iq_aed_rev20191011.o(.text.board_hardware_configuration) for board_hardware_configuration
    main.o(.text.main) refers to al03_motor_3phase_driver.o(.text.motor_3phase_init) for motor_3phase_init
    main.o(.text.main) refers to al03_motor_3phase_driver.o(.text.motor_3phase_start_motor) for motor_3phase_start_motor
    main.o(.text.main) refers to ht32f5xxxx_tm.o(.text.TM_IntConfig) for TM_IntConfig
    main.o(.text.main) refers to al03_motor_3phase_driver.o(.text.motor_3phase_task) for motor_3phase_task
    main.o(.ARM.exidx.text.main) refers to main.o(.text.main) for [Anonymous Symbol]
    ht32f5xxxx_01_it.o(.ARM.exidx.text.NMI_Handler) refers to ht32f5xxxx_01_it.o(.text.NMI_Handler) for [Anonymous Symbol]
    ht32f5xxxx_01_it.o(.text.HardFault_Handler) refers to ht32f5xxxx_01_it.o(.bss.HardFault_Handler.gIsContinue) for [Anonymous Symbol]
    ht32f5xxxx_01_it.o(.ARM.exidx.text.HardFault_Handler) refers to ht32f5xxxx_01_it.o(.text.HardFault_Handler) for [Anonymous Symbol]
    ht32f5xxxx_01_it.o(.ARM.exidx.text.SVC_Handler) refers to ht32f5xxxx_01_it.o(.text.SVC_Handler) for [Anonymous Symbol]
    ht32f5xxxx_01_it.o(.ARM.exidx.text.PendSV_Handler) refers to ht32f5xxxx_01_it.o(.text.PendSV_Handler) for [Anonymous Symbol]
    al00_micro_ht32f52241.o(.ARM.exidx.text.empty_func_to_avoid_hard_fault) refers to al00_micro_ht32f52241.o(.text.empty_func_to_avoid_hard_fault) for [Anonymous Symbol]
    al00_micro_ht32f52241.o(.text.Systick_GetTick) refers to al00_micro_ht32f52241.o(.bss.TickCount) for [Anonymous Symbol]
    al00_micro_ht32f52241.o(.ARM.exidx.text.Systick_GetTick) refers to al00_micro_ht32f52241.o(.text.Systick_GetTick) for [Anonymous Symbol]
    al00_micro_ht32f52241.o(.text.SysTick_Handler) refers to al00_micro_ht32f52241.o(.bss.TickCount) for [Anonymous Symbol]
    al00_micro_ht32f52241.o(.ARM.exidx.text.SysTick_Handler) refers to al00_micro_ht32f52241.o(.text.SysTick_Handler) for [Anonymous Symbol]
    al00_micro_ht32f52241.o(.text.hardware_gpio_config_output_pp_pins_load_config) refers to al00_micro_ht32f52241.o(.rodata.GPIO_PORTs) for [Anonymous Symbol]
    al00_micro_ht32f52241.o(.text.hardware_gpio_config_output_pp_pins_load_config) refers to al00_micro_ht32f52241.o(.bss.gpio_config_output_pp_pins) for [Anonymous Symbol]
    al00_micro_ht32f52241.o(.ARM.exidx.text.hardware_gpio_config_output_pp_pins_load_config) refers to al00_micro_ht32f52241.o(.text.hardware_gpio_config_output_pp_pins_load_config) for [Anonymous Symbol]
    al00_micro_ht32f52241.o(.text.hardware_gpio_config_hiz_pins_load_config) refers to al00_micro_ht32f52241.o(.rodata.GPIO_PORTs) for [Anonymous Symbol]
    al00_micro_ht32f52241.o(.text.hardware_gpio_config_hiz_pins_load_config) refers to al00_micro_ht32f52241.o(.bss.gpio_config_hiz_pins) for [Anonymous Symbol]
    al00_micro_ht32f52241.o(.ARM.exidx.text.hardware_gpio_config_hiz_pins_load_config) refers to al00_micro_ht32f52241.o(.text.hardware_gpio_config_hiz_pins_load_config) for [Anonymous Symbol]
    al00_micro_ht32f52241.o(.text.hardware_gpio_config_edge_events_pins_load_config) refers to al00_micro_ht32f52241.o(.rodata.GPIO_PORTs) for [Anonymous Symbol]
    al00_micro_ht32f52241.o(.text.hardware_gpio_config_edge_events_pins_load_config) refers to al00_micro_ht32f52241.o(.bss.gpio_config_edge_events_pins) for [Anonymous Symbol]
    al00_micro_ht32f52241.o(.ARM.exidx.text.hardware_gpio_config_edge_events_pins_load_config) refers to al00_micro_ht32f52241.o(.text.hardware_gpio_config_edge_events_pins_load_config) for [Anonymous Symbol]
    al00_micro_ht32f52241.o(.text.hardware_gpio_config_inputs_pins_load_config) refers to al00_micro_ht32f52241.o(.rodata.GPIO_PORTs) for [Anonymous Symbol]
    al00_micro_ht32f52241.o(.text.hardware_gpio_config_inputs_pins_load_config) refers to al00_micro_ht32f52241.o(.bss.gpio_config_inputs_pins) for [Anonymous Symbol]
    al00_micro_ht32f52241.o(.ARM.exidx.text.hardware_gpio_config_inputs_pins_load_config) refers to al00_micro_ht32f52241.o(.text.hardware_gpio_config_inputs_pins_load_config) for [Anonymous Symbol]
    al00_micro_ht32f52241.o(.text.hardware_pwm_end_toff_link_callback) refers to al00_micro_ht32f52241.o(.data.func_ptr_callback_pwm_end_toff) for func_ptr_callback_pwm_end_toff
    al00_micro_ht32f52241.o(.ARM.exidx.text.hardware_pwm_end_toff_link_callback) refers to al00_micro_ht32f52241.o(.text.hardware_pwm_end_toff_link_callback) for [Anonymous Symbol]
    al00_micro_ht32f52241.o(.text.hardware_pwm_break_function_link_callback) refers to al00_micro_ht32f52241.o(.data.func_ptr_callback_pwm_break) for func_ptr_callback_pwm_break
[...]
    .text                                    0x000001a4   Section       36  init.o(.text)
    [Anonymous Symbol]                       0x000001c8   Section        0  ht32f5xxxx_adc.o(.text.ADC_Cmd)
    [Anonymous Symbol]                       0x000001da   Section        0  ht32f5xxxx_adc.o(.text.ADC_RegularChannelConfig)
    [Anonymous Symbol]                       0x000001f8   Section        0  ht32f5xxxx_adc.o(.text.ADC_RegularGroupConfig)
    __arm_cp.4_0                             0x00000218   Number         4  ht32f5xxxx_adc.o(.text.ADC_RegularGroupConfig)
    [Anonymous Symbol]                       0x0000021c   Section        0  ht32f5xxxx_adc.o(.text.ADC_RegularTrigConfig)
    [Anonymous Symbol]                       0x00000226   Section        0  ht32f5xxxx_adc.o(.text.ADC_SamplingTimeConfig)
    [Anonymous Symbol]                       0x0000022a   Section        0  ht32f5xxxx_adc.o(.text.ADC_SoftwareStartConvCmd)
    [Anonymous Symbol]                       0x0000023c   Section        0  ht32f5xxxx_gpio.o(.text.AFIO_EXTISourceConfig)
    __arm_cp.20_0                            0x00000268   Number         4  ht32f5xxxx_gpio.o(.text.AFIO_EXTISourceConfig)
    [Anonymous Symbol]                       0x0000026c   Section        0  ht32f5xxxx_gpio.o(.text.AFIO_GPxConfig)
    __arm_cp.18_0                            0x000002d0   Number         4  ht32f5xxxx_gpio.o(.text.AFIO_GPxConfig)
    [Anonymous Symbol]                       0x000002d4   Section        0  al00_micro_ht32f52241.o(.text.BFTM0_IRQHandler)
    __arm_cp.37_0                            0x000002e4   Number         4  al00_micro_ht32f52241.o(.text.BFTM0_IRQHandler)
    __arm_cp.37_1                            0x000002e8   Number         4  al00_micro_ht32f52241.o(.text.BFTM0_IRQHandler)
    [Anonymous Symbol]                       0x000002ec   Section        0  al00_micro_ht32f52241.o(.text.BFTM1_IRQHandler)
    __arm_cp.38_0                            0x000002fc   Number         4  al00_micro_ht32f52241.o(.text.BFTM1_IRQHandler)
    __arm_cp.38_1                            0x00000300   Number         4  al00_micro_ht32f52241.o(.text.BFTM1_IRQHandler)
    [Anonymous Symbol]                       0x00000304   Section        0  ht32f5xxxx_bftm.o(.text.BFTM_ClearFlag)
    [Anonymous Symbol]                       0x00000312   Section        0  ht32f5xxxx_bftm.o(.text.BFTM_EnaCmd)
    [Anonymous Symbol]                       0x00000324   Section        0  ht32f5xxxx_bftm.o(.text.BFTM_GetCounter)
    [Anonymous Symbol]                       0x00000328   Section        0  ht32f5xxxx_bftm.o(.text.BFTM_IntConfig)
    [Anonymous Symbol]                       0x00000338   Section        0  ht32f5xxxx_bftm.o(.text.BFTM_OneShotModeCmd)
    [Anonymous Symbol]                       0x0000034a   Section        0  ht32f5xxxx_bftm.o(.text.BFTM_SetCompare)
    [Anonymous Symbol]                       0x0000034e   Section        0  ht32f5xxxx_bftm.o(.text.BFTM_SetCounter)
    [Anonymous Symbol]                       0x00000354   Section        0  al00_micro_ht32f52241.o(.text.CKCU_Configuration)
    __arm_cp.27_0                            0x00000368   Number         4  al00_micro_ht32f52241.o(.text.CKCU_Configuration)
    [Anonymous Symbol]                       0x0000036c   Section        0  ht32f5xxxx_ckcu.o(.text.CKCU_GetClocksFrequency)
    __arm_cp.12_0                            0x000003d4   Number         4  ht32f5xxxx_ckcu.o(.text.CKCU_GetClocksFrequency)
    [Anonymous Symbol]                       0x000003d8   Section        0  ht32f5xxxx_ckcu.o(.text.CKCU_GetPLLFrequency)
    __arm_cp.13_0                            0x00000410   Number         4  ht32f5xxxx_ckcu.o(.text.CKCU_GetPLLFrequency)
    __arm_cp.13_1                            0x00000414   Number         4  ht32f5xxxx_ckcu.o(.text.CKCU_GetPLLFrequency)
    __arm_cp.13_2                            0x00000418   Number         4  ht32f5xxxx_ckcu.o(.text.CKCU_GetPLLFrequency)
    [Anonymous Symbol]                       0x0000041c   Section        0  ht32f5xxxx_ckcu.o(.text.CKCU_GetPeripFrequency)
    __arm_cp.15_0                            0x0000044c   Number         4  ht32f5xxxx_ckcu.o(.text.CKCU_GetPeripFrequency)
    [Anonymous Symbol]                       0x00000450   Section        0  ht32f5xxxx_ckcu.o(.text.CKCU_PeripClockConfig)
    __arm_cp.28_0                            0x00000484   Number         4  ht32f5xxxx_ckcu.o(.text.CKCU_PeripClockConfig)
    [Anonymous Symbol]                       0x00000488   Section        0  ht32f5xxxx_ckcu.o(.text.CKCU_SetADCPrescaler)
    __arm_cp.11_0                            0x0000049c   Number         4  ht32f5xxxx_ckcu.o(.text.CKCU_SetADCPrescaler)
    [Anonymous Symbol]                       0x000004a0   Section        0  al00_micro_ht32f52241.o(.text.EXTI0_1_IRQHandler)
    [Anonymous Symbol]                       0x00000504   Section        0  al00_micro_ht32f52241.o(.text.EXTI2_3_IRQHandler)
    [Anonymous Symbol]                       0x00000568   Section        0  al00_micro_ht32f52241.o(.text.EXTI4_15_IRQHandler)
    __arm_cp.42_0                            0x000007ac   Number         4  al00_micro_ht32f52241.o(.text.EXTI4_15_IRQHandler)
    __arm_cp.42_1                            0x000007b0   Number         4  al00_micro_ht32f52241.o(.text.EXTI4_15_IRQHandler)
    [Anonymous Symbol]                       0x000007b4   Section        0  ht32f5xxxx_exti.o(.text.EXTI_ClearEdgeFlag)
    [Anonymous Symbol]                       0x000007c0   Section        0  ht32f5xxxx_exti.o(.text.EXTI_GetEdgeStatus)
    __arm_cp.8_0                             0x000007e0   Number         4  ht32f5xxxx_exti.o(.text.EXTI_GetEdgeStatus)
    [Anonymous Symbol]                       0x000007e4   Section        0  ht32f5xxxx_exti.o(.text.EXTI_Init)
    __arm_cp.1_0                             0x000007fc   Number         4  ht32f5xxxx_exti.o(.text.EXTI_Init)
    [Anonymous Symbol]                       0x00000800   Section        0  ht32f5xxxx_gpio.o(.text.GPIO_DirectionConfig)
    [Anonymous Symbol]                       0x00000814   Section        0  ht32f5xxxx_gpio.o(.text.GPIO_DriveConfig)
    [Anonymous Symbol]                       0x00000846   Section        0  ht32f5xxxx_gpio.o(.text.GPIO_InputConfig)
    [Anonymous Symbol]                       0x0000085a   Section        0  ht32f5xxxx_gpio.o(.text.GPIO_PullResistorConfig)
    [Anonymous Symbol]                       0x0000088c   Section        0  ht32f5xxxx_gpio.o(.text.GPIO_ReadInBit)
    [Anonymous Symbol]                       0x00000898   Section        0  ht32_board.o(.text.HT32F_DVB_COMInit)
    __arm_cp.8_0                             0x000008e8   Number         4  ht32_board.o(.text.HT32F_DVB_COMInit)
    [Anonymous Symbol]                       0x000008ec   Section        0  ht32f5xxxx_01_it.o(.text.HardFault_Handler)
    __arm_cp.1_0                             0x000008f8   Number         4  ht32f5xxxx_01_it.o(.text.HardFault_Handler)
    [Anonymous Symbol]                       0x000008fc   Section        0  al00_micro_ht32f52241.o(.text.MCTM0_IRQHandler)
    __arm_cp.9_0                             0x0000093c   Number         4  al00_micro_ht32f52241.o(.text.MCTM0_IRQHandler)
    __arm_cp.9_1                             0x00000940   Number         4  al00_micro_ht32f52241.o(.text.MCTM0_IRQHandler)
    __arm_cp.9_2                             0x00000944   Number         4  al00_micro_ht32f52241.o(.text.MCTM0_IRQHandler)
    [Anonymous Symbol]                       0x00000948   Section        0  ht32f5xxxx_mctm.o(.text.MCTM_CHBRKCTRConfig)
    [Anonymous Symbol]                       0x00000972   Section        0  ht32f5xxxx_mctm.o(.text.MCTM_CHMOECmd)
    [Anonymous Symbol]                       0x00000984   Section        0  ht32f5xxxx_01_it.o(.text.NMI_Handler)
    [Anonymous Symbol]                       0x00000986   Section        0  al00_micro_ht32f52241.o(.text.NVIC_Configuration)
    NVIC_EnableIRQ                           0x00000995   Thumb Code    16  al00_micro_ht32f52241.o(.text.NVIC_EnableIRQ)
    [Anonymous Symbol]                       0x00000994   Section        0  al00_micro_ht32f52241.o(.text.NVIC_EnableIRQ)
    __arm_cp.47_0                            0x000009a4   Number         4  al00_micro_ht32f52241.o(.text.NVIC_EnableIRQ)
    [Anonymous Symbol]                       0x000009a8   Section        0  ht32_cm0plus_misc.o(.text.NVIC_SetVectorTable)
    __arm_cp.2_0                             0x000009b4   Number         4  ht32_cm0plus_misc.o(.text.NVIC_SetVectorTable)
    __arm_cp.2_1                             0x000009b8   Number         4  ht32_cm0plus_misc.o(.text.NVIC_SetVectorTable)
    [Anonymous Symbol]                       0x000009bc   Section        0  ht32f5xxxx_01_it.o(.text.PendSV_Handler)
    [Anonymous Symbol]                       0x000009be   Section        0  ht32_retarget.o(.text.RETARGET_Configuration)
    [Anonymous Symbol]                       0x000009dc   Section        0  al00_micro_ht32f52241.o(.text.SCTM0_IRQHandler)
    __arm_cp.23_0                            0x000009f0   Number         4  al00_micro_ht32f52241.o(.text.SCTM0_IRQHandler)
    __arm_cp.23_1                            0x000009f4   Number         4  al00_micro_ht32f52241.o(.text.SCTM0_IRQHandler)
    [Anonymous Symbol]                       0x000009f8   Section        0  al00_micro_ht32f52241.o(.text.SCTM1_IRQHandler)
    __arm_cp.24_0                            0x00000a0c   Number         4  al00_micro_ht32f52241.o(.text.SCTM1_IRQHandler)
    __arm_cp.24_1                            0x00000a10   Number         4  al00_micro_ht32f52241.o(.text.SCTM1_IRQHandler)
    [Anonymous Symbol]                       0x00000a14   Section        0  ht32f5xxxx_01_it.o(.text.SVC_Handler)
    [Anonymous Symbol]                       0x00000a18   Section        0  ht32_cm0plus_misc.o(.text.SYSTICK_ClockSourceConfig)
    [Anonymous Symbol]                       0x00000a30   Section        0  al00_micro_ht32f52241.o(.text.SYSTICK_Configuration)
    __arm_cp.29_0                            0x00000a60   Number         4  al00_micro_ht32f52241.o(.text.SYSTICK_Configuration)
    [Anonymous Symbol]                       0x00000a64   Section        0  ht32_cm0plus_misc.o(.text.SYSTICK_CounterCmd)
    [Anonymous Symbol]                       0x00000a8c   Section        0  ht32_cm0plus_misc.o(.text.SYSTICK_IntConfig)
    __arm_cp.7_0                             0x00000aa0   Number         4  ht32_cm0plus_misc.o(.text.SYSTICK_IntConfig)
    [Anonymous Symbol]                       0x00000aa4   Section        0  ht32_cm0plus_misc.o(.text.SYSTICK_SetReloadValue)
    __arm_cp.8_0                             0x00000aac   Number         4  ht32_cm0plus_misc.o(.text.SYSTICK_SetReloadValue)
    [Anonymous Symbol]                       0x00000ab0   Section        0  al00_micro_ht32f52241.o(.text.SysTick_Handler)
    [Anonymous Symbol]                       0x00000abc   Section        0  system_ht32f5xxxx_02.o(.text.SystemInit)
    __arm_cp.0_0                             0x00000b8c   Number         4  system_ht32f5xxxx_02.o(.text.SystemInit)
    __arm_cp.0_1                             0x00000b90   Number         4  system_ht32f5xxxx_02.o(.text.SystemInit)
    __arm_cp.0_2                             0x00000b94   Number         4  system_ht32f5xxxx_02.o(.text.SystemInit)
    __arm_cp.0_3                             0x00000b98   Number         4  system_ht32f5xxxx_02.o(.text.SystemInit)
    __arm_cp.0_4                             0x00000b9c   Number         4  system_ht32f5xxxx_02.o(.text.SystemInit)
    [Anonymous Symbol]                       0x00000ba0   Section        0  al00_micro_ht32f52241.o(.text.Systick_GetTick)
    __arm_cp.1_0                             0x00000ba8   Number         4  al00_micro_ht32f52241.o(.text.Systick_GetTick)
    [Anonymous Symbol]                       0x00000bac   Section        0  ht32f5xxxx_tm.o(.text.TM_ChannelConfig)
    [Anonymous Symbol]                       0x00000bc4   Section        0  al00_micro_ht32f52241.o(.text.TM_ChannelED)
    [Anonymous Symbol]                       0x00000be0   Section        0  ht32f5xxxx_tm.o(.text.TM_ClearFlag)
    [Anonymous Symbol]                       0x00000bea   Section        0  ht32f5xxxx_tm.o(.text.TM_ClearIntPendingBit)
    [Anonymous Symbol]                       0x00000bf4   Section        0  ht32f5xxxx_tm.o(.text.TM_Cmd)
    [Anonymous Symbol]                       0x00000c04   Section        0  ht32f5xxxx_tm.o(.text.TM_GetCaptureCompare)
    [Anonymous Symbol]                       0x00000c0e   Section        0  ht32f5xxxx_tm.o(.text.TM_GetFlagStatus)
    [Anonymous Symbol]                       0x00000c18   Section        0  ht32f5xxxx_tm.o(.text.TM_IntConfig)
    [Anonymous Symbol]                       0x00000c2c   Section        0  ht32f5xxxx_tm.o(.text.TM_OutputInit)
    __arm_cp.2_0                             0x00000cd8   Number         4  ht32f5xxxx_tm.o(.text.TM_OutputInit)
    [Anonymous Symbol]                       0x00000cdc   Section        0  ht32f5xxxx_tm.o(.text.TM_SetCaptureCompare)
    [Anonymous Symbol]                       0x00000ce6   Section        0  ht32f5xxxx_tm.o(.text.TM_SetCounter)
    [Anonymous Symbol]                       0x00000cec   Section        0  ht32f5xxxx_tm.o(.text.TM_SetCounterReload)
    [Anonymous Symbol]                       0x00000cf4   Section        0  ht32f5xxxx_tm.o(.text.TM_TimeBaseInit)
    __arm_cp.1_1                             0x00000d30   Number         4  ht32f5xxxx_tm.o(.text.TM_TimeBaseInit)
    [Anonymous Symbol]                       0x00000d34   Section        0  ht32f5xxxx_usart.o(.text.USART_Init)
    __arm_cp.1_0                             0x00000d84   Number         4  ht32f5xxxx_usart.o(.text.USART_Init)
    __arm_cp.1_1                             0x00000d88   Number         4  ht32f5xxxx_usart.o(.text.USART_Init)
    __arm_cp.1_2                             0x00000d8c   Number         4  ht32f5xxxx_usart.o(.text.USART_Init)
    __arm_cp.1_3                             0x00000d90   Number         4  ht32f5xxxx_usart.o(.text.USART_Init)
    __arm_cp.1_4                             0x00000d94   Number         4  ht32f5xxxx_usart.o(.text.USART_Init)
    __arm_cp.1_5                             0x00000d98   Number         4  ht32f5xxxx_usart.o(.text.USART_Init)
    [Anonymous Symbol]                       0x00000d9c   Section        0  ht32f5xxxx_usart.o(.text.USART_TxRxCmd)
    _HT32F_DVB_ClockConfig                   0x00000db5   Thumb Code    48  al00_micro_ht32f52241.o(.text._HT32F_DVB_ClockConfig)
    [Anonymous Symbol]                       0x00000db4   Section        0  al00_micro_ht32f52241.o(.text._HT32F_DVB_ClockConfig)
    [Anonymous Symbol]                       0x00000de4   Section        0  al03_motor_3phase_driver.o(.text.bemf_sense_set_type)
    [Anonymous Symbol]                       0x00000dec   Section        0  al03_motor_3phase_driver.o(.text.bemf_zcd_disable_detection_within_time_us)
    __arm_cp.24_2                            0x00000e58   Number         4  al03_motor_3phase_driver.o(.text.bemf_zcd_disable_detection_within_time_us)
    [Anonymous Symbol]                       0x00000e5c   Section        0  al03_motor_3phase_driver.o(.text.blanking_timer_expired_callback)
    __arm_cp.9_2                             0x00000efc   Number         4  al03_motor_3phase_driver.o(.text.blanking_timer_expired_callback)
    [Anonymous Symbol]                       0x00000f00   Section        0  al01_board_iq_aed_rev20191011.o(.text.board_hardware_configuration)
    __arm_cp.0_0                             0x00000f78   Number         4  al01_board_iq_aed_rev20191011.o(.text.board_hardware_configuration)
    __arm_cp.0_1                             0x00000f7c   Number         4  al01_board_iq_aed_rev20191011.o(.text.board_hardware_configuration)
    __arm_cp.0_3                             0x00000f80   Number         4  al01_board_iq_aed_rev20191011.o(.text.board_hardware_configuration)
    __arm_cp.0_4                             0x00000f84   Number         4  al01_board_iq_aed_rev20191011.o(.text.board_hardware_configuration)
    __arm_cp.0_5                             0x00000f88   Number         4  al01_board_iq_aed_rev20191011.o(.text.board_hardware_configuration)
    [Anonymous Symbol]                       0x00000f8c   Section        0  al01_board_iq_aed_rev20191011.o(.text.board_scheduler_is_time_expired)
    [Anonymous Symbol]                       0x00000fa0   Section        0  al01_board_iq_aed_rev20191011.o(.text.board_scheduler_load_timer)
    [Anonymous Symbol]                       0x00000fac   Section        0  al03_motor_3phase_driver.o(.text.calculate_zcd_expected_default)
    [Anonymous Symbol]                       0x00000fb4   Section        0  al03_motor_3phase_driver.o(.text.commutation_callback)
    __arm_cp.15_0                            0x00001060   Number         4  al03_motor_3phase_driver.o(.text.commutation_callback)
    __arm_cp.15_1                            0x00001064   Number         4  al03_motor_3phase_driver.o(.text.commutation_callback)
    __arm_cp.15_2                            0x00001068   Number         4  al03_motor_3phase_driver.o(.text.commutation_callback)
    __arm_cp.15_3                            0x0000106c   Number         4  al03_motor_3phase_driver.o(.text.commutation_callback)
    __arm_cp.15_4                            0x00001070   Number         4  al03_motor_3phase_driver.o(.text.commutation_callback)
    current_sensor_i_peak_callback           0x00001075   Thumb Code     8  al02_inverter_3phase.o(.text.current_sensor_i_peak_callback)
    [Anonymous Symbol]                       0x00001074   Section        0  al02_inverter_3phase.o(.text.current_sensor_i_peak_callback)
    [Anonymous Symbol]                       0x0000107c   Section        0  al00_micro_ht32f52241.o(.text.empty_func_to_avoid_hard_fault)
    [Anonymous Symbol]                       0x00001080   Section        0  al03_motor_3phase_driver.o(.text.end_of_toff_pwm_callback)
    __arm_cp.10_0                            0x000010bc   Number         4  al03_motor_3phase_driver.o(.text.end_of_toff_pwm_callback)
    [Anonymous Symbol]                       0x000010c0   Section        0  al03_motor_3phase_driver.o(.text.exti1_callback)
    [Anonymous Symbol]                       0x000010c8   Section        0  al03_motor_3phase_driver.o(.text.exti3_callback)
    [Anonymous Symbol]                       0x000010d0   Section        0  al03_motor_3phase_driver.o(.text.exti5_callback)
    [Anonymous Symbol]                       0x000010d8   Section        0  al00_micro_ht32f52241.o(.text.hardware_gpio_config_edge_events_pins_load_config)
    __arm_cp.5_1                             0x000010f8   Number         4  al00_micro_ht32f52241.o(.text.hardware_gpio_config_edge_events_pins_load_config)
    [Anonymous Symbol]                       0x000010fc   Section        0  al00_micro_ht32f52241.o(.text.hardware_gpio_config_hiz_pins_load_config)
    __arm_cp.4_1                             0x0000111c   Number         4  al00_micro_ht32f52241.o(.text.hardware_gpio_config_hiz_pins_load_config)
    [Anonymous Symbol]                       0x00001120   Section        0  al00_micro_ht32f52241.o(.text.hardware_gpio_config_inputs_pins_load_config)
    __arm_cp.6_1                             0x00001140   Number         4  al00_micro_ht32f52241.o(.text.hardware_gpio_config_inputs_pins_load_config)
    [Anonymous Symbol]                       0x00001144   Section        0  al00_micro_ht32f52241.o(.text.hardware_gpio_config_output_pp_pins_load_config)
    __arm_cp.3_0                             0x00001164   Number         4  al00_micro_ht32f52241.o(.text.hardware_gpio_config_output_pp_pins_load_config)
    __arm_cp.3_1                             0x00001168   Number         4  al00_micro_ht32f52241.o(.text.hardware_gpio_config_output_pp_pins_load_config)
    [Anonymous Symbol]                       0x0000116c   Section        0  al00_micro_ht32f52241.o(.text.hardware_gpio_event_rising_event_link_callback)
    __arm_cp.43_0                            0x00001180   Number         4  al00_micro_ht32f52241.o(.text.hardware_gpio_event_rising_event_link_callback)
    [Anonymous Symbol]                       0x00001184   Section        0  al00_micro_ht32f52241.o(.text.hardware_htim_link_callback)
    [Anonymous Symbol]                       0x000011ac   Section        0  al00_micro_ht32f52241.o(.text.hardware_pwm_break_function_link_callback)
    __arm_cp.8_0                             0x000011b4   Number         4  al00_micro_ht32f52241.o(.text.hardware_pwm_break_function_link_callback)
    [Anonymous Symbol]                       0x000011b8   Section        0  al00_micro_ht32f52241.o(.text.hardware_pwm_end_toff_link_callback)
    __arm_cp.7_0                             0x000011c0   Number         4  al00_micro_ht32f52241.o(.text.hardware_pwm_end_toff_link_callback)
    [Anonymous Symbol]                       0x000011c4   Section        0  al00_micro_ht32f52241.o(.text.hardware_pwm_get_ton_us)
    [Anonymous Symbol]                       0x000011d8   Section        0  al00_micro_ht32f52241.o(.text.hardware_pwm_set_counter_to_toff)
    __arm_cp.19_0                            0x000011fc   Number         4  al00_micro_ht32f52241.o(.text.hardware_pwm_set_counter_to_toff)
    [Anonymous Symbol]                       0x00001200   Section        0  al00_micro_ht32f52241.o(.text.hardware_pwm_set_period_us)
    __arm_cp.10_0                            0x0000121c   Number         4  al00_micro_ht32f52241.o(.text.hardware_pwm_set_period_us)
    __arm_cp.10_1                            0x00001220   Number         4  al00_micro_ht32f52241.o(.text.hardware_pwm_set_period_us)
    [Anonymous Symbol]                       0x00001224   Section        0  al00_micro_ht32f52241.o(.text.hardware_pwm_set_sense_on_toff_before_ton_us)
    [Anonymous Symbol]                       0x0000122c   Section        0  al00_micro_ht32f52241.o(.text.hardware_pwm_set_toff_us)
    [Anonymous Symbol]                       0x00001288   Section        0  al00_micro_ht32f52241.o(.text.hardware_pwm_set_ton_us)
    __arm_cp.12_0                            0x0000131c   Number         4  al00_micro_ht32f52241.o(.text.hardware_pwm_set_ton_us)
    __arm_cp.12_1                            0x00001320   Number         4  al00_micro_ht32f52241.o(.text.hardware_pwm_set_ton_us)
    [Anonymous Symbol]                       0x00001324   Section        0  al00_micro_ht32f52241.o(.text.hardware_pwm_start_with_ton)
    __arm_cp.17_0                            0x0000133c   Number         4  al00_micro_ht32f52241.o(.text.hardware_pwm_start_with_ton)
    [Anonymous Symbol]                       0x00001340   Section        0  al02_inverter_3phase.o(.text.inverter_3phase_comm_next_seq)
    [Anonymous Symbol]                       0x0000137c   Section        0  al02_inverter_3phase.o(.text.inverter_3phase_comm_set_seq)
    __arm_cp.2_1                             0x00001624   Number         4  al02_inverter_3phase.o(.text.inverter_3phase_comm_set_seq)
    __arm_cp.2_2                             0x00001628   Number         4  al02_inverter_3phase.o(.text.inverter_3phase_comm_set_seq)
    __arm_cp.2_3                             0x0000162c   Number         4  al02_inverter_3phase.o(.text.inverter_3phase_comm_set_seq)
    __arm_cp.2_4                             0x00001630   Number         4  al02_inverter_3phase.o(.text.inverter_3phase_comm_set_seq)
    [Anonymous Symbol]                       0x00001634   Section        0  al02_inverter_3phase.o(.text.inverter_3phase_get_actual_bemf_out)
    [Anonymous Symbol]                       0x00001658   Section        0  al02_inverter_3phase.o(.text.inverter_3phase_get_actual_bemf_slope)
    __arm_cp.11_1                            0x00001674   Number         4  al02_inverter_3phase.o(.text.inverter_3phase_get_actual_bemf_slope)
    [Anonymous Symbol]                       0x00001678   Section        0  al02_inverter_3phase.o(.text.inverter_3phase_init_config)
    __arm_cp.0_1                             0x000016c4   Number         4  al02_inverter_3phase.o(.text.inverter_3phase_init_config)
    [Anonymous Symbol]                       0x000016c8   Section        0  al02_inverter_3phase.o(.text.inverter_3phase_set_comm_direction)
    __arm_cp.5_0                             0x000016dc   Number         4  al02_inverter_3phase.o(.text.inverter_3phase_set_comm_direction)
    [Anonymous Symbol]                       0x000016e0   Section        0  al03_motor_3phase_driver.o(.text.link_zcd_expected_calculate_function)
    __arm_cp.16_0                            0x000016e8   Number         4  al03_motor_3phase_driver.o(.text.link_zcd_expected_calculate_function)
    [Anonymous Symbol]                       0x000016ec   Section        0  main.o(.text.main)
    __arm_cp.0_0                             0x00001708   Number         4  main.o(.text.main)
    micro_adc_config                         0x0000170d   Thumb Code   152  al00_micro_ht32f52241.o(.text.micro_adc_config)
    [Anonymous Symbol]                       0x0000170c   Section        0  al00_micro_ht32f52241.o(.text.micro_adc_config)
    __arm_cp.36_0                            0x000017a4   Number         4  al00_micro_ht32f52241.o(.text.micro_adc_config)
    [Anonymous Symbol]                       0x000017a8   Section        0  al00_micro_ht32f52241.o(.text.micro_config)
    micro_gpios_edge_events_config           0x000017d9   Thumb Code   384  al00_micro_ht32f52241.o(.text.micro_gpios_edge_events_config)
    [Anonymous Symbol]                       0x000017d8   Section        0  al00_micro_ht32f52241.o(.text.micro_gpios_edge_events_config)
    __arm_cp.33_0                            0x00001958   Number         4  al00_micro_ht32f52241.o(.text.micro_gpios_edge_events_config)
    __arm_cp.33_2                            0x0000195c   Number         4  al00_micro_ht32f52241.o(.text.micro_gpios_edge_events_config)
    __arm_cp.33_3                            0x00001960   Number         4  al00_micro_ht32f52241.o(.text.micro_gpios_edge_events_config)
    __arm_cp.33_4                            0x00001964   Number         4  al00_micro_ht32f52241.o(.text.micro_gpios_edge_events_config)
    micro_gpios_hiz_config                   0x00001969   Thumb Code   108  al00_micro_ht32f52241.o(.text.micro_gpios_hiz_config)
    [Anonymous Symbol]                       0x00001968   Section        0  al00_micro_ht32f52241.o(.text.micro_gpios_hiz_config)
    __arm_cp.32_0                            0x000019d4   Number         4  al00_micro_ht32f52241.o(.text.micro_gpios_hiz_config)
    micro_gpios_inputs_pullup_config         0x000019d9   Thumb Code   112  al00_micro_ht32f52241.o(.text.micro_gpios_inputs_pullup_config)
    [Anonymous Symbol]                       0x000019d8   Section        0  al00_micro_ht32f52241.o(.text.micro_gpios_inputs_pullup_config)
    __arm_cp.31_0                            0x00001a48   Number         4  al00_micro_ht32f52241.o(.text.micro_gpios_inputs_pullup_config)
    micro_gpios_outputs_pp_config            0x00001a4d   Thumb Code   120  al00_micro_ht32f52241.o(.text.micro_gpios_outputs_pp_config)
    [Anonymous Symbol]                       0x00001a4c   Section        0  al00_micro_ht32f52241.o(.text.micro_gpios_outputs_pp_config)
    __arm_cp.30_0                            0x00001ac4   Number         4  al00_micro_ht32f52241.o(.text.micro_gpios_outputs_pp_config)
    __arm_cp.30_1                            0x00001ac8   Number         4  al00_micro_ht32f52241.o(.text.micro_gpios_outputs_pp_config)
    micro_pwm_config                         0x00001acd   Thumb Code   272  al00_micro_ht32f52241.o(.text.micro_pwm_config)
    [Anonymous Symbol]                       0x00001acc   Section        0  al00_micro_ht32f52241.o(.text.micro_pwm_config)
    __arm_cp.34_0                            0x00001bdc   Number         4  al00_micro_ht32f52241.o(.text.micro_pwm_config)
    __arm_cp.34_2                            0x00001be0   Number         4  al00_micro_ht32f52241.o(.text.micro_pwm_config)
    __arm_cp.34_3                            0x00001be4   Number         4  al00_micro_ht32f52241.o(.text.micro_pwm_config)
    micro_timers_config                      0x00001be9   Thumb Code   204  al00_micro_ht32f52241.o(.text.micro_timers_config)
    [Anonymous Symbol]                       0x00001be8   Section        0  al00_micro_ht32f52241.o(.text.micro_timers_config)
    __arm_cp.35_2                            0x00001cb4   Number         4  al00_micro_ht32f52241.o(.text.micro_timers_config)
    __arm_cp.35_3                            0x00001cb8   Number         4  al00_micro_ht32f52241.o(.text.micro_timers_config)
    __arm_cp.35_4                            0x00001cbc   Number         4  al00_micro_ht32f52241.o(.text.micro_timers_config)
    [Anonymous Symbol]                       0x00001cc0   Section        0  al03_motor_3phase_driver.o(.text.motor_3phase_abort_motor)
    __arm_cp.21_0                            0x00001d50   Number         4  al03_motor_3phase_driver.o(.text.motor_3phase_abort_motor)
    __arm_cp.21_3                            0x00001d54   Number         4  al03_motor_3phase_driver.o(.text.motor_3phase_abort_motor)
    [Anonymous Symbol]                       0x00001d58   Section        0  al03_motor_3phase_driver.o(.text.motor_3phase_init)
    __arm_cp.8_0                             0x00001dd8   Number         4  al03_motor_3phase_driver.o(.text.motor_3phase_init)
    __arm_cp.8_1                             0x00001ddc   Number         4  al03_motor_3phase_driver.o(.text.motor_3phase_init)
    __arm_cp.8_2                             0x00001de0   Number         4  al03_motor_3phase_driver.o(.text.motor_3phase_init)
    __arm_cp.8_3                             0x00001de4   Number         4  al03_motor_3phase_driver.o(.text.motor_3phase_init)
    __arm_cp.8_4                             0x00001de8   Number         4  al03_motor_3phase_driver.o(.text.motor_3phase_init)
    __arm_cp.8_5                             0x00001dec   Number         4  al03_motor_3phase_driver.o(.text.motor_3phase_init)
    __arm_cp.8_6                             0x00001df0   Number         4  al03_motor_3phase_driver.o(.text.motor_3phase_init)
    __arm_cp.8_7                             0x00001df4   Number         4  al03_motor_3phase_driver.o(.text.motor_3phase_init)
    __arm_cp.8_8                             0x00001df8   Number         4  al03_motor_3phase_driver.o(.text.motor_3phase_init)
    __arm_cp.8_10                            0x00001dfc   Number         4  al03_motor_3phase_driver.o(.text.motor_3phase_init)
    [Anonymous Symbol]                       0x00001e00   Section        0  al03_motor_3phase_driver.o(.text.motor_3phase_set_motor_direction)
    [Anonymous Symbol]                       0x00001e20   Section        0  al03_motor_3phase_driver.o(.text.motor_3phase_set_pwm_ton_us_set_point)
    [Anonymous Symbol]                       0x00001e48   Section        0  al03_motor_3phase_driver.o(.text.motor_3phase_start_motor)
    [Anonymous Symbol]                       0x00001e68   Section        0  al03_motor_3phase_driver.o(.text.motor_3phase_starting_state_machine)
    __arm_cp.19_1                            0x0000203c   Number         4  al03_motor_3phase_driver.o(.text.motor_3phase_starting_state_machine)
    __arm_cp.19_2                            0x00002040   Number         4  al03_motor_3phase_driver.o(.text.motor_3phase_starting_state_machine)
    __arm_cp.19_3                            0x00002044   Number         4  al03_motor_3phase_driver.o(.text.motor_3phase_starting_state_machine)
    __arm_cp.19_4                            0x00002048   Number         4  al03_motor_3phase_driver.o(.text.motor_3phase_starting_state_machine)
    __arm_cp.19_5                            0x0000204c   Number         4  al03_motor_3phase_driver.o(.text.motor_3phase_starting_state_machine)
    __arm_cp.19_6                            0x00002050   Number         4  al03_motor_3phase_driver.o(.text.motor_3phase_starting_state_machine)
    __arm_cp.19_7                            0x00002054   Number         4  al03_motor_3phase_driver.o(.text.motor_3phase_starting_state_machine)
    __arm_cp.19_8                            0x00002058   Number         4  al03_motor_3phase_driver.o(.text.motor_3phase_starting_state_machine)
    __arm_cp.19_9                            0x0000205c   Number         4  al03_motor_3phase_driver.o(.text.motor_3phase_starting_state_machine)
    __arm_cp.19_11                           0x00002060   Number         4  al03_motor_3phase_driver.o(.text.motor_3phase_starting_state_machine)
    __arm_cp.19_12                           0x00002064   Number         4  al03_motor_3phase_driver.o(.text.motor_3phase_starting_state_machine)
    [Anonymous Symbol]                       0x00002068   Section        0  al03_motor_3phase_driver.o(.text.motor_3phase_task)
    [Anonymous Symbol]                       0x00002084   Section        0  al03_motor_3phase_driver.o(.text.motor_watchdog_callback)
    [Anonymous Symbol]                       0x00002090   Section        0  al03_motor_3phase_driver.o(.text.zcd_event)
    __arm_cp.28_0                            0x000020c4   Number         4  al03_motor_3phase_driver.o(.text.zcd_event)
    [Anonymous Symbol]                       0x000020c8   Section        0  al03_motor_3phase_driver.o(.text.zcd_event_correct_timing_comm)
    __arm_cp.27_0                            0x00002148   Number         4  al03_motor_3phase_driver.o(.text.zcd_event_correct_timing_comm)
    __arm_cp.27_1                            0x0000214c   Number         4  al03_motor_3phase_driver.o(.text.zcd_event_correct_timing_comm)
    __arm_cp.27_4                            0x00002150   Number         4  al03_motor_3phase_driver.o(.text.zcd_event_correct_timing_comm)
    [Anonymous Symbol]                       0x00002154   Section        0  al03_motor_3phase_driver.o(.text.zcd_event_first_steps_state)
    __arm_cp.25_0                            0x00002204   Number         4  al03_motor_3phase_driver.o(.text.zcd_event_first_steps_state)
    __arm_cp.25_1                            0x00002208   Number         4  al03_motor_3phase_driver.o(.text.zcd_event_first_steps_state)
    __arm_cp.25_3                            0x0000220c   Number         4  al03_motor_3phase_driver.o(.text.zcd_event_first_steps_state)
    [Anonymous Symbol]                       0x00002210   Section        0  al03_motor_3phase_driver.o(.text.zcd_event_freewheel_period_measure)
    __arm_cp.26_0                            0x00002354   Number         4  al03_motor_3phase_driver.o(.text.zcd_event_freewheel_period_measure)
    __arm_cp.26_1                            0x00002358   Number         4  al03_motor_3phase_driver.o(.text.zcd_event_freewheel_period_measure)
    __arm_cp.26_2                            0x0000235c   Number         4  al03_motor_3phase_driver.o(.text.zcd_event_freewheel_period_measure)
    __arm_cp.26_3                            0x00002360   Number         4  al03_motor_3phase_driver.o(.text.zcd_event_freewheel_period_measure)
    __arm_cp.26_4                            0x00002364   Number         4  al03_motor_3phase_driver.o(.text.zcd_event_freewheel_period_measure)
    __arm_cp.26_5                            0x00002368   Number         4  al03_motor_3phase_driver.o(.text.zcd_event_freewheel_period_measure)
    __arm_cp.26_6                            0x0000236c   Number         4  al03_motor_3phase_driver.o(.text.zcd_event_freewheel_period_measure)
    __arm_cp.26_7                            0x00002370   Number         4  al03_motor_3phase_driver.o(.text.zcd_event_freewheel_period_measure)
    i.__scatterload_copy                     0x00002374   Section       14  handlers.o(i.__scatterload_copy)
    i.__scatterload_null                     0x00002382   Section        2  handlers.o(i.__scatterload_null)
    i.__scatterload_zeroinit                 0x00002384   Section       14  handlers.o(i.__scatterload_zeroinit)
    GPIO_PORTs                               0x00002394   Data          12  al00_micro_ht32f52241.o(.rodata.GPIO_PORTs)
    [Anonymous Symbol]                       0x00002394   Section        0  al00_micro_ht32f52241.o(.rodata.GPIO_PORTs)
    inverter_actual_comm_seq                 0x2000009c   Data           4  al02_inverter_3phase.o(.data.inverter_actual_comm_seq)
    [Anonymous Symbol]                       0x2000009c   Section        0  al02_inverter_3phase.o(.data.inverter_actual_comm_seq)
    pwm_time_before_ton_start_us             0x200000a0   Data           4  al00_micro_ht32f52241.o(.data.pwm_time_before_ton_start_us)
    [Anonymous Symbol]                       0x200000a0   Section        0  al00_micro_ht32f52241.o(.data.pwm_time_before_ton_start_us)
    HardFault_Handler.gIsContinue            0x200000a8   Data           4  ht32f5xxxx_01_it.o(.bss.HardFault_Handler.gIsContinue)
    [Anonymous Symbol]                       0x200000a8   Section        0  ht32f5xxxx_01_it.o(.bss.HardFault_Handler.gIsContinue)
    TickCount                                0x200000ac   Data           4  al00_micro_ht32f52241.o(.bss.TickCount)
    [Anonymous Symbol]                       0x200000ac   Section        0  al00_micro_ht32f52241.o(.bss.TickCount)
    gpio_config_edge_events_pins             0x200000b4   Data          12  al00_micro_ht32f52241.o(.bss.gpio_config_edge_events_pins)
    [Anonymous Symbol]                       0x200000b4   Section        0  al00_micro_ht32f52241.o(.bss.gpio_config_edge_events_pins)
    gpio_config_hiz_pins                     0x200000c0   Data          12  al00_micro_ht32f52241.o(.bss.gpio_config_hiz_pins)
    [Anonymous Symbol]                       0x200000c0   Section        0  al00_micro_ht32f52241.o(.bss.gpio_config_hiz_pins)
    gpio_config_inputs_pins                  0x200000cc   Data          12  al00_micro_ht32f52241.o(.bss.gpio_config_inputs_pins)
    [Anonymous Symbol]                       0x200000cc   Section        0  al00_micro_ht32f52241.o(.bss.gpio_config_inputs_pins)
    gpio_config_output_pp_pins               0x200000d8   Data          12  al00_micro_ht32f52241.o(.bss.gpio_config_output_pp_pins)
    [Anonymous Symbol]                       0x200000d8   Section        0  al00_micro_ht32f52241.o(.bss.gpio_config_output_pp_pins)
    gv                                       0x200000e4   Data          84  al03_motor_3phase_driver.o(.bss.gv)
    [Anonymous Symbol]                       0x200000e4   Section        0  al03_motor_3phase_driver.o(.bss.gv)
    inverter_comm_direction                  0x20000138   Data           4  al02_inverter_3phase.o(.bss.inverter_comm_direction)
    [Anonymous Symbol]                       0x20000138   Section        0  al02_inverter_3phase.o(.bss.inverter_comm_direction)
    motor_3phase_starting_state_machine.timer_alineacion 0x2000013c   Data           4  al03_motor_3phase_driver.o(.bss.motor_3phase_starting_state_machine.timer_alineacion)
    [Anonymous Symbol]                       0x2000013c   Section        0  al03_motor_3phase_driver.o(.bss.motor_3phase_starting_state_machine.timer_alineacion)
    motor_3phase_starting_state_machine.timer_bootstrap 0x20000140   Data           4  al03_motor_3phase_driver.o(.bss.motor_3phase_starting_state_machine.timer_bootstrap)
    [Anonymous Symbol]                       0x20000140   Section        0  al03_motor_3phase_driver.o(.bss.motor_3phase_starting_state_machine.timer_bootstrap)
    motor_3phase_starting_state_machine.timer_ramp 0x20000144   Data           4  al03_motor_3phase_driver.o(.bss.motor_3phase_starting_state_machine.timer_ramp)
    [Anonymous Symbol]                       0x20000144   Section        0  al03_motor_3phase_driver.o(.bss.motor_3phase_starting_state_machine.timer_ramp)
    motor_3phase_starting_state_machine.timer_to_running 0x20000148   Data           4  al03_motor_3phase_driver.o(.bss.motor_3phase_starting_state_machine.timer_to_running)
    [Anonymous Symbol]                       0x20000148   Section        0  al03_motor_3phase_driver.o(.bss.motor_3phase_starting_state_machine.timer_to_running)
    STACK                                    0x20000150   Section      512  startup_ht32f5xxxx_01.o(STACK)

    Global Symbols

    Symbol Name                              Value     Ov Type        Size  Object(Section)

    BuildAttributes$$THM_ISAv3M$S$PE$A:L22$X:L11$S22$IEEE1$IW$~IW$USESV6$~STKCKD$USESV7$~SHL$OTIME$ROPI$EBA8$MICROLIB$REQ8$PRES8$EABIv2 0x00000000   Number         0  anon$$obj.o ABSOLUTE
    __Vectors                                0x00000000   Data           0  startup_ht32f5xxxx_01.o(RESET)
    _printf_a                                0x00000000   Number         0  printfstubs.o ABSOLUTE
    _printf_c                                0x00000000   Number         0  printfstubs.o ABSOLUTE
    _printf_charcount                        0x00000000   Number         0  printfstubs.o ABSOLUTE
    _printf_d                                0x00000000   Number         0  printfstubs.o ABSOLUTE
    _printf_e                                0x00000000   Number         0  printfstubs.o ABSOLUTE
    _printf_f                                0x00000000   Number         0  printfstubs.o ABSOLUTE
    _printf_flags                            0x00000000   Number         0  printfstubs.o ABSOLUTE
    _printf_fp_dec                           0x00000000   Number         0  printfstubs.o ABSOLUTE
    _printf_fp_hex                           0x00000000   Number         0  printfstubs.o ABSOLUTE
    _printf_g                                0x00000000   Number         0  printfstubs.o ABSOLUTE
    _printf_i                                0x00000000   Number         0  printfstubs.o ABSOLUTE
    _printf_int_dec                          0x00000000   Number         0  printfstubs.o ABSOLUTE
    _printf_l                                0x00000000   Number         0  printfstubs.o ABSOLUTE
    _printf_lc                               0x00000000   Number         0  printfstubs.o ABSOLUTE
    _printf_ll                               0x00000000   Number         0  printfstubs.o ABSOLUTE
    _printf_lld                              0x00000000   Number         0  printfstubs.o ABSOLUTE
    _printf_lli                              0x00000000   Number         0  printfstubs.o ABSOLUTE
    _printf_llo                              0x00000000   Number         0  printfstubs.o ABSOLUTE
    _printf_llu                              0x00000000   Number         0  printfstubs.o ABSOLUTE
    _printf_llx                              0x00000000   Number         0  printfstubs.o ABSOLUTE
    _printf_longlong_dec                     0x00000000   Number         0  printfstubs.o ABSOLUTE
    _printf_longlong_hex                     0x00000000   Number         0  printfstubs.o ABSOLUTE
    _printf_longlong_oct                     0x00000000   Number         0  printfstubs.o ABSOLUTE
    _printf_ls                               0x00000000   Number         0  printfstubs.o ABSOLUTE
    _printf_mbtowc                           0x00000000   Number         0  printfstubs.o ABSOLUTE
    _printf_n                                0x00000000   Number         0  printfstubs.o ABSOLUTE
    _printf_o                                0x00000000   Number         0  printfstubs.o ABSOLUTE
    _printf_p                                0x00000000   Number         0  printfstubs.o ABSOLUTE
    _printf_percent                          0x00000000   Number         0  printfstubs.o ABSOLUTE
    _printf_pre_padding                      0x00000000   Number         0  printfstubs.o ABSOLUTE
    _printf_return_value                     0x00000000   Number         0  printfstubs.o ABSOLUTE
    _printf_s                                0x00000000   Number         0  printfstubs.o ABSOLUTE
    _printf_sizespec                         0x00000000   Number         0  printfstubs.o ABSOLUTE
    _printf_str                              0x00000000   Number         0  printfstubs.o ABSOLUTE
    _printf_truncate_signed                  0x00000000   Number         0  printfstubs.o ABSOLUTE
    _printf_truncate_unsigned                0x00000000   Number         0  printfstubs.o ABSOLUTE
    _printf_u                                0x00000000   Number         0  printfstubs.o ABSOLUTE
    _printf_wc                               0x00000000   Number         0  printfstubs.o ABSOLUTE
    _printf_wctomb                           0x00000000   Number         0  printfstubs.o ABSOLUTE
    _printf_widthprec                        0x00000000   Number         0  printfstubs.o ABSOLUTE
    _printf_x                                0x00000000   Number         0  printfstubs.o ABSOLUTE
    __cpp_initialize__aeabi_                  - Undefined Weak Reference
    __cxa_finalize                            - Undefined Weak Reference
    __decompress                              - Undefined Weak Reference
    _clock_init                               - Undefined Weak Reference
    _microlib_exit                            - Undefined Weak Reference
    Reset_Handler                            0x000000ad   Thumb Code    12  startup_ht32f5xxxx_01.o(RESET)
    ADC_IRQHandler                           0x00000121   Thumb Code     0  startup_ht32f5xxxx_01.o(RESET)
    AES_IRQHandler                           0x00000121   Thumb Code     0  startup_ht32f5xxxx_01.o(RESET)
    COMP_IRQHandler                          0x00000121   Thumb Code     0  startup_ht32f5xxxx_01.o(RESET)
    EVWUP_IRQHandler                         0x00000121   Thumb Code     0  startup_ht32f5xxxx_01.o(RESET)
    FLASH_IRQHandler                         0x00000121   Thumb Code     0  startup_ht32f5xxxx_01.o(RESET)
    GPTM0_IRQHandler                         0x00000121   Thumb Code     0  startup_ht32f5xxxx_01.o(RESET)
    GPTM1_IRQHandler                         0x00000121   Thumb Code     0  startup_ht32f5xxxx_01.o(RESET)
    I2C0_IRQHandler                          0x00000121   Thumb Code     0  startup_ht32f5xxxx_01.o(RESET)
    I2C1_IRQHandler                          0x00000121   Thumb Code     0  startup_ht32f5xxxx_01.o(RESET)
    I2C2_IRQHandler                          0x00000121   Thumb Code     0  startup_ht32f5xxxx_01.o(RESET)
    I2S_IRQHandler                           0x00000121   Thumb Code     0  startup_ht32f5xxxx_01.o(RESET)
    LVD_BOD_IRQHandler                       0x00000121   Thumb Code     0  startup_ht32f5xxxx_01.o(RESET)
    MIDI_IRQHandler                          0x00000121   Thumb Code     0  startup_ht32f5xxxx_01.o(RESET)
    PDMA_CH0_1_IRQHandler                    0x00000121   Thumb Code     0  startup_ht32f5xxxx_01.o(RESET)
    PDMA_CH2_5_IRQHandler                    0x00000121   Thumb Code     0  startup_ht32f5xxxx_01.o(RESET)
    PWM0_IRQHandler                          0x00000121   Thumb Code     0  startup_ht32f5xxxx_01.o(RESET)
    PWM1_IRQHandler                          0x00000121   Thumb Code     0  startup_ht32f5xxxx_01.o(RESET)
    QSPI_IRQHandler                          0x00000121   Thumb Code     0  startup_ht32f5xxxx_01.o(RESET)
    RTC_IRQHandler                           0x00000121   Thumb Code     0  startup_ht32f5xxxx_01.o(RESET)
    SCI_IRQHandler                           0x00000121   Thumb Code     0  startup_ht32f5xxxx_01.o(RESET)
    SCTM2_IRQHandler                         0x00000121   Thumb Code     0  startup_ht32f5xxxx_01.o(RESET)
    SCTM3_IRQHandler                         0x00000121   Thumb Code     0  startup_ht32f5xxxx_01.o(RESET)
    SPI0_IRQHandler                          0x00000121   Thumb Code     0  startup_ht32f5xxxx_01.o(RESET)
    SPI1_IRQHandler                          0x00000121   Thumb Code     0  startup_ht32f5xxxx_01.o(RESET)
    UART0_IRQHandler                         0x00000121   Thumb Code     0  startup_ht32f5xxxx_01.o(RESET)
    UART1_IRQHandler                         0x00000121   Thumb Code     0  startup_ht32f5xxxx_01.o(RESET)
    UART2_IRQHandler                         0x00000121   Thumb Code     0  startup_ht32f5xxxx_01.o(RESET)
    UART3_IRQHandler                         0x00000121   Thumb Code     0  startup_ht32f5xxxx_01.o(RESET)
    USART0_IRQHandler                        0x00000121   Thumb Code     0  startup_ht32f5xxxx_01.o(RESET)
    USART1_IRQHandler                        0x00000121   Thumb Code     0  startup_ht32f5xxxx_01.o(RESET)
    USB_IRQHandler                           0x00000121   Thumb Code     0  startup_ht32f5xxxx_01.o(RESET)
    __main                                   0x00000151   Thumb Code     0  entry.o(.ARM.Collect$$$$00000000)
    _main_stk                                0x00000151   Thumb Code     0  entry2.o(.ARM.Collect$$$$00000001)
    _main_scatterload                        0x00000155   Thumb Code     0  entry5.o(.ARM.Collect$$$$00000004)
    __main_after_scatterload                 0x00000159   Thumb Code     0  entry5.o(.ARM.Collect$$$$00000004)
    _main_clock                              0x00000159   Thumb Code     0  entry7b.o(.ARM.Collect$$$$00000008)
    _main_cpp_init                           0x00000159   Thumb Code     0  entry8b.o(.ARM.Collect$$$$0000000A)
    _main_init                               0x00000159   Thumb Code     0  entry9a.o(.ARM.Collect$$$$0000000B)
    __rt_final_cpp                           0x00000161   Thumb Code     0  entry10a.o(.ARM.Collect$$$$0000000D)
    __rt_final_exit                          0x00000161   Thumb Code     0  entry11a.o(.ARM.Collect$$$$0000000F)
    __aeabi_uidiv                            0x00000165   Thumb Code     0  uidiv_div0.o(.text)
    __aeabi_uidivmod                         0x00000165   Thumb Code    62  uidiv_div0.o(.text)
    __scatterload                            0x000001a5   Thumb Code    28  init.o(.text)
    __scatterload_rt2                        0x000001a5   Thumb Code     0  init.o(.text)
    ADC_Cmd                                  0x000001c9   Thumb Code    18  ht32f5xxxx_adc.o(.text.ADC_Cmd)
    ADC_RegularChannelConfig                 0x000001db   Thumb Code    28  ht32f5xxxx_adc.o(.text.ADC_RegularChannelConfig)
    ADC_RegularGroupConfig                   0x000001f9   Thumb Code    32  ht32f5xxxx_adc.o(.text.ADC_RegularGroupConfig)
    ADC_RegularTrigConfig                    0x0000021d   Thumb Code    10  ht32f5xxxx_adc.o(.text.ADC_RegularTrigConfig)
    ADC_SamplingTimeConfig                   0x00000227   Thumb Code     4  ht32f5xxxx_adc.o(.text.ADC_SamplingTimeConfig)
    ADC_SoftwareStartConvCmd                 0x0000022b   Thumb Code    16  ht32f5xxxx_adc.o(.text.ADC_SoftwareStartConvCmd)
    AFIO_EXTISourceConfig                    0x0000023d   Thumb Code    44  ht32f5xxxx_gpio.o(.text.AFIO_EXTISourceConfig)
    AFIO_GPxConfig                           0x0000026d   Thumb Code   100  ht32f5xxxx_gpio.o(.text.AFIO_GPxConfig)
    BFTM0_IRQHandler                         0x000002d5   Thumb Code    16  al00_micro_ht32f52241.o(.text.BFTM0_IRQHandler)
    BFTM1_IRQHandler                         0x000002ed   Thumb Code    16  al00_micro_ht32f52241.o(.text.BFTM1_IRQHandler)
    BFTM_ClearFlag                           0x00000305   Thumb Code    14  ht32f5xxxx_bftm.o(.text.BFTM_ClearFlag)
    BFTM_EnaCmd                              0x00000313   Thumb Code    18  ht32f5xxxx_bftm.o(.text.BFTM_EnaCmd)
    BFTM_GetCounter                          0x00000325   Thumb Code     4  ht32f5xxxx_bftm.o(.text.BFTM_GetCounter)
    BFTM_IntConfig                           0x00000329   Thumb Code    16  ht32f5xxxx_bftm.o(.text.BFTM_IntConfig)
    BFTM_OneShotModeCmd                      0x00000339   Thumb Code    18  ht32f5xxxx_bftm.o(.text.BFTM_OneShotModeCmd)
    BFTM_SetCompare                          0x0000034b   Thumb Code     4  ht32f5xxxx_bftm.o(.text.BFTM_SetCompare)
    BFTM_SetCounter                          0x0000034f   Thumb Code     4  ht32f5xxxx_bftm.o(.text.BFTM_SetCounter)
    CKCU_Configuration                       0x00000355   Thumb Code    20  al00_micro_ht32f52241.o(.text.CKCU_Configuration)
    CKCU_GetClocksFrequency                  0x0000036d   Thumb Code   104  ht32f5xxxx_ckcu.o(.text.CKCU_GetClocksFrequency)
    CKCU_GetPLLFrequency                     0x000003d9   Thumb Code    56  ht32f5xxxx_ckcu.o(.text.CKCU_GetPLLFrequency)
    CKCU_GetPeripFrequency                   0x0000041d   Thumb Code    48  ht32f5xxxx_ckcu.o(.text.CKCU_GetPeripFrequency)
    CKCU_PeripClockConfig                    0x00000451   Thumb Code    52  ht32f5xxxx_ckcu.o(.text.CKCU_PeripClockConfig)
    CKCU_SetADCPrescaler                     0x00000489   Thumb Code    20  ht32f5xxxx_ckcu.o(.text.CKCU_SetADCPrescaler)
    EXTI0_1_IRQHandler                       0x000004a1   Thumb Code   100  al00_micro_ht32f52241.o(.text.EXTI0_1_IRQHandler)
    EXTI2_3_IRQHandler                       0x00000505   Thumb Code   100  al00_micro_ht32f52241.o(.text.EXTI2_3_IRQHandler)
    EXTI4_15_IRQHandler                      0x00000569   Thumb Code   580  al00_micro_ht32f52241.o(.text.EXTI4_15_IRQHandler)
    EXTI_ClearEdgeFlag                       0x000007b5   Thumb Code    12  ht32f5xxxx_exti.o(.text.EXTI_ClearEdgeFlag)
    EXTI_GetEdgeStatus                       0x000007c1   Thumb Code    32  ht32f5xxxx_exti.o(.text.EXTI_GetEdgeStatus)
    EXTI_Init                                0x000007e5   Thumb Code    24  ht32f5xxxx_exti.o(.text.EXTI_Init)
    GPIO_DirectionConfig                     0x00000801   Thumb Code    20  ht32f5xxxx_gpio.o(.text.GPIO_DirectionConfig)
    GPIO_DriveConfig                         0x00000815   Thumb Code    50  ht32f5xxxx_gpio.o(.text.GPIO_DriveConfig)
    GPIO_InputConfig                         0x00000847   Thumb Code    20  ht32f5xxxx_gpio.o(.text.GPIO_InputConfig)
    GPIO_PullResistorConfig                  0x0000085b   Thumb Code    50  ht32f5xxxx_gpio.o(.text.GPIO_PullResistorConfig)
    GPIO_ReadInBit                           0x0000088d   Thumb Code    10  ht32f5xxxx_gpio.o(.text.GPIO_ReadInBit)
    HT32F_DVB_COMInit                        0x00000899   Thumb Code    80  ht32_board.o(.text.HT32F_DVB_COMInit)
    HardFault_Handler                        0x000008ed   Thumb Code    12  ht32f5xxxx_01_it.o(.text.HardFault_Handler)
    MCTM0_IRQHandler                         0x000008fd   Thumb Code    64  al00_micro_ht32f52241.o(.text.MCTM0_IRQHandler)
    MCTM_CHBRKCTRConfig                      0x00000949   Thumb Code    42  ht32f5xxxx_mctm.o(.text.MCTM_CHBRKCTRConfig)
    MCTM_CHMOECmd                            0x00000973   Thumb Code    18  ht32f5xxxx_mctm.o(.text.MCTM_CHMOECmd)
    NMI_Handler                              0x00000985   Thumb Code     2  ht32f5xxxx_01_it.o(.text.NMI_Handler)
    NVIC_Configuration                       0x00000987   Thumb Code    12  al00_micro_ht32f52241.o(.text.NVIC_Configuration)
    NVIC_SetVectorTable                      0x000009a9   Thumb Code    12  ht32_cm0plus_misc.o(.text.NVIC_SetVectorTable)
    PendSV_Handler                           0x000009bd   Thumb Code     2  ht32f5xxxx_01_it.o(.text.PendSV_Handler)
    RETARGET_Configuration                   0x000009bf   Thumb Code    30  ht32_retarget.o(.text.RETARGET_Configuration)
    SCTM0_IRQHandler                         0x000009dd   Thumb Code    20  al00_micro_ht32f52241.o(.text.SCTM0_IRQHandler)
    SCTM1_IRQHandler                         0x000009f9   Thumb Code    20  al00_micro_ht32f52241.o(.text.SCTM1_IRQHandler)
    SVC_Handler                              0x00000a15   Thumb Code     2  ht32f5xxxx_01_it.o(.text.SVC_Handler)
    SYSTICK_ClockSourceConfig                0x00000a19   Thumb Code    24  ht32_cm0plus_misc.o(.text.SYSTICK_ClockSourceConfig)
    SYSTICK_Configuration                    0x00000a31   Thumb Code    48  al00_micro_ht32f52241.o(.text.SYSTICK_Configuration)
    SYSTICK_CounterCmd                       0x00000a65   Thumb Code    40  ht32_cm0plus_misc.o(.text.SYSTICK_CounterCmd)
    SYSTICK_IntConfig                        0x00000a8d   Thumb Code    20  ht32_cm0plus_misc.o(.text.SYSTICK_IntConfig)
    SYSTICK_SetReloadValue                   0x00000aa5   Thumb Code     8  ht32_cm0plus_misc.o(.text.SYSTICK_SetReloadValue)
    SysTick_Handler                          0x00000ab1   Thumb Code    12  al00_micro_ht32f52241.o(.text.SysTick_Handler)
    SystemInit                               0x00000abd   Thumb Code   208  system_ht32f5xxxx_02.o(.text.SystemInit)
    Systick_GetTick                          0x00000ba1   Thumb Code     8  al00_micro_ht32f52241.o(.text.Systick_GetTick)
    TM_ChannelConfig                         0x00000bad   Thumb Code    24  ht32f5xxxx_tm.o(.text.TM_ChannelConfig)
    TM_ChannelED                             0x00000bc5   Thumb Code    28  al00_micro_ht32f52241.o(.text.TM_ChannelED)
    TM_ClearFlag                             0x00000be1   Thumb Code    10  ht32f5xxxx_tm.o(.text.TM_ClearFlag)
    TM_ClearIntPendingBit                    0x00000beb   Thumb Code    10  ht32f5xxxx_tm.o(.text.TM_ClearIntPendingBit)
    TM_Cmd                                   0x00000bf5   Thumb Code    16  ht32f5xxxx_tm.o(.text.TM_Cmd)
    TM_GetCaptureCompare                     0x00000c05   Thumb Code    10  ht32f5xxxx_tm.o(.text.TM_GetCaptureCompare)
    TM_GetFlagStatus                         0x00000c0f   Thumb Code    10  ht32f5xxxx_tm.o(.text.TM_GetFlagStatus)
    TM_IntConfig                             0x00000c19   Thumb Code    20  ht32f5xxxx_tm.o(.text.TM_IntConfig)
    TM_OutputInit                            0x00000c2d   Thumb Code   172  ht32f5xxxx_tm.o(.text.TM_OutputInit)
    TM_SetCaptureCompare                     0x00000cdd   Thumb Code    10  ht32f5xxxx_tm.o(.text.TM_SetCaptureCompare)
    TM_SetCounter                            0x00000ce7   Thumb Code     6  ht32f5xxxx_tm.o(.text.TM_SetCounter)
    TM_SetCounterReload                      0x00000ced   Thumb Code     6  ht32f5xxxx_tm.o(.text.TM_SetCounterReload)
    TM_TimeBaseInit                          0x00000cf5   Thumb Code    60  ht32f5xxxx_tm.o(.text.TM_TimeBaseInit)
    USART_Init                               0x00000d35   Thumb Code    80  ht32f5xxxx_usart.o(.text.USART_Init)
    USART_TxRxCmd                            0x00000d9d   Thumb Code    24  ht32f5xxxx_usart.o(.text.USART_TxRxCmd)
    bemf_sense_set_type                      0x00000de5   Thumb Code     8  al03_motor_3phase_driver.o(.text.bemf_sense_set_type)
    bemf_zcd_disable_detection_within_time_us 0x00000ded   Thumb Code   108  al03_motor_3phase_driver.o(.text.bemf_zcd_disable_detection_within_time_us)
    blanking_timer_expired_callback          0x00000e5d   Thumb Code   160  al03_motor_3phase_driver.o(.text.blanking_timer_expired_callback)
    board_hardware_configuration             0x00000f01   Thumb Code   120  al01_board_iq_aed_rev20191011.o(.text.board_hardware_configuration)
    board_scheduler_is_time_expired          0x00000f8d   Thumb Code    20  al01_board_iq_aed_rev20191011.o(.text.board_scheduler_is_time_expired)
    board_scheduler_load_timer               0x00000fa1   Thumb Code    12  al01_board_iq_aed_rev20191011.o(.text.board_scheduler_load_timer)
    calculate_zcd_expected_default           0x00000fad   Thumb Code     8  al03_motor_3phase_driver.o(.text.calculate_zcd_expected_default)
    commutation_callback                     0x00000fb5   Thumb Code   172  al03_motor_3phase_driver.o(.text.commutation_callback)
    empty_func_to_avoid_hard_fault           0x0000107d   Thumb Code     2  al00_micro_ht32f52241.o(.text.empty_func_to_avoid_hard_fault)
    end_of_toff_pwm_callback                 0x00001081   Thumb Code    60  al03_motor_3phase_driver.o(.text.end_of_toff_pwm_callback)
    exti1_callback                           0x000010c1   Thumb Code     8  al03_motor_3phase_driver.o(.text.exti1_callback)
    exti3_callback                           0x000010c9   Thumb Code     8  al03_motor_3phase_driver.o(.text.exti3_callback)
    exti5_callback                           0x000010d1   Thumb Code     8  al03_motor_3phase_driver.o(.text.exti5_callback)
    hardware_gpio_config_edge_events_pins_load_config 0x000010d9   Thumb Code    32  al00_micro_ht32f52241.o(.text.hardware_gpio_config_edge_events_pins_load_config)
    hardware_gpio_config_hiz_pins_load_config 0x000010fd   Thumb Code    32  al00_micro_ht32f52241.o(.text.hardware_gpio_config_hiz_pins_load_config)
    hardware_gpio_config_inputs_pins_load_config 0x00001121   Thumb Code    32  al00_micro_ht32f52241.o(.text.hardware_gpio_config_inputs_pins_load_config)
    hardware_gpio_config_output_pp_pins_load_config 0x00001145   Thumb Code    32  al00_micro_ht32f52241.o(.text.hardware_gpio_config_output_pp_pins_load_config)
    hardware_gpio_event_rising_event_link_callback 0x0000116d   Thumb Code    20  al00_micro_ht32f52241.o(.text.hardware_gpio_event_rising_event_link_callback)
    hardware_htim_link_callback              0x00001185   Thumb Code    24  al00_micro_ht32f52241.o(.text.hardware_htim_link_callback)
    hardware_pwm_break_function_link_callback 0x000011ad   Thumb Code     8  al00_micro_ht32f52241.o(.text.hardware_pwm_break_function_link_callback)
    hardware_pwm_end_toff_link_callback      0x000011b9   Thumb Code     8  al00_micro_ht32f52241.o(.text.hardware_pwm_end_toff_link_callback)
    hardware_pwm_get_ton_us                  0x000011c5   Thumb Code    20  al00_micro_ht32f52241.o(.text.hardware_pwm_get_ton_us)
    hardware_pwm_set_counter_to_toff         0x000011d9   Thumb Code    36  al00_micro_ht32f52241.o(.text.hardware_pwm_set_counter_to_toff)
    hardware_pwm_set_period_us               0x00001201   Thumb Code    28  al00_micro_ht32f52241.o(.text.hardware_pwm_set_period_us)
    hardware_pwm_set_sense_on_toff_before_ton_us 0x00001225   Thumb Code     8  al00_micro_ht32f52241.o(.text.hardware_pwm_set_sense_on_toff_before_ton_us)
    hardware_pwm_set_toff_us                 0x0000122d   Thumb Code    92  al00_micro_ht32f52241.o(.text.hardware_pwm_set_toff_us)
    hardware_pwm_set_ton_us                  0x00001289   Thumb Code   148  al00_micro_ht32f52241.o(.text.hardware_pwm_set_ton_us)
    hardware_pwm_start_with_ton              0x00001325   Thumb Code    24  al00_micro_ht32f52241.o(.text.hardware_pwm_start_with_ton)
    inverter_3phase_comm_next_seq            0x00001341   Thumb Code    60  al02_inverter_3phase.o(.text.inverter_3phase_comm_next_seq)
    inverter_3phase_comm_set_seq             0x0000137d   Thumb Code   680  al02_inverter_3phase.o(.text.inverter_3phase_comm_set_seq)
    inverter_3phase_get_actual_bemf_out      0x00001635   Thumb Code    36  al02_inverter_3phase.o(.text.inverter_3phase_get_actual_bemf_out)
    inverter_3phase_get_actual_bemf_slope    0x00001659   Thumb Code    28  al02_inverter_3phase.o(.text.inverter_3phase_get_actual_bemf_slope)
    inverter_3phase_init_config              0x00001679   Thumb Code    76  al02_inverter_3phase.o(.text.inverter_3phase_init_config)
    inverter_3phase_set_comm_direction       0x000016c9   Thumb Code    20  al02_inverter_3phase.o(.text.inverter_3phase_set_comm_direction)
    link_zcd_expected_calculate_function     0x000016e1   Thumb Code     8  al03_motor_3phase_driver.o(.text.link_zcd_expected_calculate_function)
    main                                     0x000016ed   Thumb Code    28  main.o(.text.main)
    micro_config                             0x000017a9   Thumb Code    48  al00_micro_ht32f52241.o(.text.micro_config)
    motor_3phase_abort_motor                 0x00001cc1   Thumb Code   144  al03_motor_3phase_driver.o(.text.motor_3phase_abort_motor)
    motor_3phase_init                        0x00001d59   Thumb Code   128  al03_motor_3phase_driver.o(.text.motor_3phase_init)
    motor_3phase_set_motor_direction         0x00001e01   Thumb Code    32  al03_motor_3phase_driver.o(.text.motor_3phase_set_motor_direction)
    motor_3phase_set_pwm_ton_us_set_point    0x00001e21   Thumb Code    40  al03_motor_3phase_driver.o(.text.motor_3phase_set_pwm_ton_us_set_point)
    motor_3phase_start_motor                 0x00001e49   Thumb Code    32  al03_motor_3phase_driver.o(.text.motor_3phase_start_motor)
    motor_3phase_starting_state_machine      0x00001e69   Thumb Code   468  al03_motor_3phase_driver.o(.text.motor_3phase_starting_state_machine)
    motor_3phase_task                        0x00002069   Thumb Code    28  al03_motor_3phase_driver.o(.text.motor_3phase_task)
    motor_watchdog_callback                  0x00002085   Thumb Code    12  al03_motor_3phase_driver.o(.text.motor_watchdog_callback)
    zcd_event                                0x00002091   Thumb Code    52  al03_motor_3phase_driver.o(.text.zcd_event)
    zcd_event_correct_timing_comm            0x000020c9   Thumb Code   128  al03_motor_3phase_driver.o(.text.zcd_event_correct_timing_comm)
    zcd_event_first_steps_state              0x00002155   Thumb Code   176  al03_motor_3phase_driver.o(.text.zcd_event_first_steps_state)
    zcd_event_freewheel_period_measure       0x00002211   Thumb Code   324  al03_motor_3phase_driver.o(.text.zcd_event_freewheel_period_measure)
    __scatterload_copy                       0x00002375   Thumb Code    14  handlers.o(i.__scatterload_copy)
    __scatterload_null                       0x00002383   Thumb Code     2  handlers.o(i.__scatterload_null)
    __scatterload_zeroinit                   0x00002385   Thumb Code    14  handlers.o(i.__scatterload_zeroinit)
    Region$$Table$$Base                      0x000023a0   Number         0  anon$$obj.o(Region$$Table)
    Region$$Table$$Limit                     0x000023c0   Number         0  anon$$obj.o(Region$$Table)
    SystemCoreClock                          0x20000000   Data           4  system_ht32f5xxxx_02.o(.data.SystemCoreClock)
    func_ptr_callback_bftm0                  0x20000004   Data           4  al00_micro_ht32f52241.o(.data.func_ptr_callback_bftm0)
    func_ptr_callback_bftm1                  0x20000008   Data           4  al00_micro_ht32f52241.o(.data.func_ptr_callback_bftm1)
    func_ptr_callback_falling_exti           0x2000000c   Data          64  al00_micro_ht32f52241.o(.data.func_ptr_callback_falling_exti)
    func_ptr_callback_pwm_break              0x2000004c   Data           4  al00_micro_ht32f52241.o(.data.func_ptr_callback_pwm_break)
    func_ptr_callback_pwm_end_toff           0x20000050   Data           4  al00_micro_ht32f52241.o(.data.func_ptr_callback_pwm_end_toff)
    func_ptr_callback_rising_exti            0x20000054   Data          64  al00_micro_ht32f52241.o(.data.func_ptr_callback_rising_exti)
    func_ptr_callback_sctm0                  0x20000094   Data           4  al00_micro_ht32f52241.o(.data.func_ptr_callback_sctm0)
    func_ptr_callback_sctm1                  0x20000098   Data           4  al00_micro_ht32f52241.o(.data.func_ptr_callback_sctm1)
    calculate_zcd_expected                   0x200000b0   Data           4  al03_motor_3phase_driver.o(.bss.calculate_zcd_expected)
    __HT_check_sp                            0x20000150   Data           0  startup_ht32f5xxxx_01.o(STACK)
    __initial_sp                             0x20000350   Data           0  startup_ht32f5xxxx_01.o(STACK)



==============================================================================

Memory Map of the image

  Image Entry point : 0x000000ad

  Load Region LR_1 (Base: 0x00000000, Size: 0x00002464, Max: 0xffffffff, ABSOLUTE)

    Execution Region ER_RO (Exec base: 0x00000000, Load base: 0x00000000, Size: 0x000023c0, Max: 0xffffffff, ABSOLUTE)

    Exec Addr    Load Addr    Size         Type   Attr      Idx    E Section Name        Object

    0x00000000   0x00000000   0x00000150   Code   RO          361  * RESET               startup_ht32f5xxxx_01.o
    0x00000150   0x00000150   0x00000000   Code   RO         1314  * .ARM.Collect$$$$00000000  mc_p.l(entry.o)
    0x00000150   0x00000150   0x00000004   Code   RO         1592    .ARM.Collect$$$$00000001  mc_p.l(entry2.o)
    0x00000154   0x00000154   0x00000004   Code   RO         1595    .ARM.Collect$$$$00000004  mc_p.l(entry5.o)
    0x00000158   0x00000158   0x00000000   Code   RO         1597    .ARM.Collect$$$$00000008  mc_p.l(entry7b.o)
    0x00000158   0x00000158   0x00000000   Code   RO         1599    .ARM.Collect$$$$0000000A  mc_p.l(entry8b.o)
    0x00000158   0x00000158   0x00000008   Code   RO         1600    .ARM.Collect$$$$0000000B  mc_p.l(entry9a.o)
    0x00000160   0x00000160   0x00000000   Code   RO         1602    .ARM.Collect$$$$0000000D  mc_p.l(entry10a.o)
    0x00000160   0x00000160   0x00000000   Code   RO         1604    .ARM.Collect$$$$0000000F  mc_p.l(entry11a.o)
    0x00000160   0x00000160   0x00000004   Code   RO         1593    .ARM.Collect$$$$00002712  mc_p.l(entry2.o)
    0x00000164   0x00000164   0x0000003e   Code   RO         1611    .text               mc_p.l(uidiv_div0.o)
    0x000001a2   0x000001a2   0x00000002   PAD
    0x000001a4   0x000001a4   0x00000024   Code   RO         1630    .text               mc_p.l(init.o)
    0x000001c8   0x000001c8   0x00000012   Code   RO          406    .text.ADC_Cmd       ht32f5xxxx_adc.o
    0x000001da   0x000001da   0x0000001c   Code   RO          412    .text.ADC_RegularChannelConfig  ht32f5xxxx_adc.o
    0x000001f6   0x000001f6   0x00000002   PAD
    0x000001f8   0x000001f8   0x00000024   Code   RO          410    .text.ADC_RegularGroupConfig  ht32f5xxxx_adc.o
    0x0000021c   0x0000021c   0x0000000a   Code   RO          414    .text.ADC_RegularTrigConfig  ht32f5xxxx_adc.o
    0x00000226   0x00000226   0x00000004   Code   RO          408    .text.ADC_SamplingTimeConfig  ht32f5xxxx_adc.o
    0x0000022a   0x0000022a   0x00000010   Code   RO          416    .text.ADC_SoftwareStartConvCmd  ht32f5xxxx_adc.o
    0x0000023a   0x0000023a   0x00000002   PAD
    0x0000023c   0x0000023c   0x00000030   Code   RO          668    .text.AFIO_EXTISourceConfig  ht32f5xxxx_gpio.o
    0x0000026c   0x0000026c   0x00000068   Code   RO          664    .text.AFIO_GPxConfig  ht32f5xxxx_gpio.o
    0x000002d4   0x000002d4   0x00000018   Code   RO          101    .text.BFTM0_IRQHandler  al00_micro_ht32f52241.o
    0x000002ec   0x000002ec   0x00000018   Code   RO          103    .text.BFTM1_IRQHandler  al00_micro_ht32f52241.o
    0x00000304   0x00000304   0x0000000e   Code   RO          460    .text.BFTM_ClearFlag  ht32f5xxxx_bftm.o
    0x00000312   0x00000312   0x00000012   Code   RO          444    .text.BFTM_EnaCmd   ht32f5xxxx_bftm.o
    0x00000324   0x00000324   0x00000004   Code   RO          452    .text.BFTM_GetCounter  ht32f5xxxx_bftm.o
    0x00000328   0x00000328   0x00000010   Code   RO          456    .text.BFTM_IntConfig  ht32f5xxxx_bftm.o
    0x00000338   0x00000338   0x00000012   Code   RO          454    .text.BFTM_OneShotModeCmd  ht32f5xxxx_bftm.o
    0x0000034a   0x0000034a   0x00000004   Code   RO          446    .text.BFTM_SetCompare  ht32f5xxxx_bftm.o
    0x0000034e   0x0000034e   0x00000004   Code   RO          450    .text.BFTM_SetCounter  ht32f5xxxx_bftm.o
    0x00000352   0x00000352   0x00000002   PAD
    0x00000354   0x00000354   0x00000018   Code   RO           81    .text.CKCU_Configuration  al00_micro_ht32f52241.o
    0x0000036c   0x0000036c   0x0000006c   Code   RO          494    .text.CKCU_GetClocksFrequency  ht32f5xxxx_ckcu.o
    0x000003d8   0x000003d8   0x00000044   Code   RO          496    .text.CKCU_GetPLLFrequency  ht32f5xxxx_ckcu.o
    0x0000041c   0x0000041c   0x00000034   Code   RO          500    .text.CKCU_GetPeripFrequency  ht32f5xxxx_ckcu.o
    0x00000450   0x00000450   0x00000038   Code   RO          526    .text.CKCU_PeripClockConfig  ht32f5xxxx_ckcu.o
    0x00000488   0x00000488   0x00000018   Code   RO          492    .text.CKCU_SetADCPrescaler  ht32f5xxxx_ckcu.o
    0x000004a0   0x000004a0   0x00000064   Code   RO          107    .text.EXTI0_1_IRQHandler  al00_micro_ht32f52241.o
    0x00000504   0x00000504   0x00000064   Code   RO          109    .text.EXTI2_3_IRQHandler  al00_micro_ht32f52241.o
    0x00000568   0x00000568   0x0000024c   Code   RO          111    .text.EXTI4_15_IRQHandler  al00_micro_ht32f52241.o
    0x000007b4   0x000007b4   0x0000000c   Code   RO          572    .text.EXTI_ClearEdgeFlag  ht32f5xxxx_exti.o
    0x000007c0   0x000007c0   0x00000024   Code   RO          578    .text.EXTI_GetEdgeStatus  ht32f5xxxx_exti.o
    0x000007e4   0x000007e4   0x0000001c   Code   RO          564    .text.EXTI_Init     ht32f5xxxx_exti.o
    0x00000800   0x00000800   0x00000014   Code   RO          630    .text.GPIO_DirectionConfig  ht32f5xxxx_gpio.o
    0x00000814   0x00000814   0x00000032   Code   RO          636    .text.GPIO_DriveConfig  ht32f5xxxx_gpio.o
    0x00000846   0x00000846   0x00000014   Code   RO          634    .text.GPIO_InputConfig  ht32f5xxxx_gpio.o
    0x0000085a   0x0000085a   0x00000032   Code   RO          632    .text.GPIO_PullResistorConfig  ht32f5xxxx_gpio.o
    0x0000088c   0x0000088c   0x0000000a   Code   RO          640    .text.GPIO_ReadInBit  ht32f5xxxx_gpio.o
    0x00000896   0x00000896   0x00000002   PAD
    0x00000898   0x00000898   0x00000054   Code   RO         1181    .text.HT32F_DVB_COMInit  ht32_board.o
    0x000008ec   0x000008ec   0x00000010   Code   RO           13    .text.HardFault_Handler  ht32f5xxxx_01_it.o
    0x000008fc   0x000008fc   0x0000004c   Code   RO           45    .text.MCTM0_IRQHandler  al00_micro_ht32f52241.o
    0x00000948   0x00000948   0x0000002a   Code   RO          746    .text.MCTM_CHBRKCTRConfig  ht32f5xxxx_mctm.o
    0x00000972   0x00000972   0x00000012   Code   RO          744    .text.MCTM_CHMOECmd  ht32f5xxxx_mctm.o
    0x00000984   0x00000984   0x00000002   Code   RO           11    .text.NMI_Handler   ht32f5xxxx_01_it.o
    0x00000986   0x00000986   0x0000000c   Code   RO           79    .text.NVIC_Configuration  al00_micro_ht32f52241.o
    0x00000992   0x00000992   0x00000002   PAD
    0x00000994   0x00000994   0x00000014   Code   RO          121    .text.NVIC_EnableIRQ  al00_micro_ht32f52241.o
    0x000009a8   0x000009a8   0x00000014   Code   RO          372    .text.NVIC_SetVectorTable  ht32_cm0plus_misc.o
    0x000009bc   0x000009bc   0x00000002   Code   RO           17    .text.PendSV_Handler  ht32f5xxxx_01_it.o
    0x000009be   0x000009be   0x0000001e   Code   RO         1132    .text.RETARGET_Configuration  ht32_retarget.o
    0x000009dc   0x000009dc   0x0000001c   Code   RO           73    .text.SCTM0_IRQHandler  al00_micro_ht32f52241.o
    0x000009f8   0x000009f8   0x0000001c   Code   RO           75    .text.SCTM1_IRQHandler  al00_micro_ht32f52241.o
    0x00000a14   0x00000a14   0x00000002   Code   RO           15    .text.SVC_Handler   ht32f5xxxx_01_it.o
    0x00000a16   0x00000a16   0x00000002   PAD
    0x00000a18   0x00000a18   0x00000018   Code   RO          378    .text.SYSTICK_ClockSourceConfig  ht32_cm0plus_misc.o
    0x00000a30   0x00000a30   0x00000034   Code   RO           85    .text.SYSTICK_Configuration  al00_micro_ht32f52241.o
    0x00000a64   0x00000a64   0x00000028   Code   RO          380    .text.SYSTICK_CounterCmd  ht32_cm0plus_misc.o
    0x00000a8c   0x00000a8c   0x00000018   Code   RO          382    .text.SYSTICK_IntConfig  ht32_cm0plus_misc.o
    0x00000aa4   0x00000aa4   0x0000000c   Code   RO          384    .text.SYSTICK_SetReloadValue  ht32_cm0plus_misc.o
    0x00000ab0   0x00000ab0   0x0000000c   Code   RO           31    .text.SysTick_Handler  al00_micro_ht32f52241.o
    0x00000abc   0x00000abc   0x000000e4   Code   RO          347    .text.SystemInit    system_ht32f5xxxx_02.o
    0x00000ba0   0x00000ba0   0x0000000c   Code   RO           29    .text.Systick_GetTick  al00_micro_ht32f52241.o
    0x00000bac   0x00000bac   0x00000018   Code   RO          972    .text.TM_ChannelConfig  ht32f5xxxx_tm.o
    0x00000bc4   0x00000bc4   0x0000001c   Code   RO          117    .text.TM_ChannelED  al00_micro_ht32f52241.o
    0x00000be0   0x00000be0   0x0000000a   Code   RO         1010    .text.TM_ClearFlag  ht32f5xxxx_tm.o
    0x00000bea   0x00000bea   0x0000000a   Code   RO         1016    .text.TM_ClearIntPendingBit  ht32f5xxxx_tm.o
    0x00000bf4   0x00000bf4   0x00000010   Code   RO          942    .text.TM_Cmd        ht32f5xxxx_tm.o
    0x00000c04   0x00000c04   0x0000000a   Code   RO         1000    .text.TM_GetCaptureCompare  ht32f5xxxx_tm.o
    0x00000c0e   0x00000c0e   0x0000000a   Code   RO         1008    .text.TM_GetFlagStatus  ht32f5xxxx_tm.o
    0x00000c18   0x00000c18   0x00000014   Code   RO         1012    .text.TM_IntConfig  ht32f5xxxx_tm.o
    0x00000c2c   0x00000c2c   0x000000b0   Code   RO          926    .text.TM_OutputInit  ht32f5xxxx_tm.o
    0x00000cdc   0x00000cdc   0x0000000a   Code   RO          994    .text.TM_SetCaptureCompare  ht32f5xxxx_tm.o
    0x00000ce6   0x00000ce6   0x00000006   Code   RO          990    .text.TM_SetCounter  ht32f5xxxx_tm.o
    0x00000cec   0x00000cec   0x00000006   Code   RO          992    .text.TM_SetCounterReload  ht32f5xxxx_tm.o
    0x00000cf2   0x00000cf2   0x00000002   PAD
    0x00000cf4   0x00000cf4   0x00000040   Code   RO          924    .text.TM_TimeBaseInit  ht32f5xxxx_tm.o
    0x00000d34   0x00000d34   0x00000068   Code   RO         1030    .text.USART_Init    ht32f5xxxx_usart.o
    0x00000d9c   0x00000d9c   0x00000018   Code   RO         1044    .text.USART_TxRxCmd  ht32f5xxxx_usart.o
    0x00000db4   0x00000db4   0x00000030   Code   RO          119    .text._HT32F_DVB_ClockConfig  al00_micro_ht32f52241.o
    0x00000de4   0x00000de4   0x00000008   Code   RO          290    .text.bemf_sense_set_type  al03_motor_3phase_driver.o
    0x00000dec   0x00000dec   0x00000070   Code   RO          292    .text.bemf_zcd_disable_detection_within_time_us  al03_motor_3phase_driver.o
    0x00000e5c   0x00000e5c   0x000000a4   Code   RO          262    .text.blanking_timer_expired_callback  al03_motor_3phase_driver.o
    0x00000f00   0x00000f00   0x0000008c   Code   RO          163    .text.board_hardware_configuration  al01_board_iq_aed_rev20191011.o
    0x00000f8c   0x00000f8c   0x00000014   Code   RO          167    .text.board_scheduler_is_time_expired  al01_board_iq_aed_rev20191011.o
    0x00000fa0   0x00000fa0   0x0000000c   Code   RO          165    .text.board_scheduler_load_timer  al01_board_iq_aed_rev20191011.o
    0x00000fac   0x00000fac   0x00000008   Code   RO          278    .text.calculate_zcd_expected_default  al03_motor_3phase_driver.o
    0x00000fb4   0x00000fb4   0x000000c0   Code   RO          274    .text.commutation_callback  al03_motor_3phase_driver.o
    0x00001074   0x00001074   0x00000008   Code   RO          210    .text.current_sensor_i_peak_callback  al02_inverter_3phase.o
    0x0000107c   0x0000107c   0x00000002   Code   RO           27    .text.empty_func_to_avoid_hard_fault  al00_micro_ht32f52241.o
    0x0000107e   0x0000107e   0x00000002   PAD
    0x00001080   0x00001080   0x00000040   Code   RO          264    .text.end_of_toff_pwm_callback  al03_motor_3phase_driver.o
    0x000010c0   0x000010c0   0x00000008   Code   RO          266    .text.exti1_callback  al03_motor_3phase_driver.o
    0x000010c8   0x000010c8   0x00000008   Code   RO          270    .text.exti3_callback  al03_motor_3phase_driver.o
    0x000010d0   0x000010d0   0x00000008   Code   RO          268    .text.exti5_callback  al03_motor_3phase_driver.o
    0x000010d8   0x000010d8   0x00000024   Code   RO           37    .text.hardware_gpio_config_edge_events_pins_load_config  al00_micro_ht32f52241.o
    0x000010fc   0x000010fc   0x00000024   Code   RO           35    .text.hardware_gpio_config_hiz_pins_load_config  al00_micro_ht32f52241.o
    0x00001120   0x00001120   0x00000024   Code   RO           39    .text.hardware_gpio_config_inputs_pins_load_config  al00_micro_ht32f52241.o
    0x00001144   0x00001144   0x00000028   Code   RO           33    .text.hardware_gpio_config_output_pp_pins_load_config  al00_micro_ht32f52241.o
    0x0000116c   0x0000116c   0x00000018   Code   RO          113    .text.hardware_gpio_event_rising_event_link_callback  al00_micro_ht32f52241.o
    0x00001184   0x00001184   0x00000028   Code   RO          105    .text.hardware_htim_link_callback  al00_micro_ht32f52241.o
    0x000011ac   0x000011ac   0x0000000c   Code   RO           43    .text.hardware_pwm_break_function_link_callback  al00_micro_ht32f52241.o
    0x000011b8   0x000011b8   0x0000000c   Code   RO           41    .text.hardware_pwm_end_toff_link_callback  al00_micro_ht32f52241.o
    0x000011c4   0x000011c4   0x00000014   Code   RO           53    .text.hardware_pwm_get_ton_us  al00_micro_ht32f52241.o
    0x000011d8   0x000011d8   0x00000028   Code   RO           65    .text.hardware_pwm_set_counter_to_toff  al00_micro_ht32f52241.o
    0x00001200   0x00001200   0x00000024   Code   RO           47    .text.hardware_pwm_set_period_us  al00_micro_ht32f52241.o
    0x00001224   0x00001224   0x00000008   Code   RO           59    .text.hardware_pwm_set_sense_on_toff_before_ton_us  al00_micro_ht32f52241.o
    0x0000122c   0x0000122c   0x0000005c   Code   RO           55    .text.hardware_pwm_set_toff_us  al00_micro_ht32f52241.o
    0x00001288   0x00001288   0x0000009c   Code   RO           51    .text.hardware_pwm_set_ton_us  al00_micro_ht32f52241.o
    0x00001324   0x00001324   0x0000001c   Code   RO           61    .text.hardware_pwm_start_with_ton  al00_micro_ht32f52241.o
    0x00001340   0x00001340   0x0000003c   Code   RO          216    .text.inverter_3phase_comm_next_seq  al02_inverter_3phase.o
    0x0000137c   0x0000137c   0x000002b8   Code   RO          212    .text.inverter_3phase_comm_set_seq  al02_inverter_3phase.o
    0x00001634   0x00001634   0x00000024   Code   RO          232    .text.inverter_3phase_get_actual_bemf_out  al02_inverter_3phase.o
    0x00001658   0x00001658   0x00000020   Code   RO          230    .text.inverter_3phase_get_actual_bemf_slope  al02_inverter_3phase.o
    0x00001678   0x00001678   0x00000050   Code   RO          208    .text.inverter_3phase_init_config  al02_inverter_3phase.o
    0x000016c8   0x000016c8   0x00000018   Code   RO          218    .text.inverter_3phase_set_comm_direction  al02_inverter_3phase.o
    0x000016e0   0x000016e0   0x0000000c   Code   RO          276    .text.link_zcd_expected_calculate_function  al03_motor_3phase_driver.o
    0x000016ec   0x000016ec   0x00000020   Code   RO            2    .text.main          main.o
    0x0000170c   0x0000170c   0x0000009c   Code   RO           99    .text.micro_adc_config  al00_micro_ht32f52241.o
    0x000017a8   0x000017a8   0x00000030   Code   RO           77    .text.micro_config  al00_micro_ht32f52241.o
    0x000017d8   0x000017d8   0x00000190   Code   RO           93    .text.micro_gpios_edge_events_config  al00_micro_ht32f52241.o
    0x00001968   0x00001968   0x00000070   Code   RO           91    .text.micro_gpios_hiz_config  al00_micro_ht32f52241.o
    0x000019d8   0x000019d8   0x00000074   Code   RO           89    .text.micro_gpios_inputs_pullup_config  al00_micro_ht32f52241.o
    0x00001a4c   0x00001a4c   0x00000080   Code   RO           87    .text.micro_gpios_outputs_pp_config  al00_micro_ht32f52241.o
    0x00001acc   0x00001acc   0x0000011c   Code   RO           95    .text.micro_pwm_config  al00_micro_ht32f52241.o
    0x00001be8   0x00001be8   0x000000d8   Code   RO           97    .text.micro_timers_config  al00_micro_ht32f52241.o
    0x00001cc0   0x00001cc0   0x00000098   Code   RO          286    .text.motor_3phase_abort_motor  al03_motor_3phase_driver.o
    0x00001d58   0x00001d58   0x000000a8   Code   RO          260    .text.motor_3phase_init  al03_motor_3phase_driver.o
    0x00001e00   0x00001e00   0x00000020   Code   RO          254    .text.motor_3phase_set_motor_direction  al03_motor_3phase_driver.o
    0x00001e20   0x00001e20   0x00000028   Code   RO          248    .text.motor_3phase_set_pwm_ton_us_set_point  al03_motor_3phase_driver.o
    0x00001e48   0x00001e48   0x00000020   Code   RO          284    .text.motor_3phase_start_motor  al03_motor_3phase_driver.o
    0x00001e68   0x00001e68   0x00000200   Code   RO          282    .text.motor_3phase_starting_state_machine  al03_motor_3phase_driver.o
    0x00002068   0x00002068   0x0000001c   Code   RO          280    .text.motor_3phase_task  al03_motor_3phase_driver.o
    0x00002084   0x00002084   0x0000000c   Code   RO          272    .text.motor_watchdog_callback  al03_motor_3phase_driver.o
    0x00002090   0x00002090   0x00000038   Code   RO          300    .text.zcd_event     al03_motor_3phase_driver.o
    0x000020c8   0x000020c8   0x0000008c   Code   RO          298    .text.zcd_event_correct_timing_comm  al03_motor_3phase_driver.o
    0x00002154   0x00002154   0x000000bc   Code   RO          294    .text.zcd_event_first_steps_state  al03_motor_3phase_driver.o
    0x00002210   0x00002210   0x00000164   Code   RO          296    .text.zcd_event_freewheel_period_measure  al03_motor_3phase_driver.o
    0x00002374   0x00002374   0x0000000e   Code   RO         1644    i.__scatterload_copy  mc_p.l(handlers.o)
    0x00002382   0x00002382   0x00000002   Code   RO         1645    i.__scatterload_null  mc_p.l(handlers.o)
    0x00002384   0x00002384   0x0000000e   Code   RO         1646    i.__scatterload_zeroinit  mc_p.l(handlers.o)
    0x00002392   0x00002392   0x00000002   PAD
    0x00002394   0x00002394   0x0000000c   Data   RO          132    .rodata.GPIO_PORTs  al00_micro_ht32f52241.o
    0x000023a0   0x000023a0   0x00000020   Data   RO         1643    Region$$Table       anon$$obj.o


    Execution Region ER_RW (Exec base: 0x20000000, Load base: 0x000023c0, Size: 0x000000a4, Max: 0xffffffff, ABSOLUTE)

    Exec Addr    Load Addr    Size         Type   Attr      Idx    E Section Name        Object

    0x20000000   0x000023c0   0x00000004   Data   RW          351    .data.SystemCoreClock  system_ht32f5xxxx_02.o
    0x20000004   0x000023c4   0x00000004   Data   RW          125    .data.func_ptr_callback_bftm0  al00_micro_ht32f52241.o
    0x20000008   0x000023c8   0x00000004   Data   RW          126    .data.func_ptr_callback_bftm1  al00_micro_ht32f52241.o
    0x2000000c   0x000023cc   0x00000040   Data   RW          124    .data.func_ptr_callback_falling_exti  al00_micro_ht32f52241.o
    0x2000004c   0x0000240c   0x00000004   Data   RW          130    .data.func_ptr_callback_pwm_break  al00_micro_ht32f52241.o
    0x20000050   0x00002410   0x00000004   Data   RW          129    .data.func_ptr_callback_pwm_end_toff  al00_micro_ht32f52241.o
    0x20000054   0x00002414   0x00000040   Data   RW          123    .data.func_ptr_callback_rising_exti  al00_micro_ht32f52241.o
    0x20000094   0x00002454   0x00000004   Data   RW          127    .data.func_ptr_callback_sctm0  al00_micro_ht32f52241.o
    0x20000098   0x00002458   0x00000004   Data   RW          128    .data.func_ptr_callback_sctm1  al00_micro_ht32f52241.o
    0x2000009c   0x0000245c   0x00000004   Data   RW          234    .data.inverter_actual_comm_seq  al02_inverter_3phase.o
    0x200000a0   0x00002460   0x00000004   Data   RW          137    .data.pwm_time_before_ton_start_us  al00_micro_ht32f52241.o


    Execution Region ER_ZI (Exec base: 0x200000a8, Load base: 0x00002464, Size: 0x000002a8, Max: 0xffffffff, ABSOLUTE)

    Exec Addr    Load Addr    Size         Type   Attr      Idx    E Section Name        Object

    0x200000a8        -       0x00000004   Zero   RW           19    .bss.HardFault_Handler.gIsContinue  ht32f5xxxx_01_it.o
    0x200000ac        -       0x00000004   Zero   RW          131    .bss.TickCount      al00_micro_ht32f52241.o
    0x200000b0        -       0x00000004   Zero   RW          311    .bss.calculate_zcd_expected  al03_motor_3phase_driver.o
    0x200000b4        -       0x0000000c   Zero   RW          135    .bss.gpio_config_edge_events_pins  al00_micro_ht32f52241.o
    0x200000c0        -       0x0000000c   Zero   RW          134    .bss.gpio_config_hiz_pins  al00_micro_ht32f52241.o
    0x200000cc        -       0x0000000c   Zero   RW          136    .bss.gpio_config_inputs_pins  al00_micro_ht32f52241.o
    0x200000d8        -       0x0000000c   Zero   RW          133    .bss.gpio_config_output_pp_pins  al00_micro_ht32f52241.o
    0x200000e4        -       0x00000054   Zero   RW          306    .bss.gv             al03_motor_3phase_driver.o
    0x20000138        -       0x00000004   Zero   RW          235    .bss.inverter_comm_direction  al02_inverter_3phase.o
    0x2000013c        -       0x00000004   Zero   RW          308    .bss.motor_3phase_starting_state_machine.timer_alineacion  al03_motor_3phase_driver.o
    0x20000140        -       0x00000004   Zero   RW          307    .bss.motor_3phase_starting_state_machine.timer_bootstrap  al03_motor_3phase_driver.o
    0x20000144        -       0x00000004   Zero   RW          309    .bss.motor_3phase_starting_state_machine.timer_ramp  al03_motor_3phase_driver.o
    0x20000148        -       0x00000004   Zero   RW          310    .bss.motor_3phase_starting_state_machine.timer_to_running  al03_motor_3phase_driver.o
    0x2000014c   0x00002464   0x00000004   PAD
    0x20000150        -       0x00000200   Zero   RW          359    STACK               startup_ht32f5xxxx_01.o


==============================================================================

Image component sizes


      Code (inc. data)   RO Data    RW Data    ZI Data      Debug   Object Name

      3254        264         12        156         52      18795   al00_micro_ht32f52241.o
       172         20          0          0          0       2371   al01_board_iq_aed_rev20191011.o
       936        156          0          4          4       4876   al02_inverter_3phase.o
      2300        196          0          0        104       8839   al03_motor_3phase_driver.o
        84          4          0          0          0      11945   ht32_board.o
       120         16          0          0          0       3725   ht32_cm0plus_misc.o
        30          0          0          0          0       2164   ht32_retarget.o
        22          4          0          0          4        835   ht32f5xxxx_01_it.o
       112          4          0          0          0       5789   ht32f5xxxx_adc.o
        78          0          0          0          0       3780   ht32f5xxxx_bftm.o
       308         36          0          0          0      12498   ht32f5xxxx_ckcu.o
        76          8          0          0          0       4720   ht32f5xxxx_exti.o
       302          8          0          0          0      11363   ht32f5xxxx_gpio.o
        60          0          0          0          0       3854   ht32f5xxxx_mctm.o
       362          8          0          0          0      17482   ht32f5xxxx_tm.o
       128         24          0          0          0       8851   ht32f5xxxx_usart.o
        32          4          0          0          0       1520   main.o
       336        218          0          0        512        688   startup_ht32f5xxxx_01.o
       228         20          0          4          0       2638   system_ht32f5xxxx_02.o

    ----------------------------------------------------------------------
      8956        990         44        164        680     126733   Object Totals
         0          0         32          0          0          0   (incl. Generated)
        16          0          0          0          4          0   (incl. Padding)

    ----------------------------------------------------------------------

      Code (inc. data)   RO Data    RW Data    ZI Data      Debug   Library Member Name

         0          0          0          0          0          0   entry.o
         0          0          0          0          0          0   entry10a.o
         0          0          0          0          0          0   entry11a.o
         8          4          0          0          0          0   entry2.o
         4          0          0          0          0          0   entry5.o
         0          0          0          0          0          0   entry7b.o
         0          0          0          0          0          0   entry8b.o
         8          4          0          0          0          0   entry9a.o
        30          0          0          0          0          0   handlers.o
        36          8          0          0          0         68   init.o
        62          0          0          0          0         72   uidiv_div0.o

    ----------------------------------------------------------------------
       152         16          0          0          0        140   Library Totals
         4          0          0          0          0          0   (incl. Padding)

    ----------------------------------------------------------------------

      Code (inc. data)   RO Data    RW Data    ZI Data      Debug   Library Name

       148         16          0          0          0        140   mc_p.l

    ----------------------------------------------------------------------
       152         16          0          0          0        140   Library Totals

    ----------------------------------------------------------------------

==============================================================================


      Code (inc. data)   RO Data    RW Data    ZI Data      Debug   

      9108       1006         44        164        680     126753   Grand Totals
      9108       1006         44        164        680     126753   ELF Image Totals
      9108       1006         44        164          0          0   ROM Totals

==============================================================================

    Total RO  Size (Code + RO Data)                 9152 (   8.94kB)
    Total RW  Size (RW Data + ZI Data)               844 (   0.82kB)
    Total ROM Size (Code + RO Data + RW Data)       9316 (   9.10kB)

==============================================================================

